Component: ARM Compiler 6.16 Tool: armlink [5dfeaa00]

==============================================================================

Section Cross References

    main.o(.text.HAL_GetTick) refers to rtx_kernel.o(.text.osKernelGetState) for osKernelGetState
    main.o(.text.HAL_GetTick) refers to rtx_kernel.o(.text.osKernelGetTickCount) for osKernelGetTickCount
    main.o(.text.HAL_GetTick) refers to system_stm32f4xx.o(.data.SystemCoreClock) for SystemCoreClock
    main.o(.text.HAL_GetTick) refers to main.o(.bss.HAL_GetTick.ticks) for HAL_GetTick.ticks
    main.o(.ARM.exidx.text.HAL_GetTick) refers to main.o(.text.HAL_GetTick) for [Anonymous Symbol]
    main.o(.text.main) refers to stm32f4xx_hal.o(.text.HAL_Init) for HAL_Init
    main.o(.text.main) refers to main.o(.text.SystemClock_Config) for SystemClock_Config
    main.o(.text.main) refers to system_stm32f4xx.o(.text.SystemCoreClockUpdate) for SystemCoreClockUpdate
    main.o(.text.main) refers to rtx_kernel.o(.text.osKernelInitialize) for osKernelInitialize
    main.o(.text.main) refers to thleds.o(.text.Init_ThLED) for Init_ThLED
    main.o(.text.main) refers to thlcd.o(.text.Init_Thread2) for Init_Thread2
    main.o(.text.main) refers to rtc.o(.text.Init_ThRTC) for Init_ThRTC
    main.o(.text.main) refers to rtx_kernel.o(.text.osKernelStart) for osKernelStart
    main.o(.ARM.exidx.text.main) refers to main.o(.text.main) for [Anonymous Symbol]
    main.o(.text.SystemClock_Config) refers to stm32f4xx_hal_rcc.o(.text.HAL_RCC_OscConfig) for HAL_RCC_OscConfig
    main.o(.text.SystemClock_Config) refers to main.o(.text.Error_Handler) for Error_Handler
    main.o(.text.SystemClock_Config) refers to stm32f4xx_hal_rcc.o(.text.HAL_RCC_ClockConfig) for HAL_RCC_ClockConfig
    main.o(.text.SystemClock_Config) refers to stm32f4xx_hal.o(.text.HAL_GetREVID) for HAL_GetREVID
    main.o(.ARM.exidx.text.SystemClock_Config) refers to main.o(.text.SystemClock_Config) for [Anonymous Symbol]
    main.o(.ARM.exidx.text.Error_Handler) refers to main.o(.text.Error_Handler) for [Anonymous Symbol]
    rtc.o(.text.Init_ThRTC) refers to rtc.o(.text.ThRTC) for ThRTC
    rtc.o(.text.Init_ThRTC) refers to rtx_thread.o(.text.osThreadNew) for osThreadNew
    rtc.o(.text.Init_ThRTC) refers to rtc.o(.bss.tid_RTC) for tid_RTC
    rtc.o(.ARM.exidx.text.Init_ThRTC) refers to rtc.o(.text.Init_ThRTC) for [Anonymous Symbol]
    rtc.o(.text.ThRTC) refers to stm32f4xx_hal_cortex.o(.text.HAL_NVIC_EnableIRQ) for HAL_NVIC_EnableIRQ
    rtc.o(.text.ThRTC) refers to rtc.o(.text.Init_MsgQueue) for Init_MsgQueue
    rtc.o(.text.ThRTC) refers to rtc.o(.bss.RtcHandle) for RtcHandle
    rtc.o(.text.ThRTC) refers to stm32f4xx_hal_rtc_ex.o(.text.HAL_RTCEx_BKUPRead) for HAL_RTCEx_BKUPRead
    rtc.o(.text.ThRTC) refers to rtc.o(.text.RTC_CalendarConfig) for RTC_CalendarConfig
    rtc.o(.text.ThRTC) refers to rtc.o(.text.RTC_SetAlarm) for RTC_SetAlarm
    rtc.o(.text.ThRTC) refers to rtc.o(.bss.aShowTime) for aShowTime
    rtc.o(.text.ThRTC) refers to rtc.o(.bss.aShowDate) for aShowDate
    rtc.o(.text.ThRTC) refers to rtc.o(.text.RTC_CalendarShow) for RTC_CalendarShow
    rtc.o(.text.ThRTC) refers to rtc.o(.bss.msg_enviado) for msg_enviado
    rtc.o(.text.ThRTC) refers to rtc.o(.rodata.str1.1) for .L.str
    rtc.o(.text.ThRTC) refers to sprintf.o(.text) for sprintf
    rtc.o(.text.ThRTC) refers to rtc.o(.bss.mid_RTCQueue) for mid_RTCQueue
    rtc.o(.text.ThRTC) refers to rtx_msgqueue.o(.text.osMessageQueuePut) for osMessageQueuePut
    rtc.o(.text.ThRTC) refers to rtx_delay.o(.text.osDelay) for osDelay
    rtc.o(.text.ThRTC) refers to rtx_thread.o(.text.osThreadYield) for osThreadYield
    rtc.o(.ARM.exidx.text.ThRTC) refers to rtc.o(.text.ThRTC) for [Anonymous Symbol]
    rtc.o(.text.Init_MsgQueue) refers to rtx_msgqueue.o(.text.osMessageQueueNew) for osMessageQueueNew
    rtc.o(.text.Init_MsgQueue) refers to rtc.o(.bss.mid_RTCQueue) for mid_RTCQueue
    rtc.o(.ARM.exidx.text.Init_MsgQueue) refers to rtc.o(.text.Init_MsgQueue) for [Anonymous Symbol]
    rtc.o(.text.RTC_CalendarConfig) refers to rtc.o(.bss.RtcHandle) for RtcHandle
    rtc.o(.text.RTC_CalendarConfig) refers to stm32f4xx_hal_rtc_ex.o(.text.HAL_RTCEx_BKUPWrite) for HAL_RTCEx_BKUPWrite
    rtc.o(.ARM.exidx.text.RTC_CalendarConfig) refers to rtc.o(.text.RTC_CalendarConfig) for [Anonymous Symbol]
    rtc.o(.text.RTC_SetAlarm) refers to rtc.o(.bss.RtcHandle) for RtcHandle
    rtc.o(.text.RTC_SetAlarm) refers to stm32f4xx_hal_rtc.o(.text.HAL_RTC_GetTime) for HAL_RTC_GetTime
    rtc.o(.text.RTC_SetAlarm) refers to stm32f4xx_hal_rtc.o(.text.HAL_RTC_SetAlarm_IT) for HAL_RTC_SetAlarm_IT
    rtc.o(.ARM.exidx.text.RTC_SetAlarm) refers to rtc.o(.text.RTC_SetAlarm) for [Anonymous Symbol]
    rtc.o(.text.RTC_CalendarShow) refers to rtc.o(.bss.RtcHandle) for RtcHandle
    rtc.o(.text.RTC_CalendarShow) refers to stm32f4xx_hal_rtc.o(.text.HAL_RTC_GetTime) for HAL_RTC_GetTime
[...]
    CAN1_TX_IRQHandler                       0x0800031b   Thumb Code     0  startup_stm32f429xx.o(.text)
    CAN2_RX0_IRQHandler                      0x0800031b   Thumb Code     0  startup_stm32f429xx.o(.text)
    CAN2_RX1_IRQHandler                      0x0800031b   Thumb Code     0  startup_stm32f429xx.o(.text)
    CAN2_SCE_IRQHandler                      0x0800031b   Thumb Code     0  startup_stm32f429xx.o(.text)
    CAN2_TX_IRQHandler                       0x0800031b   Thumb Code     0  startup_stm32f429xx.o(.text)
    DCMI_IRQHandler                          0x0800031b   Thumb Code     0  startup_stm32f429xx.o(.text)
    DMA1_Stream0_IRQHandler                  0x0800031b   Thumb Code     0  startup_stm32f429xx.o(.text)
    DMA1_Stream1_IRQHandler                  0x0800031b   Thumb Code     0  startup_stm32f429xx.o(.text)
    DMA1_Stream2_IRQHandler                  0x0800031b   Thumb Code     0  startup_stm32f429xx.o(.text)
    DMA1_Stream3_IRQHandler                  0x0800031b   Thumb Code     0  startup_stm32f429xx.o(.text)
    DMA1_Stream4_IRQHandler                  0x0800031b   Thumb Code     0  startup_stm32f429xx.o(.text)
    DMA1_Stream5_IRQHandler                  0x0800031b   Thumb Code     0  startup_stm32f429xx.o(.text)
    DMA1_Stream6_IRQHandler                  0x0800031b   Thumb Code     0  startup_stm32f429xx.o(.text)
    DMA1_Stream7_IRQHandler                  0x0800031b   Thumb Code     0  startup_stm32f429xx.o(.text)
    DMA2D_IRQHandler                         0x0800031b   Thumb Code     0  startup_stm32f429xx.o(.text)
    DMA2_Stream0_IRQHandler                  0x0800031b   Thumb Code     0  startup_stm32f429xx.o(.text)
    DMA2_Stream1_IRQHandler                  0x0800031b   Thumb Code     0  startup_stm32f429xx.o(.text)
    DMA2_Stream2_IRQHandler                  0x0800031b   Thumb Code     0  startup_stm32f429xx.o(.text)
    DMA2_Stream3_IRQHandler                  0x0800031b   Thumb Code     0  startup_stm32f429xx.o(.text)
    DMA2_Stream4_IRQHandler                  0x0800031b   Thumb Code     0  startup_stm32f429xx.o(.text)
    DMA2_Stream5_IRQHandler                  0x0800031b   Thumb Code     0  startup_stm32f429xx.o(.text)
    DMA2_Stream6_IRQHandler                  0x0800031b   Thumb Code     0  startup_stm32f429xx.o(.text)
    DMA2_Stream7_IRQHandler                  0x0800031b   Thumb Code     0  startup_stm32f429xx.o(.text)
    ETH_IRQHandler                           0x0800031b   Thumb Code     0  startup_stm32f429xx.o(.text)
    ETH_WKUP_IRQHandler                      0x0800031b   Thumb Code     0  startup_stm32f429xx.o(.text)
    EXTI0_IRQHandler                         0x0800031b   Thumb Code     0  startup_stm32f429xx.o(.text)
    EXTI15_10_IRQHandler                     0x0800031b   Thumb Code     0  startup_stm32f429xx.o(.text)
    EXTI1_IRQHandler                         0x0800031b   Thumb Code     0  startup_stm32f429xx.o(.text)
    EXTI2_IRQHandler                         0x0800031b   Thumb Code     0  startup_stm32f429xx.o(.text)
    EXTI3_IRQHandler                         0x0800031b   Thumb Code     0  startup_stm32f429xx.o(.text)
    EXTI4_IRQHandler                         0x0800031b   Thumb Code     0  startup_stm32f429xx.o(.text)
    EXTI9_5_IRQHandler                       0x0800031b   Thumb Code     0  startup_stm32f429xx.o(.text)
    FLASH_IRQHandler                         0x0800031b   Thumb Code     0  startup_stm32f429xx.o(.text)
    FMC_IRQHandler                           0x0800031b   Thumb Code     0  startup_stm32f429xx.o(.text)
    FPU_IRQHandler                           0x0800031b   Thumb Code     0  startup_stm32f429xx.o(.text)
    HASH_RNG_IRQHandler                      0x0800031b   Thumb Code     0  startup_stm32f429xx.o(.text)
    I2C1_ER_IRQHandler                       0x0800031b   Thumb Code     0  startup_stm32f429xx.o(.text)
    I2C1_EV_IRQHandler                       0x0800031b   Thumb Code     0  startup_stm32f429xx.o(.text)
    I2C2_ER_IRQHandler                       0x0800031b   Thumb Code     0  startup_stm32f429xx.o(.text)
    I2C2_EV_IRQHandler                       0x0800031b   Thumb Code     0  startup_stm32f429xx.o(.text)
    I2C3_ER_IRQHandler                       0x0800031b   Thumb Code     0  startup_stm32f429xx.o(.text)
    I2C3_EV_IRQHandler                       0x0800031b   Thumb Code     0  startup_stm32f429xx.o(.text)
    LTDC_ER_IRQHandler                       0x0800031b   Thumb Code     0  startup_stm32f429xx.o(.text)
    LTDC_IRQHandler                          0x0800031b   Thumb Code     0  startup_stm32f429xx.o(.text)
    OTG_FS_IRQHandler                        0x0800031b   Thumb Code     0  startup_stm32f429xx.o(.text)
    OTG_FS_WKUP_IRQHandler                   0x0800031b   Thumb Code     0  startup_stm32f429xx.o(.text)
    OTG_HS_EP1_IN_IRQHandler                 0x0800031b   Thumb Code     0  startup_stm32f429xx.o(.text)
    OTG_HS_EP1_OUT_IRQHandler                0x0800031b   Thumb Code     0  startup_stm32f429xx.o(.text)
    OTG_HS_IRQHandler                        0x0800031b   Thumb Code     0  startup_stm32f429xx.o(.text)
    OTG_HS_WKUP_IRQHandler                   0x0800031b   Thumb Code     0  startup_stm32f429xx.o(.text)
    PVD_IRQHandler                           0x0800031b   Thumb Code     0  startup_stm32f429xx.o(.text)
    RCC_IRQHandler                           0x0800031b   Thumb Code     0  startup_stm32f429xx.o(.text)
    RTC_WKUP_IRQHandler                      0x0800031b   Thumb Code     0  startup_stm32f429xx.o(.text)
    SAI1_IRQHandler                          0x0800031b   Thumb Code     0  startup_stm32f429xx.o(.text)
    SDIO_IRQHandler                          0x0800031b   Thumb Code     0  startup_stm32f429xx.o(.text)
    SPI2_IRQHandler                          0x0800031b   Thumb Code     0  startup_stm32f429xx.o(.text)
    SPI3_IRQHandler                          0x0800031b   Thumb Code     0  startup_stm32f429xx.o(.text)
    SPI4_IRQHandler                          0x0800031b   Thumb Code     0  startup_stm32f429xx.o(.text)
    SPI5_IRQHandler                          0x0800031b   Thumb Code     0  startup_stm32f429xx.o(.text)
    SPI6_IRQHandler                          0x0800031b   Thumb Code     0  startup_stm32f429xx.o(.text)
    TAMP_STAMP_IRQHandler                    0x0800031b   Thumb Code     0  startup_stm32f429xx.o(.text)
    TIM1_BRK_TIM9_IRQHandler                 0x0800031b   Thumb Code     0  startup_stm32f429xx.o(.text)
    TIM1_CC_IRQHandler                       0x0800031b   Thumb Code     0  startup_stm32f429xx.o(.text)
    TIM1_TRG_COM_TIM11_IRQHandler            0x0800031b   Thumb Code     0  startup_stm32f429xx.o(.text)
    TIM1_UP_TIM10_IRQHandler                 0x0800031b   Thumb Code     0  startup_stm32f429xx.o(.text)
    TIM2_IRQHandler                          0x0800031b   Thumb Code     0  startup_stm32f429xx.o(.text)
    TIM3_IRQHandler                          0x0800031b   Thumb Code     0  startup_stm32f429xx.o(.text)
    TIM4_IRQHandler                          0x0800031b   Thumb Code     0  startup_stm32f429xx.o(.text)
    TIM5_IRQHandler                          0x0800031b   Thumb Code     0  startup_stm32f429xx.o(.text)
    TIM6_DAC_IRQHandler                      0x0800031b   Thumb Code     0  startup_stm32f429xx.o(.text)
    TIM7_IRQHandler                          0x0800031b   Thumb Code     0  startup_stm32f429xx.o(.text)
    TIM8_BRK_TIM12_IRQHandler                0x0800031b   Thumb Code     0  startup_stm32f429xx.o(.text)
    TIM8_CC_IRQHandler                       0x0800031b   Thumb Code     0  startup_stm32f429xx.o(.text)
    TIM8_TRG_COM_TIM14_IRQHandler            0x0800031b   Thumb Code     0  startup_stm32f429xx.o(.text)
    TIM8_UP_TIM13_IRQHandler                 0x0800031b   Thumb Code     0  startup_stm32f429xx.o(.text)
    UART4_IRQHandler                         0x0800031b   Thumb Code     0  startup_stm32f429xx.o(.text)
    UART5_IRQHandler                         0x0800031b   Thumb Code     0  startup_stm32f429xx.o(.text)
    UART7_IRQHandler                         0x0800031b   Thumb Code     0  startup_stm32f429xx.o(.text)
    UART8_IRQHandler                         0x0800031b   Thumb Code     0  startup_stm32f429xx.o(.text)
    USART1_IRQHandler                        0x0800031b   Thumb Code     0  startup_stm32f429xx.o(.text)
    USART2_IRQHandler                        0x0800031b   Thumb Code     0  startup_stm32f429xx.o(.text)
    USART3_IRQHandler                        0x0800031b   Thumb Code     0  startup_stm32f429xx.o(.text)
    USART6_IRQHandler                        0x0800031b   Thumb Code     0  startup_stm32f429xx.o(.text)
    WWDG_IRQHandler                          0x0800031b   Thumb Code     0  startup_stm32f429xx.o(.text)
    __user_initial_stackheap                 0x0800031d   Thumb Code     0  startup_stm32f429xx.o(.text)
    SVC_Handler                              0x08000341   Thumb Code   154  irq_armv7m.o(.text)
    PendSV_Handler                           0x080003db   Thumb Code    16  irq_armv7m.o(.text)
    SysTick_Handler                          0x080003eb   Thumb Code    16  irq_armv7m.o(.text)
    __aeabi_uldivmod                         0x08000409   Thumb Code     0  lludivv7m.o(.text)
    _ll_udiv                                 0x08000409   Thumb Code   240  lludivv7m.o(.text)
    sprintf                                  0x080004f9   Thumb Code    38  sprintf.o(.text)
    __aeabi_memcpy                           0x08000525   Thumb Code     0  rt_memcpy_v6.o(.text)
    __rt_memcpy                              0x08000525   Thumb Code   138  rt_memcpy_v6.o(.text)
    _memcpy_lastbytes                        0x0800058b   Thumb Code     0  rt_memcpy_v6.o(.text)
    __aeabi_memclr                           0x080005af   Thumb Code     0  rt_memclr.o(.text)
    __rt_memclr                              0x080005af   Thumb Code     0  rt_memclr.o(.text)
    _memset                                  0x080005b3   Thumb Code    64  rt_memclr.o(.text)
    __aeabi_memclr4                          0x080005f3   Thumb Code     0  rt_memclr_w.o(.text)
    __aeabi_memclr8                          0x080005f3   Thumb Code     0  rt_memclr_w.o(.text)
    __rt_memclr_w                            0x080005f3   Thumb Code     0  rt_memclr_w.o(.text)
    _memset_w                                0x080005f7   Thumb Code    74  rt_memclr_w.o(.text)
    __use_two_region_memory                  0x08000641   Thumb Code     2  heapauxi.o(.text)
    __rt_heap_escrow$2region                 0x08000643   Thumb Code     2  heapauxi.o(.text)
    __rt_heap_expand$2region                 0x08000645   Thumb Code     2  heapauxi.o(.text)
    _printf_pre_padding                      0x08000647   Thumb Code    44  _printf_pad.o(.text)
    _printf_post_padding                     0x08000673   Thumb Code    34  _printf_pad.o(.text)
    _printf_truncate_signed                  0x08000695   Thumb Code    18  _printf_truncate.o(.text)
    _printf_truncate_unsigned                0x080006a7   Thumb Code    18  _printf_truncate.o(.text)
    _printf_str                              0x080006b9   Thumb Code    82  _printf_str.o(.text)
    _printf_int_dec                          0x0800070d   Thumb Code   104  _printf_dec.o(.text)
    _printf_charcount                        0x08000785   Thumb Code    40  _printf_charcount.o(.text)
    _printf_char_common                      0x080007b7   Thumb Code    32  _printf_char_common.o(.text)
    _sputc                                   0x080007dd   Thumb Code    10  _sputc.o(.text)
    _printf_wctomb                           0x080007e9   Thumb Code   182  _printf_wctomb.o(.text)
    _printf_longlong_dec                     0x080008a5   Thumb Code   108  _printf_longlong_dec.o(.text)
    _printf_longlong_oct                     0x08000921   Thumb Code    68  _printf_oct_int_ll.o(.text)
    _printf_int_oct                          0x08000965   Thumb Code    24  _printf_oct_int_ll.o(.text)
    _printf_ll_oct                           0x0800097d   Thumb Code    12  _printf_oct_int_ll.o(.text)
    _printf_longlong_hex                     0x08000991   Thumb Code    86  _printf_hex_int_ll_ptr.o(.text)
    _printf_int_hex                          0x080009e7   Thumb Code    28  _printf_hex_int_ll_ptr.o(.text)
    _printf_ll_hex                           0x08000a03   Thumb Code    12  _printf_hex_int_ll_ptr.o(.text)
    _printf_hex_ptr                          0x08000a0f   Thumb Code    18  _printf_hex_int_ll_ptr.o(.text)
    __printf                                 0x08000a25   Thumb Code   388  __printf_flags_ss_wp.o(.text)
    __aeabi_memcpy4                          0x08000bad   Thumb Code     0  rt_memcpy_w.o(.text)
    __aeabi_memcpy8                          0x08000bad   Thumb Code     0  rt_memcpy_w.o(.text)
    __rt_memcpy_w                            0x08000bad   Thumb Code   100  rt_memcpy_w.o(.text)
    _memcpy_lastbytes_aligned                0x08000bf5   Thumb Code     0  rt_memcpy_w.o(.text)
    _ll_udiv10                               0x08000c11   Thumb Code   138  lludiv10.o(.text)
    _printf_int_common                       0x08000c9b   Thumb Code   178  _printf_intcommon.o(.text)
    _printf_fp_dec_real                      0x08000efd   Thumb Code   620  _printf_fp_dec.o(.text)
    _printf_fp_hex_real                      0x08001169   Thumb Code   756  _printf_fp_hex.o(.text)
    _printf_cs_common                        0x08001465   Thumb Code    20  _printf_char.o(.text)
    _printf_char                             0x08001479   Thumb Code    16  _printf_char.o(.text)
    _printf_string                           0x08001489   Thumb Code     8  _printf_char.o(.text)
    _printf_lcs_common                       0x08001491   Thumb Code    20  _printf_wchar.o(.text)
    _printf_wchar                            0x080014a5   Thumb Code    16  _printf_wchar.o(.text)
    _printf_wstring                          0x080014b5   Thumb Code     8  _printf_wchar.o(.text)
    _c16rtomb                                0x080014bd   Thumb Code    72  _c16rtomb.o(.text)
    _wcrtomb                                 0x080014bd   Thumb Code     0  _c16rtomb.o(.text)
    __user_setup_stackheap                   0x08001505   Thumb Code    74  sys_stackheap_outer.o(.text)
    __rt_ctype_table                         0x08001551   Thumb Code    16  rt_ctype_table.o(.text)
    __rt_locale                              0x08001561   Thumb Code    10  rt_locale_twolibspace.o(.text)
    _printf_fp_infnan                        0x0800156d   Thumb Code   112  _printf_fp_infnan.o(.text)
    _btod_etento                             0x080015ed   Thumb Code   224  bigflt0.o(.text)
    exit                                     0x080016d1   Thumb Code    18  exit.o(.text)
    __user_libspace                          0x080016e5   Thumb Code     8  libspace.o(.text)
    __user_perproc_libspace                  0x080016e5   Thumb Code     0  libspace.o(.text)
    strcmp                                   0x080016f1   Thumb Code   124  strcmpv7em.o(.text)
    _sys_exit                                0x0800176d   Thumb Code     8  sys_exit.o(.text)
    __I$use$semihosting                      0x08001779   Thumb Code     0  use_no_semi.o(.text)
    __use_no_semihosting_swi                 0x08001779   Thumb Code     2  use_no_semi.o(.text)
    __semihosting_library_function           0x0800177b   Thumb Code     0  indicate_semi.o(.text)
    BusFault_Handler                         0x0800177d   Thumb Code     4  stm32f4xx_it.o(.text.BusFault_Handler)
    DebugMon_Handler                         0x08001781   Thumb Code     2  stm32f4xx_it.o(.text.DebugMon_Handler)
    GPIO_LCD_Init                            0x08001c0d   Thumb Code   220  lcd.o(.text.GPIO_LCD_Init)
    HAL_DMA_Abort_IT                         0x08001ce9   Thumb Code    68  stm32f4xx_hal_dma.o(.text.HAL_DMA_Abort_IT)
    HAL_GPIO_DeInit                          0x08001d2d   Thumb Code   604  stm32f4xx_hal_gpio.o(.text.HAL_GPIO_DeInit)
    HAL_GPIO_Init                            0x08001f89   Thumb Code  1008  stm32f4xx_hal_gpio.o(.text.HAL_GPIO_Init)
    HAL_GPIO_WritePin                        0x08002379   Thumb Code    46  stm32f4xx_hal_gpio.o(.text.HAL_GPIO_WritePin)
    HAL_GetREVID                             0x080023a9   Thumb Code    14  stm32f4xx_hal.o(.text.HAL_GetREVID)
    HAL_GetTick                              0x080023b9   Thumb Code   102  main.o(.text.HAL_GetTick)
    HAL_Init                                 0x08002421   Thumb Code    46  stm32f4xx_hal.o(.text.HAL_Init)
    HAL_InitTick                             0x08002451   Thumb Code   112  stm32f4xx_hal.o(.text.HAL_InitTick)
    HAL_MspInit                              0x080024c1   Thumb Code     2  stm32f4xx_hal.o(.text.HAL_MspInit)
    HAL_NVIC_DisableIRQ                      0x080024c5   Thumb Code    20  stm32f4xx_hal_cortex.o(.text.HAL_NVIC_DisableIRQ)
    HAL_NVIC_EnableIRQ                       0x080024d9   Thumb Code    20  stm32f4xx_hal_cortex.o(.text.HAL_NVIC_EnableIRQ)
    HAL_NVIC_SetPriority                     0x080024ed   Thumb Code    50  stm32f4xx_hal_cortex.o(.text.HAL_NVIC_SetPriority)
    HAL_NVIC_SetPriorityGrouping             0x08002521   Thumb Code    16  stm32f4xx_hal_cortex.o(.text.HAL_NVIC_SetPriorityGrouping)
    HAL_RCC_ClockConfig                      0x08002531   Thumb Code   610  stm32f4xx_hal_rcc.o(.text.HAL_RCC_ClockConfig)
    HAL_RCC_GetHCLKFreq                      0x08002795   Thumb Code    12  stm32f4xx_hal_rcc.o(.text.HAL_RCC_GetHCLKFreq)
    HAL_RCC_GetPCLK2Freq                     0x080027a1   Thumb Code    34  stm32f4xx_hal_rcc.o(.text.HAL_RCC_GetPCLK2Freq)
    HAL_RCC_GetSysClockFreq                  0x080027c5   Thumb Code   230  stm32f4xx_hal_rcc.o(.text.HAL_RCC_GetSysClockFreq)
    HAL_RCC_OscConfig                        0x080028ad   Thumb Code  1700  stm32f4xx_hal_rcc.o(.text.HAL_RCC_OscConfig)
    HAL_RTCEx_BKUPRead                       0x08002f51   Thumb Code    36  stm32f4xx_hal_rtc_ex.o(.text.HAL_RTCEx_BKUPRead)
    HAL_RTCEx_BKUPWrite                      0x08002f75   Thumb Code    40  stm32f4xx_hal_rtc_ex.o(.text.HAL_RTCEx_BKUPWrite)
    HAL_RTC_AlarmAEventCallback              0x08002f9d   Thumb Code    30  stm32f4xx_it.o(.text.HAL_RTC_AlarmAEventCallback)
    HAL_RTC_GetDate                          0x08002fbd   Thumb Code   120  stm32f4xx_hal_rtc.o(.text.HAL_RTC_GetDate)
    HAL_RTC_GetTime                          0x08003035   Thumb Code   148  stm32f4xx_hal_rtc.o(.text.HAL_RTC_GetTime)
    HAL_RTC_SetAlarm_IT                      0x080030c9   Thumb Code   692  stm32f4xx_hal_rtc.o(.text.HAL_RTC_SetAlarm_IT)
    HAL_SYSTICK_Config                       0x0800337d   Thumb Code    16  stm32f4xx_hal_cortex.o(.text.HAL_SYSTICK_Config)
    HAL_TIM_Base_DeInit                      0x0800338d   Thumb Code    98  stm32f4xx_hal_tim.o(.text.HAL_TIM_Base_DeInit)
    HAL_TIM_Base_Init                        0x080033f1   Thumb Code    88  stm32f4xx_hal_tim.o(.text.HAL_TIM_Base_Init)
    HAL_TIM_Base_MspDeInit                   0x08003449   Thumb Code     8  stm32f4xx_hal_tim.o(.text.HAL_TIM_Base_MspDeInit)
    HAL_TIM_Base_MspInit                     0x08003451   Thumb Code     8  stm32f4xx_hal_tim.o(.text.HAL_TIM_Base_MspInit)
    HAL_TIM_Base_Start                       0x08003459   Thumb Code    60  stm32f4xx_hal_tim.o(.text.HAL_TIM_Base_Start)
    HAL_TIM_Base_Stop                        0x08003495   Thumb Code    78  stm32f4xx_hal_tim.o(.text.HAL_TIM_Base_Stop)
    HardFault_Handler                        0x080034e5   Thumb Code     4  stm32f4xx_it.o(.text.HardFault_Handler)
    Init_MsgQueue                            0x080034e9   Thumb Code    36  rtc.o(.text.Init_MsgQueue)
    Init_ThLED                               0x0800350d   Thumb Code    58  thleds.o(.text.Init_ThLED)
    Init_ThRTC                               0x08003549   Thumb Code    58  rtc.o(.text.Init_ThRTC)
    Init_Thread2                             0x08003585   Thumb Code    58  thlcd.o(.text.Init_Thread2)
    LCD_Clean                                0x080035c1   Thumb Code    24  lcd.o(.text.LCD_Clean)
    LCD_init                                 0x080035d9   Thumb Code    76  lcd.o(.text.LCD_init)
    LCD_reset                                0x08003625   Thumb Code   118  lcd.o(.text.LCD_reset)
    LCD_update                               0x0800369d   Thumb Code   250  lcd.o(.text.LCD_update)
    LCD_wr_cmd                               0x08003799   Thumb Code   126  lcd.o(.text.LCD_wr_cmd)
    LCD_wr_data                              0x08003819   Thumb Code   126  lcd.o(.text.LCD_wr_data)
    LED_Initialize                           0x08003899   Thumb Code    74  thleds.o(.text.LED_Initialize)
    MemManage_Handler                        0x080038e5   Thumb Code     4  stm32f4xx_it.o(.text.MemManage_Handler)
    NMI_Handler                              0x0800399d   Thumb Code     2  stm32f4xx_it.o(.text.NMI_Handler)
    OS_Tick_AcknowledgeIRQ                   0x08003a0d   Thumb Code     8  os_systick.o(.text.OS_Tick_AcknowledgeIRQ)
    OS_Tick_Enable                           0x08003a15   Thumb Code    32  os_systick.o(.text.OS_Tick_Enable)
    OS_Tick_GetIRQn                          0x08003a39   Thumb Code     6  os_systick.o(.text.OS_Tick_GetIRQn)
    OS_Tick_Setup                            0x08003a41   Thumb Code    48  os_systick.o(.text.OS_Tick_Setup)
    Pintar                                   0x08003aa5   Thumb Code   216  thlcd.o(.text.Pintar)
    RTC_Alarm_IRQHandler                     0x08003b7d   Thumb Code    16  stm32f4xx_it.o(.text.RTC_Alarm_IRQHandler)
    RTC_Bcd2ToByte                           0x08003b8d   Thumb Code    42  stm32f4xx_hal_rtc.o(.text.RTC_Bcd2ToByte)
    RTC_ByteToBcd2                           0x08003bb9   Thumb Code    58  stm32f4xx_hal_rtc.o(.text.RTC_ByteToBcd2)
    RTC_SetAlarm                             0x08003cad   Thumb Code   108  rtc.o(.text.RTC_SetAlarm)
    SPI1_IRQHandler                          0x08003d5d   Thumb Code    16  spi_stm32f4xx.o(.text.SPI1_IRQHandler)
    SystemCoreClockUpdate                    0x080050b1   Thumb Code   302  system_stm32f4xx.o(.text.SystemCoreClockUpdate)
    SystemInit                               0x080051e1   Thumb Code    32  system_stm32f4xx.o(.text.SystemInit)
    TIM_Base_SetConfig                       0x08005201   Thumb Code   410  stm32f4xx_hal_tim.o(.text.TIM_Base_SetConfig)
    ThLED                                    0x0800539d   Thumb Code    88  thleds.o(.text.ThLED)
    ThRTC                                    0x080053f5   Thumb Code   230  rtc.o(.text.ThRTC)
    Thread2                                  0x080054dd   Thumb Code   160  thlcd.o(.text.Thread2)
    UsageFault_Handler                       0x08005625   Thumb Code     4  stm32f4xx_it.o(.text.UsageFault_Handler)
    _mutex_acquire                           0x08005781   Thumb Code    32  rtx_lib.o(.text._mutex_acquire)
    _mutex_free                              0x080057a1   Thumb Code    18  rtx_lib.o(.text._mutex_free)
    _mutex_initialize                        0x080057b5   Thumb Code    50  rtx_lib.o(.text._mutex_initialize)
    _mutex_release                           0x080057e9   Thumb Code    28  rtx_lib.o(.text._mutex_release)
    _platform_post_stackheap_init            0x08005805   Thumb Code     8  rtx_lib.o(.text._platform_post_stackheap_init)
    main                                     0x08005895   Thumb Code    44  main.o(.text.main)
    osDelay                                  0x080058c1   Thumb Code    32  rtx_delay.o(.text.osDelay)
    osKernelGetState                         0x080058e5   Thumb Code    40  rtx_kernel.o(.text.osKernelGetState)
    osKernelGetTickCount                     0x08005911   Thumb Code    32  rtx_kernel.o(.text.osKernelGetTickCount)
    osKernelInitialize                       0x08005939   Thumb Code    40  rtx_kernel.o(.text.osKernelInitialize)
    osKernelStart                            0x08005965   Thumb Code    32  rtx_kernel.o(.text.osKernelStart)
    osMessageQueueGet                        0x08005989   Thumb Code   108  rtx_msgqueue.o(.text.osMessageQueueGet)
    osMessageQueueNew                        0x080059f9   Thumb Code    32  rtx_msgqueue.o(.text.osMessageQueueNew)
    osMessageQueuePut                        0x08005a1d   Thumb Code   124  rtx_msgqueue.o(.text.osMessageQueuePut)
    osMutexAcquire                           0x08005a9d   Thumb Code    32  rtx_mutex.o(.text.osMutexAcquire)
    osMutexDelete                            0x08005ac1   Thumb Code    32  rtx_mutex.o(.text.osMutexDelete)
    osMutexNew                               0x08005ae5   Thumb Code    32  rtx_mutex.o(.text.osMutexNew)
    osMutexRelease                           0x08005b09   Thumb Code    32  rtx_mutex.o(.text.osMutexRelease)
    osRtxErrorNotify                         0x08005b2d   Thumb Code    46  rtx_config.o(.text.osRtxErrorNotify)
    osRtxIdleThread                          0x08005b5d   Thumb Code     8  rtx_config.o(.text.osRtxIdleThread)
    osRtxKernelErrorNotify                   0x08005b65   Thumb Code     4  rtx_kernel.o(.text.osRtxKernelErrorNotify)
    osRtxKernelPreInit                       0x08005b69   Thumb Code     2  rtx_kernel.o(.text.osRtxKernelPreInit)
    osRtxMemoryAlloc                         0x08005b6b   Thumb Code   108  rtx_memory.o(.text.osRtxMemoryAlloc)
    osRtxMemoryFree                          0x08005bd7   Thumb Code    66  rtx_memory.o(.text.osRtxMemoryFree)
    osRtxMemoryInit                          0x08005c19   Thumb Code    54  rtx_memory.o(.text.osRtxMemoryInit)
    osRtxMemoryPoolAlloc                     0x08005c4f   Thumb Code    58  rtx_mempool.o(.text.osRtxMemoryPoolAlloc)
    osRtxMemoryPoolFree                      0x08005c89   Thumb Code    74  rtx_mempool.o(.text.osRtxMemoryPoolFree)
    osRtxMemoryPoolInit                      0x08005cd3   Thumb Code    56  rtx_mempool.o(.text.osRtxMemoryPoolInit)
    osRtxMessageQueueTimerSetup              0x08005db5   Thumb Code    32  rtx_msgqueue.o(.text.osRtxMessageQueueTimerSetup)
    osRtxMutexOwnerRelease                   0x08005dd9   Thumb Code    72  rtx_mutex.o(.text.osRtxMutexOwnerRelease)
    osRtxMutexOwnerRestore                   0x08005e21   Thumb Code    66  rtx_mutex.o(.text.osRtxMutexOwnerRestore)
    osRtxPendSV_Handler                      0x08005e65   Thumb Code   136  rtx_system.o(.text.osRtxPendSV_Handler)
    osRtxPostProcess                         0x08005eed   Thumb Code   108  rtx_system.o(.text.osRtxPostProcess)
    osRtxThreadDelayTick                     0x08006049   Thumb Code    72  rtx_thread.o(.text.osRtxThreadDelayTick)
    osRtxThreadDispatch                      0x080060b1   Thumb Code    80  rtx_thread.o(.text.osRtxThreadDispatch)
    osRtxThreadListGet                       0x08006177   Thumb Code    18  rtx_thread.o(.text.osRtxThreadListGet)
    osRtxThreadListPut                       0x08006189   Thumb Code    44  rtx_thread.o(.text.osRtxThreadListPut)
    osRtxThreadListRemove                    0x080061b5   Thumb Code    20  rtx_thread.o(.text.osRtxThreadListRemove)
    osRtxThreadListSort                      0x080061d5   Thumb Code    38  rtx_thread.o(.text.osRtxThreadListSort)
    osRtxThreadReadyPut                      0x08006225   Thumb Code    16  rtx_thread.o(.text.osRtxThreadReadyPut)
    osRtxThreadRegPtr                        0x08006239   Thumb Code    20  rtx_thread.o(.text.osRtxThreadRegPtr)
    osRtxThreadStartup                       0x0800624d   Thumb Code    48  rtx_thread.o(.text.osRtxThreadStartup)
    osRtxThreadSwitch                        0x08006285   Thumb Code    12  rtx_thread.o(.text.osRtxThreadSwitch)
    osRtxThreadWaitEnter                     0x08006291   Thumb Code    56  rtx_thread.o(.text.osRtxThreadWaitEnter)
    osRtxThreadWaitExit                      0x080062cd   Thumb Code    48  rtx_thread.o(.text.osRtxThreadWaitExit)
    osRtxTick_Handler                        0x080062fd   Thumb Code   116  rtx_system.o(.text.osRtxTick_Handler)
    osRtxTimerSetup                          0x08006375   Thumb Code    24  rtx_timer.o(.text.osRtxTimerSetup)
    osRtxTimerThread                         0x08006395   Thumb Code    32  rtx_timer.o(.text.osRtxTimerThread)
    osThreadExit                             0x08006425   Thumb Code     8  rtx_thread.o(.text.osThreadExit)
    osThreadFlagsSet                         0x08006431   Thumb Code    84  rtx_thread.o(.text.osThreadFlagsSet)
    osThreadFlagsWait                        0x08006489   Thumb Code    32  rtx_thread.o(.text.osThreadFlagsWait)
    osThreadNew                              0x080064ad   Thumb Code    32  rtx_thread.o(.text.osThreadNew)
    osThreadYield                            0x080064d1   Thumb Code    32  rtx_thread.o(.text.osThreadYield)
    symbolToLocalBuffer_L1                   0x08006ef5   Thumb Code   192  lcd.o(.text.symbolToLocalBuffer_L1)
    symbolToLocalBuffer_L2                   0x08006fb5   Thumb Code   196  lcd.o(.text.symbolToLocalBuffer_L2)
    _btod_d2e                                0x08007079   Thumb Code    62  btod.o(CL$$btod_d2e)
    _d2e_denorm_low                          0x080070b7   Thumb Code    70  btod.o(CL$$btod_d2e_denorm_low)
    _d2e_norm_op1                            0x080070fd   Thumb Code    96  btod.o(CL$$btod_d2e_norm_op1)
    __btod_div_common                        0x0800715d   Thumb Code   696  btod.o(CL$$btod_div_common)
    _e2e                                     0x08007495   Thumb Code   220  btod.o(CL$$btod_e2e)
    _btod_ediv                               0x08007571   Thumb Code    42  btod.o(CL$$btod_ediv)
    _btod_emul                               0x0800759b   Thumb Code    42  btod.o(CL$$btod_emul)
    __btod_mult_common                       0x080075c5   Thumb Code   580  btod.o(CL$$btod_mult_common)
    __ARM_fpclassify                         0x08007809   Thumb Code    48  fpclassify.o(i.__ARM_fpclassify)
    _is_digit                                0x08007839   Thumb Code    14  __printf_wp.o(i._is_digit)
    _get_lc_numeric                          0x08007849   Thumb Code    44  lc_numeric_c.o(locale$$code)
    _get_lc_ctype                            0x08007875   Thumb Code    44  lc_ctype_c.o(locale$$code)
    _fp_init                                 0x080078a1   Thumb Code    26  fpinit.o(x$fpl$fpinit)
    __fplib_config_fpu_vfp                   0x080078b9   Thumb Code     0  fpinit.o(x$fpl$fpinit)
    __fplib_config_pureend_doubles           0x080078b9   Thumb Code     0  fpinit.o(x$fpl$fpinit)
    _printf_fp_dec                           0x080078bb   Thumb Code     4  printf1.o(x$fpl$printf1)
    _printf_fp_hex                           0x080078bf   Thumb Code     4  printf2.o(x$fpl$printf2)
    __I$use$fp                               0x080078c2   Number         0  usenofp.o(x$fpl$usenofp)
    osRtxConfig                              0x080079c0   Data         112  rtx_lib.o(.rodata)
    os_cb_sections                           0x08007a30   Data          56  rtx_lib.o(.rodata)
    AHBPrescTable                            0x08007a68   Data          16  system_stm32f4xx.o(.rodata.AHBPrescTable)
    APBPrescTable                            0x08007a78   Data           8  system_stm32f4xx.o(.rodata.APBPrescTable)
    Arial12x12                               0x08007a80   Data        2400  lcd.o(.rodata.Arial12x12)
    Driver_SPI1                              0x080083e8   Data          44  spi_stm32f4xx.o(.rodata.Driver_SPI1)
    osRtxUserSVC                             0x08008460   Data           4  rtx_lib.o(.rodata.osRtxUserSVC)
    Region$$Table$$Base                      0x080084f4   Number         0  anon$$obj.o(Region$$Table)
    Region$$Table$$Limit                     0x08008514   Number         0  anon$$obj.o(Region$$Table)
    __ctype                                  0x0800853d   Data           0  lc_ctype_c.o(locale$$data)
    SPIdrv                                   0x20000000   Data           4  lcd.o(.data.SPIdrv)
    SystemCoreClock                          0x20000004   Data           4  system_stm32f4xx.o(.data.SystemCoreClock)
    osRtxInfo                                0x20000008   Data         164  rtx_kernel.o(.data.os)
    uwTickFreq                               0x200000ac   Data           1  stm32f4xx_hal.o(.data.uwTickFreq)
    uwTickPrio                               0x200000b0   Data           4  stm32f4xx_hal.o(.data.uwTickPrio)
    __libspace_start                         0x200000b8   Data          96  libspace.o(.bss)
    GPIO_InitStruct                          0x20000118   Data          20  thleds.o(.bss.GPIO_InitStruct)
    __temporary_stack_top$libspace           0x20000118   Data           0  libspace.o(.bss)
    RtcHandle                                0x20000130   Data          32  rtc.o(.bss.RtcHandle)
    aShowDate                                0x2000017c   Data          50  rtc.o(.bss.aShowDate)
    aShowTime                                0x200001ae   Data          50  rtc.o(.bss.aShowTime)
    buffer                                   0x200001e0   Data         512  lcd.o(.bss.buffer)
    htim7                                    0x200003e0   Data          64  lcd.o(.bss.htim7)
    mid_RTCQueue                             0x20000420   Data           4  rtc.o(.bss.mid_RTCQueue)
    msg_enviado                              0x20000424   Data         129  rtc.o(.bss.msg_enviado)
    msg_recibido                             0x200004a5   Data         129  thlcd.o(.bss.msg_recibido)
    .bss.os.msgqueue.cb$$Base                0x2000856c   Number         0  rtx_lib.o(.bss.os.msgqueue.cb)
    .bss.os.msgqueue.cb$$Limit               0x200085a0   Number         0  rtx_lib.o(.bss.os.msgqueue.cb)
    .bss.os.thread.cb$$Base                  0x200085f0   Number         0  rtx_lib.o(.bss.os.thread.cb)
    .bss.os.thread.cb$$Limit                 0x20008678   Number         0  rtx_lib.o(.bss.os.thread.cb)
    positionL1                               0x20008a7a   Data           2  lcd.o(.bss.positionL1)
    positionL2                               0x20008a7c   Data           2  lcd.o(.bss.positionL2)
    status                                   0x20008a80   Data           4  thlcd.o(.bss.status)
    tid_RTC                                  0x20008a84   Data           4  rtc.o(.bss.tid_RTC)
    tid_ThLED                                0x20008a88   Data           4  thleds.o(.bss.tid_ThLED)
    tid_Thread2                              0x20008a8c   Data           4  thlcd.o(.bss.tid_Thread2)



==============================================================================

Memory Map of the image

  Image Entry point : 0x080001ad

  Load Region LR_IROM1 (Base: 0x08000000, Size: 0x000086f8, Max: 0x00200000, ABSOLUTE)

    Execution Region ER_IROM1 (Exec base: 0x08000000, Load base: 0x08000000, Size: 0x00008640, Max: 0x00200000, ABSOLUTE)

    Exec Addr    Load Addr    Size         Type   Attr      Idx    E Section Name        Object

    0x08000000   0x08000000   0x000001ac   Data   RO         1185    RESET               startup_stm32f429xx.o
    0x080001ac   0x080001ac   0x00000008   Code   RO         1706  * !!!main             c_w.l(__main.o)
    0x080001b4   0x080001b4   0x00000034   Code   RO         2053    !!!scatter          c_w.l(__scatter.o)
    0x080001e8   0x080001e8   0x0000001a   Code   RO         2055    !!handler_copy      c_w.l(__scatter_copy.o)
    0x08000202   0x08000202   0x00000002   PAD
    0x08000204   0x08000204   0x0000001c   Code   RO         2057    !!handler_zi        c_w.l(__scatter_zi.o)
    0x08000220   0x08000220   0x00000000   Code   RO         1794    .ARM.Collect$$_printf_percent$$00000000  c_w.l(_printf_percent.o)
    0x08000220   0x08000220   0x00000006   Code   RO         1783    .ARM.Collect$$_printf_percent$$00000001  c_w.l(_printf_n.o)
    0x08000226   0x08000226   0x00000006   Code   RO         1785    .ARM.Collect$$_printf_percent$$00000002  c_w.l(_printf_p.o)
    0x0800022c   0x0800022c   0x00000006   Code   RO         1790    .ARM.Collect$$_printf_percent$$00000003  c_w.l(_printf_f.o)
    0x08000232   0x08000232   0x00000006   Code   RO         1791    .ARM.Collect$$_printf_percent$$00000004  c_w.l(_printf_e.o)
    0x08000238   0x08000238   0x00000006   Code   RO         1792    .ARM.Collect$$_printf_percent$$00000005  c_w.l(_printf_g.o)
    0x0800023e   0x0800023e   0x00000006   Code   RO         1793    .ARM.Collect$$_printf_percent$$00000006  c_w.l(_printf_a.o)
    0x08000244   0x08000244   0x0000000a   Code   RO         1798    .ARM.Collect$$_printf_percent$$00000007  c_w.l(_printf_ll.o)
    0x0800024e   0x0800024e   0x00000006   Code   RO         1787    .ARM.Collect$$_printf_percent$$00000008  c_w.l(_printf_i.o)
    0x08000254   0x08000254   0x00000006   Code   RO         1788    .ARM.Collect$$_printf_percent$$00000009  c_w.l(_printf_d.o)
    0x0800025a   0x0800025a   0x00000006   Code   RO         1789    .ARM.Collect$$_printf_percent$$0000000A  c_w.l(_printf_u.o)
    0x08000260   0x08000260   0x00000006   Code   RO         1786    .ARM.Collect$$_printf_percent$$0000000B  c_w.l(_printf_o.o)
    0x08000266   0x08000266   0x00000006   Code   RO         1784    .ARM.Collect$$_printf_percent$$0000000C  c_w.l(_printf_x.o)
    0x0800026c   0x0800026c   0x00000006   Code   RO         1795    .ARM.Collect$$_printf_percent$$0000000D  c_w.l(_printf_lli.o)
    0x08000272   0x08000272   0x00000006   Code   RO         1796    .ARM.Collect$$_printf_percent$$0000000E  c_w.l(_printf_lld.o)
    0x08000278   0x08000278   0x00000006   Code   RO         1797    .ARM.Collect$$_printf_percent$$0000000F  c_w.l(_printf_llu.o)
    0x0800027e   0x0800027e   0x00000006   Code   RO         1802    .ARM.Collect$$_printf_percent$$00000010  c_w.l(_printf_llo.o)
    0x08000284   0x08000284   0x00000006   Code   RO         1803    .ARM.Collect$$_printf_percent$$00000011  c_w.l(_printf_llx.o)
    0x0800028a   0x0800028a   0x0000000a   Code   RO         1799    .ARM.Collect$$_printf_percent$$00000012  c_w.l(_printf_l.o)
    0x08000294   0x08000294   0x00000006   Code   RO         1781    .ARM.Collect$$_printf_percent$$00000013  c_w.l(_printf_c.o)
    0x0800029a   0x0800029a   0x00000006   Code   RO         1782    .ARM.Collect$$_printf_percent$$00000014  c_w.l(_printf_s.o)
    0x080002a0   0x080002a0   0x00000006   Code   RO         1800    .ARM.Collect$$_printf_percent$$00000015  c_w.l(_printf_lc.o)
    0x080002a6   0x080002a6   0x00000006   Code   RO         1801    .ARM.Collect$$_printf_percent$$00000016  c_w.l(_printf_ls.o)
    0x080002ac   0x080002ac   0x00000004   Code   RO         1848    .ARM.Collect$$_printf_percent$$00000017  c_w.l(_printf_percent_end.o)
    0x080002b0   0x080002b0   0x00000002   Code   RO         1903    .ARM.Collect$$libinit$$00000000  c_w.l(libinit.o)
    0x080002b2   0x080002b2   0x00000004   Code   RO         1927    .ARM.Collect$$libinit$$00000001  c_w.l(libinit2.o)
    0x080002b6   0x080002b6   0x00000000   Code   RO         1930    .ARM.Collect$$libinit$$00000004  c_w.l(libinit2.o)
    0x080002b6   0x080002b6   0x00000000   Code   RO         1933    .ARM.Collect$$libinit$$0000000A  c_w.l(libinit2.o)
    0x080002b6   0x080002b6   0x00000000   Code   RO         1935    .ARM.Collect$$libinit$$0000000C  c_w.l(libinit2.o)
    0x080002b6   0x080002b6   0x00000000   Code   RO         1937    .ARM.Collect$$libinit$$0000000E  c_w.l(libinit2.o)
    0x080002b6   0x080002b6   0x00000006   Code   RO         1938    .ARM.Collect$$libinit$$0000000F  c_w.l(libinit2.o)
    0x080002bc   0x080002bc   0x00000000   Code   RO         1940    .ARM.Collect$$libinit$$00000011  c_w.l(libinit2.o)
    0x080002bc   0x080002bc   0x0000000c   Code   RO         1941    .ARM.Collect$$libinit$$00000012  c_w.l(libinit2.o)
    0x080002c8   0x080002c8   0x00000000   Code   RO         1942    .ARM.Collect$$libinit$$00000013  c_w.l(libinit2.o)
    0x080002c8   0x080002c8   0x00000000   Code   RO         1944    .ARM.Collect$$libinit$$00000015  c_w.l(libinit2.o)
    0x080002c8   0x080002c8   0x0000000a   Code   RO         1945    .ARM.Collect$$libinit$$00000016  c_w.l(libinit2.o)
    0x080002d2   0x080002d2   0x00000000   Code   RO         1946    .ARM.Collect$$libinit$$00000017  c_w.l(libinit2.o)
    0x080002d2   0x080002d2   0x00000000   Code   RO         1948    .ARM.Collect$$libinit$$00000019  c_w.l(libinit2.o)
    0x080002d2   0x080002d2   0x00000000   Code   RO         1950    .ARM.Collect$$libinit$$0000001B  c_w.l(libinit2.o)
    0x080002d2   0x080002d2   0x00000000   Code   RO         1952    .ARM.Collect$$libinit$$0000001D  c_w.l(libinit2.o)
    0x080002d2   0x080002d2   0x00000000   Code   RO         1954    .ARM.Collect$$libinit$$0000001F  c_w.l(libinit2.o)
    0x080002d2   0x080002d2   0x00000000   Code   RO         1956    .ARM.Collect$$libinit$$00000021  c_w.l(libinit2.o)
    0x080002d2   0x080002d2   0x00000000   Code   RO         1958    .ARM.Collect$$libinit$$00000023  c_w.l(libinit2.o)
    0x080002d2   0x080002d2   0x00000000   Code   RO         1960    .ARM.Collect$$libinit$$00000025  c_w.l(libinit2.o)
    0x080002d2   0x080002d2   0x00000000   Code   RO         1964    .ARM.Collect$$libinit$$0000002C  c_w.l(libinit2.o)
    0x080002d2   0x080002d2   0x00000000   Code   RO         1966    .ARM.Collect$$libinit$$0000002E  c_w.l(libinit2.o)
    0x080002d2   0x080002d2   0x00000000   Code   RO         1968    .ARM.Collect$$libinit$$00000030  c_w.l(libinit2.o)
    0x080002d2   0x080002d2   0x00000000   Code   RO         1970    .ARM.Collect$$libinit$$00000032  c_w.l(libinit2.o)
    0x080002d2   0x080002d2   0x00000002   Code   RO         1971    .ARM.Collect$$libinit$$00000033  c_w.l(libinit2.o)
    0x080002d4   0x080002d4   0x00000002   Code   RO         2008    .ARM.Collect$$libshutdown$$00000000  c_w.l(libshutdown.o)
    0x080002d6   0x080002d6   0x00000000   Code   RO         2036    .ARM.Collect$$libshutdown$$00000002  c_w.l(libshutdown2.o)
    0x080002d6   0x080002d6   0x00000000   Code   RO         2038    .ARM.Collect$$libshutdown$$00000004  c_w.l(libshutdown2.o)
    0x080002d6   0x080002d6   0x00000000   Code   RO         2041    .ARM.Collect$$libshutdown$$00000007  c_w.l(libshutdown2.o)
    0x080002d6   0x080002d6   0x00000000   Code   RO         2044    .ARM.Collect$$libshutdown$$0000000A  c_w.l(libshutdown2.o)
    0x080002d6   0x080002d6   0x00000000   Code   RO         2046    .ARM.Collect$$libshutdown$$0000000C  c_w.l(libshutdown2.o)
    0x080002d6   0x080002d6   0x00000000   Code   RO         2049    .ARM.Collect$$libshutdown$$0000000F  c_w.l(libshutdown2.o)
    0x080002d6   0x080002d6   0x00000002   Code   RO         2050    .ARM.Collect$$libshutdown$$00000010  c_w.l(libshutdown2.o)
    0x080002d8   0x080002d8   0x00000000   Code   RO         1708    .ARM.Collect$$rtentry$$00000000  c_w.l(__rtentry.o)
    0x080002d8   0x080002d8   0x00000000   Code   RO         1815    .ARM.Collect$$rtentry$$00000002  c_w.l(__rtentry2.o)
    0x080002d8   0x080002d8   0x00000006   Code   RO         1827    .ARM.Collect$$rtentry$$00000004  c_w.l(__rtentry4.o)
    0x080002de   0x080002de   0x00000008   Code   RO         1816    .ARM.Collect$$rtentry$$00000008  c_w.l(__rtentry2.o)
    0x080002e6   0x080002e6   0x00000004   Code   RO         1818    .ARM.Collect$$rtentry$$0000000A  c_w.l(__rtentry2.o)
    0x080002ea   0x080002ea   0x00000000   Code   RO         1820    .ARM.Collect$$rtentry$$0000000C  c_w.l(__rtentry2.o)
    0x080002ea   0x080002ea   0x00000008   Code   RO         1821    .ARM.Collect$$rtentry$$0000000D  c_w.l(__rtentry2.o)
    0x080002f2   0x080002f2   0x00000002   Code   RO         1912    .ARM.Collect$$rtexit$$00000000  c_w.l(rtexit.o)
    0x080002f4   0x080002f4   0x00000000   Code   RO         1977    .ARM.Collect$$rtexit$$00000002  c_w.l(rtexit2.o)
    0x080002f4   0x080002f4   0x00000004   Code   RO         1978    .ARM.Collect$$rtexit$$00000003  c_w.l(rtexit2.o)
    0x080002f8   0x080002f8   0x00000006   Code   RO         1979    .ARM.Collect$$rtexit$$00000004  c_w.l(rtexit2.o)
    0x080002fe   0x080002fe   0x00000002   PAD
    0x08000300   0x08000300   0x00000040   Code   RO         1186    .text               startup_stm32f429xx.o
    0x08000340   0x08000340   0x000000c8   Code   RO         1578    .text               RTX_CM4F.lib(irq_armv7m.o)
    0x08000408   0x08000408   0x000000f0   Code   RO         1694    .text               c_w.l(lludivv7m.o)
    0x080004f8   0x080004f8   0x0000002c   Code   RO         1696    .text               c_w.l(sprintf.o)
    0x08000524   0x08000524   0x0000008a   Code   RO         1698    .text               c_w.l(rt_memcpy_v6.o)
    0x080005ae   0x080005ae   0x00000044   Code   RO         1700    .text               c_w.l(rt_memclr.o)
    0x080005f2   0x080005f2   0x0000004e   Code   RO         1702    .text               c_w.l(rt_memclr_w.o)
    0x08000640   0x08000640   0x00000006   Code   RO         1704    .text               c_w.l(heapauxi.o)
    0x08000646   0x08000646   0x0000004e   Code   RO         1715    .text               c_w.l(_printf_pad.o)
    0x08000694   0x08000694   0x00000024   Code   RO         1717    .text               c_w.l(_printf_truncate.o)
    0x080006b8   0x080006b8   0x00000052   Code   RO         1719    .text               c_w.l(_printf_str.o)
    0x0800070a   0x0800070a   0x00000002   PAD
    0x0800070c   0x0800070c   0x00000078   Code   RO         1721    .text               c_w.l(_printf_dec.o)
    0x08000784   0x08000784   0x00000028   Code   RO         1723    .text               c_w.l(_printf_charcount.o)
    0x080007ac   0x080007ac   0x00000030   Code   RO         1725    .text               c_w.l(_printf_char_common.o)
    0x080007dc   0x080007dc   0x0000000a   Code   RO         1727    .text               c_w.l(_sputc.o)
    0x080007e6   0x080007e6   0x00000002   PAD
    0x080007e8   0x080007e8   0x000000bc   Code   RO         1729    .text               c_w.l(_printf_wctomb.o)
    0x080008a4   0x080008a4   0x0000007c   Code   RO         1732    .text               c_w.l(_printf_longlong_dec.o)
    0x08000920   0x08000920   0x00000070   Code   RO         1738    .text               c_w.l(_printf_oct_int_ll.o)
    0x08000990   0x08000990   0x00000094   Code   RO         1758    .text               c_w.l(_printf_hex_int_ll_ptr.o)
    0x08000a24   0x08000a24   0x00000188   Code   RO         1778    .text               c_w.l(__printf_flags_ss_wp.o)
    0x08000bac   0x08000bac   0x00000064   Code   RO         1804    .text               c_w.l(rt_memcpy_w.o)
    0x08000c10   0x08000c10   0x0000008a   Code   RO         1831    .text               c_w.l(lludiv10.o)
    0x08000c9a   0x08000c9a   0x000000b2   Code   RO         1833    .text               c_w.l(_printf_intcommon.o)
    0x08000d4c   0x08000d4c   0x0000041c   Code   RO         1835    .text               c_w.l(_printf_fp_dec.o)
    0x08001168   0x08001168   0x000002fc   Code   RO         1839    .text               c_w.l(_printf_fp_hex.o)
    0x08001464   0x08001464   0x0000002c   Code   RO         1844    .text               c_w.l(_printf_char.o)
    0x08001490   0x08001490   0x0000002c   Code   RO         1846    .text               c_w.l(_printf_wchar.o)
    0x080014bc   0x080014bc   0x00000048   Code   RO         1849    .text               c_w.l(_c16rtomb.o)
    0x08001504   0x08001504   0x0000004a   Code   RO         1851    .text               c_w.l(sys_stackheap_outer.o)
    0x0800154e   0x0800154e   0x00000002   PAD
    0x08001550   0x08001550   0x00000010   Code   RO         1853    .text               c_w.l(rt_ctype_table.o)
    0x08001560   0x08001560   0x0000000a   Code   RO         1860    .text               c_w.l(rt_locale_twolibspace.o)
    0x0800156a   0x0800156a   0x00000002   PAD
    0x0800156c   0x0800156c   0x00000080   Code   RO         1862    .text               c_w.l(_printf_fp_infnan.o)
    0x080015ec   0x080015ec   0x000000e4   Code   RO         1864    .text               c_w.l(bigflt0.o)
    0x080016d0   0x080016d0   0x00000012   Code   RO         1894    .text               c_w.l(exit.o)
    0x080016e2   0x080016e2   0x00000002   PAD
    0x080016e4   0x080016e4   0x00000008   Code   RO         1909    .text               c_w.l(libspace.o)
    0x080016ec   0x080016ec   0x00000004   PAD
    0x080016f0   0x080016f0   0x0000007c   Code   RO         1925    .text               c_w.l(strcmpv7em.o)
    0x0800176c   0x0800176c   0x0000000c   Code   RO         1972    .text               c_w.l(sys_exit.o)
    0x08001778   0x08001778   0x00000002   Code   RO         1997    .text               c_w.l(use_no_semi.o)
    0x0800177a   0x0800177a   0x00000000   Code   RO         1999    .text               c_w.l(indicate_semi.o)
    0x0800177a   0x0800177a   0x00000002   PAD
    0x0800177c   0x0800177c   0x00000004   Code   RO           51    .text.BusFault_Handler  stm32f4xx_it.o
    0x08001780   0x08001780   0x00000002   Code   RO           55    .text.DebugMon_Handler  stm32f4xx_it.o
    0x08001782   0x08001782   0x00000002   PAD
    0x08001784   0x08001784   0x000000de   Code   RO          222    .text.Disable_SPI_Clock  spi_stm32f4xx.o
    0x08001862   0x08001862   0x00000002   PAD
    0x08001864   0x08001864   0x00000256   Code   RO          212    .text.Enable_GPIO_Clock  spi_stm32f4xx.o
    0x08001aba   0x08001aba   0x00000002   PAD
    0x08001abc   0x08001abc   0x0000014a   Code   RO          224    .text.Enable_SPI_Clock  spi_stm32f4xx.o
    0x08001c06   0x08001c06   0x00000002   PAD
    0x08001c08   0x08001c08   0x00000004   Code   RO            8    .text.Error_Handler  main.o
    0x08001c0c   0x08001c0c   0x000000dc   Code   RO           85    .text.GPIO_LCD_Init  lcd.o
    0x08001ce8   0x08001ce8   0x00000044   Code   RO          431    .text.HAL_DMA_Abort_IT  stm32f4xx_hal_dma.o
    0x08001d2c   0x08001d2c   0x0000025c   Code   RO          470    .text.HAL_GPIO_DeInit  stm32f4xx_hal_gpio.o
    0x08001f88   0x08001f88   0x000003f0   Code   RO          468    .text.HAL_GPIO_Init  stm32f4xx_hal_gpio.o
    0x08002378   0x08002378   0x0000002e   Code   RO          474    .text.HAL_GPIO_WritePin  stm32f4xx_hal_gpio.o
    0x080023a6   0x080023a6   0x00000002   PAD
    0x080023a8   0x080023a8   0x0000000e   Code   RO          283    .text.HAL_GetREVID  stm32f4xx_hal.o
    0x080023b6   0x080023b6   0x00000002   PAD
    0x080023b8   0x080023b8   0x00000066   Code   RO            2    .text.HAL_GetTick   main.o
    0x0800241e   0x0800241e   0x00000002   PAD
    0x08002420   0x08002420   0x0000002e   Code   RO          255    .text.HAL_Init      stm32f4xx_hal.o
    0x0800244e   0x0800244e   0x00000002   PAD
    0x08002450   0x08002450   0x00000070   Code   RO          257    .text.HAL_InitTick  stm32f4xx_hal.o
    0x080024c0   0x080024c0   0x00000002   Code   RO          259    .text.HAL_MspInit   stm32f4xx_hal.o
    0x080024c2   0x080024c2   0x00000002   PAD
    0x080024c4   0x080024c4   0x00000014   Code   RO          339    .text.HAL_NVIC_DisableIRQ  stm32f4xx_hal_cortex.o
    0x080024d8   0x080024d8   0x00000014   Code   RO          335    .text.HAL_NVIC_EnableIRQ  stm32f4xx_hal_cortex.o
    0x080024ec   0x080024ec   0x00000032   Code   RO          327    .text.HAL_NVIC_SetPriority  stm32f4xx_hal_cortex.o
    0x0800251e   0x0800251e   0x00000002   PAD
    0x08002520   0x08002520   0x00000010   Code   RO          323    .text.HAL_NVIC_SetPriorityGrouping  stm32f4xx_hal_cortex.o
    0x08002530   0x08002530   0x00000262   Code   RO          561    .text.HAL_RCC_ClockConfig  stm32f4xx_hal_rcc.o
    0x08002792   0x08002792   0x00000002   PAD
    0x08002794   0x08002794   0x0000000c   Code   RO          571    .text.HAL_RCC_GetHCLKFreq  stm32f4xx_hal_rcc.o
    0x080027a0   0x080027a0   0x00000022   Code   RO          575    .text.HAL_RCC_GetPCLK2Freq  stm32f4xx_hal_rcc.o
    0x080027c2   0x080027c2   0x00000002   PAD
    0x080027c4   0x080027c4   0x000000e6   Code   RO          563    .text.HAL_RCC_GetSysClockFreq  stm32f4xx_hal_rcc.o
    0x080028aa   0x080028aa   0x00000002   PAD
    0x080028ac   0x080028ac   0x000006a4   Code   RO          559    .text.HAL_RCC_OscConfig  stm32f4xx_hal_rcc.o
    0x08002f50   0x08002f50   0x00000024   Code   RO          706    .text.HAL_RTCEx_BKUPRead  stm32f4xx_hal_rtc_ex.o
    0x08002f74   0x08002f74   0x00000028   Code   RO          704    .text.HAL_RTCEx_BKUPWrite  stm32f4xx_hal_rtc_ex.o
    0x08002f9c   0x08002f9c   0x0000001e   Code   RO           59    .text.HAL_RTC_AlarmAEventCallback  stm32f4xx_it.o
    0x08002fba   0x08002fba   0x00000002   PAD
    0x08002fbc   0x08002fbc   0x00000078   Code   RO          637    .text.HAL_RTC_GetDate  stm32f4xx_hal_rtc.o
    0x08003034   0x08003034   0x00000094   Code   RO          631    .text.HAL_RTC_GetTime  stm32f4xx_hal_rtc.o
    0x080030c8   0x080030c8   0x000002b4   Code   RO          641    .text.HAL_RTC_SetAlarm_IT  stm32f4xx_hal_rtc.o
    0x0800337c   0x0800337c   0x00000010   Code   RO          347    .text.HAL_SYSTICK_Config  stm32f4xx_hal_cortex.o
    0x0800338c   0x0800338c   0x00000062   Code   RO          870    .text.HAL_TIM_Base_DeInit  stm32f4xx_hal_tim.o
    0x080033ee   0x080033ee   0x00000002   PAD
    0x080033f0   0x080033f0   0x00000058   Code   RO          864    .text.HAL_TIM_Base_Init  stm32f4xx_hal_tim.o
    0x08003448   0x08003448   0x00000008   Code   RO          872    .text.HAL_TIM_Base_MspDeInit  stm32f4xx_hal_tim.o
    0x08003450   0x08003450   0x00000008   Code   RO          866    .text.HAL_TIM_Base_MspInit  stm32f4xx_hal_tim.o
    0x08003458   0x08003458   0x0000003c   Code   RO          874    .text.HAL_TIM_Base_Start  stm32f4xx_hal_tim.o
    0x08003494   0x08003494   0x0000004e   Code   RO          876    .text.HAL_TIM_Base_Stop  stm32f4xx_hal_tim.o
    0x080034e2   0x080034e2   0x00000002   PAD
    0x080034e4   0x080034e4   0x00000004   Code   RO           47    .text.HardFault_Handler  stm32f4xx_it.o
    0x080034e8   0x080034e8   0x00000024   Code   RO           23    .text.Init_MsgQueue  rtc.o
    0x0800350c   0x0800350c   0x0000003a   Code   RO           68    .text.Init_ThLED    thleds.o
    0x08003546   0x08003546   0x00000002   PAD
    0x08003548   0x08003548   0x0000003a   Code   RO           19    .text.Init_ThRTC    rtc.o
    0x08003582   0x08003582   0x00000002   PAD
    0x08003584   0x08003584   0x0000003a   Code   RO          118    .text.Init_Thread2  thlcd.o
    0x080035be   0x080035be   0x00000002   PAD
    0x080035c0   0x080035c0   0x00000018   Code   RO          103    .text.LCD_Clean     lcd.o
    0x080035d8   0x080035d8   0x0000004c   Code   RO           93    .text.LCD_init      lcd.o
    0x08003624   0x08003624   0x00000076   Code   RO           83    .text.LCD_reset     lcd.o
    0x0800369a   0x0800369a   0x00000002   PAD
    0x0800369c   0x0800369c   0x000000fa   Code   RO           95    .text.LCD_update    lcd.o
    0x08003796   0x08003796   0x00000002   PAD
    0x08003798   0x08003798   0x0000007e   Code   RO           91    .text.LCD_wr_cmd    lcd.o
    0x08003816   0x08003816   0x00000002   PAD
    0x08003818   0x08003818   0x0000007e   Code   RO           89    .text.LCD_wr_data   lcd.o
    0x08003896   0x08003896   0x00000002   PAD
    0x08003898   0x08003898   0x0000004a   Code   RO           72    .text.LED_Initialize  thleds.o
    0x080038e2   0x080038e2   0x00000002   PAD
    0x080038e4   0x080038e4   0x00000004   Code   RO           49    .text.MemManage_Handler  stm32f4xx_it.o
    0x080038e8   0x080038e8   0x00000040   Code   RO         1561    .text.MessageQueueGet  RTX_CM4F.lib(rtx_msgqueue.o)
    0x08003928   0x08003928   0x00000058   Code   RO         1555    .text.MessageQueuePut  RTX_CM4F.lib(rtx_msgqueue.o)
    0x08003980   0x08003980   0x0000001c   Code   RO         1553    .text.MessageQueueRemove  RTX_CM4F.lib(rtx_msgqueue.o)
    0x0800399c   0x0800399c   0x00000002   Code   RO           45    .text.NMI_Handler   stm32f4xx_it.o
    0x0800399e   0x0800399e   0x00000002   PAD
    0x080039a0   0x080039a0   0x0000006c   Code   RO          333    .text.NVIC_EncodePriority  stm32f4xx_hal_cortex.o
    0x08003a0c   0x08003a0c   0x00000008   Code   RO         1672    .text.OS_Tick_AcknowledgeIRQ  RTX_CM4F.lib(os_systick.o)
    0x08003a14   0x08003a14   0x00000024   Code   RO         1668    .text.OS_Tick_Enable  RTX_CM4F.lib(os_systick.o)
    0x08003a38   0x08003a38   0x00000006   Code   RO         1674    .text.OS_Tick_GetIRQn  RTX_CM4F.lib(os_systick.o)
    0x08003a3e   0x08003a3e   0x00000002   PAD
    0x08003a40   0x08003a40   0x00000040   Code   RO         1666    .text.OS_Tick_Setup  RTX_CM4F.lib(os_systick.o)
    0x08003a80   0x08003a80   0x0000000c   Code   RO         1265    .text.OUTLINED_FUNCTION_0  RTX_CM4F.lib(rtx_kernel.o)
    0x08003a8c   0x08003a8c   0x00000006   Code   RO         1407    .text.OUTLINED_FUNCTION_0  RTX_CM4F.lib(rtx_thread.o)
    0x08003a92   0x08003a92   0x0000000c   Code   RO         1569    .text.OUTLINED_FUNCTION_0  RTX_CM4F.lib(rtx_msgqueue.o)
    0x08003a9e   0x08003a9e   0x00000006   Code   RO         1267    .text.OUTLINED_FUNCTION_1  RTX_CM4F.lib(rtx_kernel.o)
    0x08003aa4   0x08003aa4   0x000000d8   Code   RO          122    .text.Pintar        thlcd.o
    0x08003b7c   0x08003b7c   0x00000010   Code   RO           57    .text.RTC_Alarm_IRQHandler  stm32f4xx_it.o
    0x08003b8c   0x08003b8c   0x0000002a   Code   RO          633    .text.RTC_Bcd2ToByte  stm32f4xx_hal_rtc.o
    0x08003bb6   0x08003bb6   0x00000002   PAD
    0x08003bb8   0x08003bb8   0x0000003a   Code   RO          629    .text.RTC_ByteToBcd2  stm32f4xx_hal_rtc.o
    0x08003bf2   0x08003bf2   0x00000002   PAD
    0x08003bf4   0x08003bf4   0x00000046   Code   RO           25    .text.RTC_CalendarConfig  rtc.o
    0x08003c3a   0x08003c3a   0x00000002   PAD
    0x08003c3c   0x08003c3c   0x0000006e   Code   RO           29    .text.RTC_CalendarShow  rtc.o
    0x08003caa   0x08003caa   0x00000002   PAD
    0x08003cac   0x08003cac   0x0000006c   Code   RO           27    .text.RTC_SetAlarm  rtc.o
    0x08003d18   0x08003d18   0x0000001c   Code   RO          202    .text.SPI1_Control  spi_stm32f4xx.o
    0x08003d34   0x08003d34   0x00000010   Code   RO          200    .text.SPI1_GetDataCount  spi_stm32f4xx.o
    0x08003d44   0x08003d44   0x00000018   Code   RO          204    .text.SPI1_GetStatus  spi_stm32f4xx.o
    0x08003d5c   0x08003d5c   0x00000010   Code   RO          180    .text.SPI1_IRQHandler  spi_stm32f4xx.o
    0x08003d6c   0x08003d6c   0x00000018   Code   RO          188    .text.SPI1_Initialize  spi_stm32f4xx.o
    0x08003d84   0x08003d84   0x0000001c   Code   RO          192    .text.SPI1_PowerControl  spi_stm32f4xx.o
    0x08003da0   0x08003da0   0x0000001c   Code   RO          196    .text.SPI1_Receive  spi_stm32f4xx.o
    0x08003dbc   0x08003dbc   0x0000001c   Code   RO          194    .text.SPI1_Send     spi_stm32f4xx.o
    0x08003dd8   0x08003dd8   0x00000020   Code   RO          198    .text.SPI1_Transfer  spi_stm32f4xx.o
    0x08003df8   0x08003df8   0x00000010   Code   RO          190    .text.SPI1_Uninitialize  spi_stm32f4xx.o
    0x08003e08   0x08003e08   0x00000014   Code   RO          186    .text.SPIX_GetCapabilities  spi_stm32f4xx.o
    0x08003e1c   0x08003e1c   0x00000014   Code   RO          184    .text.SPIX_GetVersion  spi_stm32f4xx.o
    0x08003e30   0x08003e30   0x000006f4   Code   RO          218    .text.SPI_Control   spi_stm32f4xx.o
    0x08004524   0x08004524   0x0000000e   Code   RO          236    .text.SPI_GetDataCount  spi_stm32f4xx.o
    0x08004532   0x08004532   0x00000002   PAD
    0x08004534   0x08004534   0x00000044   Code   RO          238    .text.SPI_GetStatus  spi_stm32f4xx.o
    0x08004578   0x08004578   0x00000198   Code   RO          182    .text.SPI_IRQHandler  spi_stm32f4xx.o
    0x08004710   0x08004710   0x0000012a   Code   RO          210    .text.SPI_Initialize  spi_stm32f4xx.o
    0x0800483a   0x0800483a   0x00000002   PAD
    0x0800483c   0x0800483c   0x000001bc   Code   RO          220    .text.SPI_PeripheralReset  spi_stm32f4xx.o
    0x080049f8   0x080049f8   0x00000124   Code   RO          216    .text.SPI_PowerControl  spi_stm32f4xx.o
    0x08004b1c   0x08004b1c   0x000000e2   Code   RO          232    .text.SPI_Receive   spi_stm32f4xx.o
    0x08004bfe   0x08004bfe   0x00000002   PAD
    0x08004c00   0x08004c00   0x0000009e   Code   RO          206    .text.SPI_RxData    spi_stm32f4xx.o
    0x08004c9e   0x08004c9e   0x00000002   PAD
    0x08004ca0   0x08004ca0   0x000000e2   Code   RO          230    .text.SPI_Send      spi_stm32f4xx.o
    0x08004d82   0x08004d82   0x00000002   PAD
    0x08004d84   0x08004d84   0x000000b8   Code   RO          234    .text.SPI_Transfer  spi_stm32f4xx.o
    0x08004e3c   0x08004e3c   0x000000a6   Code   RO          208    .text.SPI_TxData    spi_stm32f4xx.o
    0x08004ee2   0x08004ee2   0x00000002   PAD
    0x08004ee4   0x08004ee4   0x000000aa   Code   RO          214    .text.SPI_Uninitialize  spi_stm32f4xx.o
    0x08004f8e   0x08004f8e   0x00000002   PAD
    0x08004f90   0x08004f90   0x00000052   Code   RO          349    .text.SysTick_Config  stm32f4xx_hal_cortex.o
    0x08004fe2   0x08004fe2   0x00000002   PAD
    0x08004fe4   0x08004fe4   0x000000ca   Code   RO            6    .text.SystemClock_Config  main.o
    0x080050ae   0x080050ae   0x00000002   PAD
    0x080050b0   0x080050b0   0x0000012e   Code   RO         1195    .text.SystemCoreClockUpdate  system_stm32f4xx.o
    0x080051de   0x080051de   0x00000002   PAD
    0x080051e0   0x080051e0   0x00000020   Code   RO         1193    .text.SystemInit    system_stm32f4xx.o
    0x08005200   0x08005200   0x0000019a   Code   RO          868    .text.TIM_Base_SetConfig  stm32f4xx_hal_tim.o
    0x0800539a   0x0800539a   0x00000002   PAD
    0x0800539c   0x0800539c   0x00000058   Code   RO           70    .text.ThLED         thleds.o
    0x080053f4   0x080053f4   0x000000e6   Code   RO           21    .text.ThRTC         rtc.o
    0x080054da   0x080054da   0x00000002   PAD
    0x080054dc   0x080054dc   0x000000a0   Code   RO          120    .text.Thread2       thlcd.o
    0x0800557c   0x0800557c   0x00000064   Code   RO         1359    .text.ThreadFlagsCheck  RTX_CM4F.lib(rtx_thread.o)
    0x080055e0   0x080055e0   0x00000044   Code   RO         1459    .text.TimerInsert   RTX_CM4F.lib(rtx_timer.o)
    0x08005624   0x08005624   0x00000004   Code   RO           53    .text.UsageFault_Handler  stm32f4xx_it.o
    0x08005628   0x08005628   0x00000030   Code   RO          226    .text.__NVIC_ClearPendingIRQ  spi_stm32f4xx.o
    0x08005658   0x08005658   0x00000038   Code   RO          341    .text.__NVIC_DisableIRQ  stm32f4xx_hal_cortex.o
    0x08005690   0x08005690   0x00000030   Code   RO          228    .text.__NVIC_EnableIRQ  spi_stm32f4xx.o
    0x080056c0   0x080056c0   0x00000030   Code   RO          337    .text.__NVIC_EnableIRQ  stm32f4xx_hal_cortex.o
    0x080056f0   0x080056f0   0x00000010   Code   RO          329    .text.__NVIC_GetPriorityGrouping  stm32f4xx_hal_cortex.o
    0x08005700   0x08005700   0x00000042   Code   RO          331    .text.__NVIC_SetPriority  stm32f4xx_hal_cortex.o
    0x08005742   0x08005742   0x00000002   PAD
    0x08005744   0x08005744   0x0000003c   Code   RO          325    .text.__NVIC_SetPriorityGrouping  stm32f4xx_hal_cortex.o
    0x08005780   0x08005780   0x00000020   Code   RO          142    .text._mutex_acquire  rtx_lib.o
    0x080057a0   0x080057a0   0x00000012   Code   RO          146    .text._mutex_free   rtx_lib.o
    0x080057b2   0x080057b2   0x00000002   PAD
    0x080057b4   0x080057b4   0x00000032   Code   RO          140    .text._mutex_initialize  rtx_lib.o
    0x080057e6   0x080057e6   0x00000002   PAD
    0x080057e8   0x080057e8   0x0000001c   Code   RO          144    .text._mutex_release  rtx_lib.o
    0x08005804   0x08005804   0x00000008   Code   RO          134    .text._platform_post_stackheap_init  rtx_lib.o
    0x0800580c   0x0800580c   0x00000088   Code   RO           87    .text.delay         lcd.o
    0x08005894   0x08005894   0x0000002c   Code   RO            4    .text.main          main.o
    0x080058c0   0x080058c0   0x00000024   Code   RO         1425    .text.osDelay       RTX_CM4F.lib(rtx_delay.o)
    0x080058e4   0x080058e4   0x0000002c   Code   RO         1217    .text.osKernelGetState  RTX_CM4F.lib(rtx_kernel.o)
    0x08005910   0x08005910   0x00000028   Code   RO         1233    .text.osKernelGetTickCount  RTX_CM4F.lib(rtx_kernel.o)
    0x08005938   0x08005938   0x0000002c   Code   RO         1211    .text.osKernelInitialize  RTX_CM4F.lib(rtx_kernel.o)
    0x08005964   0x08005964   0x00000024   Code   RO         1221    .text.osKernelStart  RTX_CM4F.lib(rtx_kernel.o)
    0x08005988   0x08005988   0x00000070   Code   RO         1529    .text.osMessageQueueGet  RTX_CM4F.lib(rtx_msgqueue.o)
    0x080059f8   0x080059f8   0x00000024   Code   RO         1523    .text.osMessageQueueNew  RTX_CM4F.lib(rtx_msgqueue.o)
    0x08005a1c   0x08005a1c   0x00000080   Code   RO         1527    .text.osMessageQueuePut  RTX_CM4F.lib(rtx_msgqueue.o)
    0x08005a9c   0x08005a9c   0x00000024   Code   RO         1491    .text.osMutexAcquire  RTX_CM4F.lib(rtx_mutex.o)
    0x08005ac0   0x08005ac0   0x00000024   Code   RO         1497    .text.osMutexDelete  RTX_CM4F.lib(rtx_mutex.o)
    0x08005ae4   0x08005ae4   0x00000024   Code   RO         1487    .text.osMutexNew    RTX_CM4F.lib(rtx_mutex.o)
    0x08005b08   0x08005b08   0x00000024   Code   RO         1493    .text.osMutexRelease  RTX_CM4F.lib(rtx_mutex.o)
    0x08005b2c   0x08005b2c   0x0000002e   Code   RO          171    .text.osRtxErrorNotify  rtx_config.o
    0x08005b5a   0x08005b5a   0x00000002   PAD
    0x08005b5c   0x08005b5c   0x00000008   Code   RO          169    .text.osRtxIdleThread  rtx_config.o
    0x08005b64   0x08005b64   0x00000004   Code   RO         1209    .text.osRtxKernelErrorNotify  RTX_CM4F.lib(rtx_kernel.o)
    0x08005b68   0x08005b68   0x00000002   Code   RO         1207    .text.osRtxKernelPreInit  RTX_CM4F.lib(rtx_kernel.o)
    0x08005b6a   0x08005b6a   0x0000006c   Code   RO         1588    .text.osRtxMemoryAlloc  RTX_CM4F.lib(rtx_memory.o)
    0x08005bd6   0x08005bd6   0x00000042   Code   RO         1590    .text.osRtxMemoryFree  RTX_CM4F.lib(rtx_memory.o)
    0x08005c18   0x08005c18   0x00000036   Code   RO         1586    .text.osRtxMemoryInit  RTX_CM4F.lib(rtx_memory.o)
    0x08005c4e   0x08005c4e   0x0000003a   Code   RO         1602    .text.osRtxMemoryPoolAlloc  RTX_CM4F.lib(rtx_mempool.o)
    0x08005c88   0x08005c88   0x0000004a   Code   RO         1604    .text.osRtxMemoryPoolFree  RTX_CM4F.lib(rtx_mempool.o)
    0x08005cd2   0x08005cd2   0x00000038   Code   RO         1600    .text.osRtxMemoryPoolInit  RTX_CM4F.lib(rtx_mempool.o)
    0x08005d0a   0x08005d0a   0x000000aa   Code   RO         1551    .text.osRtxMessageQueuePostProcess  RTX_CM4F.lib(rtx_msgqueue.o)
    0x08005db4   0x08005db4   0x00000024   Code   RO         1519    .text.osRtxMessageQueueTimerSetup  RTX_CM4F.lib(rtx_msgqueue.o)
    0x08005dd8   0x08005dd8   0x00000048   Code   RO         1483    .text.osRtxMutexOwnerRelease  RTX_CM4F.lib(rtx_mutex.o)
    0x08005e20   0x08005e20   0x00000042   Code   RO         1485    .text.osRtxMutexOwnerRestore  RTX_CM4F.lib(rtx_mutex.o)
    0x08005e62   0x08005e62   0x00000002   PAD
    0x08005e64   0x08005e64   0x00000088   Code   RO         1654    .text.osRtxPendSV_Handler  RTX_CM4F.lib(rtx_system.o)
    0x08005eec   0x08005eec   0x00000070   Code   RO         1656    .text.osRtxPostProcess  RTX_CM4F.lib(rtx_system.o)
    0x08005f5c   0x08005f5c   0x00000034   Code   RO         1299    .text.osRtxThreadBlock  RTX_CM4F.lib(rtx_thread.o)
    0x08005f90   0x08005f90   0x0000007c   Code   RO         1307    .text.osRtxThreadDelayInsert  RTX_CM4F.lib(rtx_thread.o)
    0x0800600c   0x0800600c   0x0000003c   Code   RO         1303    .text.osRtxThreadDelayRemove  RTX_CM4F.lib(rtx_thread.o)
    0x08006048   0x08006048   0x00000048   Code   RO         1289    .text.osRtxThreadDelayTick  RTX_CM4F.lib(rtx_thread.o)
    0x08006090   0x08006090   0x00000020   Code   RO         1391    .text.osRtxThreadDestroy  RTX_CM4F.lib(rtx_thread.o)
    0x080060b0   0x080060b0   0x00000050   Code   RO         1297    .text.osRtxThreadDispatch  RTX_CM4F.lib(rtx_thread.o)
    0x08006100   0x08006100   0x00000058   Code   RO         1383    .text.osRtxThreadFree  RTX_CM4F.lib(rtx_thread.o)
    0x08006158   0x08006158   0x0000001e   Code   RO         1389    .text.osRtxThreadJoinWakeup  RTX_CM4F.lib(rtx_thread.o)
    0x08006176   0x08006176   0x00000012   Code   RO         1281    .text.osRtxThreadListGet  RTX_CM4F.lib(rtx_thread.o)
    0x08006188   0x08006188   0x0000002c   Code   RO         1279    .text.osRtxThreadListPut  RTX_CM4F.lib(rtx_thread.o)
    0x080061b4   0x080061b4   0x00000014   Code   RO         1285    .text.osRtxThreadListRemove  RTX_CM4F.lib(rtx_thread.o)
    0x080061c8   0x080061c8   0x0000000c   Code   RO         1291    .text.osRtxThreadListRoot  RTX_CM4F.lib(rtx_thread.o)
    0x080061d4   0x080061d4   0x00000026   Code   RO         1283    .text.osRtxThreadListSort  RTX_CM4F.lib(rtx_thread.o)
    0x080061fa   0x080061fa   0x00000028   Code   RO         1357    .text.osRtxThreadPostProcess  RTX_CM4F.lib(rtx_thread.o)
    0x08006222   0x08006222   0x00000002   PAD
    0x08006224   0x08006224   0x00000014   Code   RO         1287    .text.osRtxThreadReadyPut  RTX_CM4F.lib(rtx_thread.o)
    0x08006238   0x08006238   0x00000014   Code   RO         1293    .text.osRtxThreadRegPtr  RTX_CM4F.lib(rtx_thread.o)
    0x0800624c   0x0800624c   0x00000038   Code   RO         1309    .text.osRtxThreadStartup  RTX_CM4F.lib(rtx_thread.o)
    0x08006284   0x08006284   0x0000000c   Code   RO         1295    .text.osRtxThreadSwitch  RTX_CM4F.lib(rtx_thread.o)
    0x08006290   0x08006290   0x0000003c   Code   RO         1305    .text.osRtxThreadWaitEnter  RTX_CM4F.lib(rtx_thread.o)
    0x080062cc   0x080062cc   0x00000030   Code   RO         1301    .text.osRtxThreadWaitExit  RTX_CM4F.lib(rtx_thread.o)
    0x080062fc   0x080062fc   0x00000078   Code   RO         1652    .text.osRtxTick_Handler  RTX_CM4F.lib(rtx_system.o)
    0x08006374   0x08006374   0x00000020   Code   RO         1441    .text.osRtxTimerSetup  RTX_CM4F.lib(rtx_timer.o)
    0x08006394   0x08006394   0x00000020   Code   RO         1445    .text.osRtxTimerThread  RTX_CM4F.lib(rtx_timer.o)
    0x080063b4   0x080063b4   0x00000070   Code   RO         1443    .text.osRtxTimerTick  RTX_CM4F.lib(rtx_timer.o)
    0x08006424   0x08006424   0x0000000c   Code   RO         1341    .text.osThreadExit  RTX_CM4F.lib(rtx_thread.o)
    0x08006430   0x08006430   0x00000058   Code   RO         1349    .text.osThreadFlagsSet  RTX_CM4F.lib(rtx_thread.o)
    0x08006488   0x08006488   0x00000024   Code   RO         1355    .text.osThreadFlagsWait  RTX_CM4F.lib(rtx_thread.o)
    0x080064ac   0x080064ac   0x00000024   Code   RO         1313    .text.osThreadNew   RTX_CM4F.lib(rtx_thread.o)
    0x080064d0   0x080064d0   0x00000024   Code   RO         1331    .text.osThreadYield  RTX_CM4F.lib(rtx_thread.o)
    0x080064f4   0x080064f4   0x00000036   Code   RO          138    .text.os_kernel_is_active  rtx_lib.o
    0x0800652a   0x0800652a   0x00000016   Code   RO         1429    .text.svcRtxDelay   RTX_CM4F.lib(rtx_delay.o)
    0x08006540   0x08006540   0x00000008   Code   RO         1219    .text.svcRtxKernelGetState  RTX_CM4F.lib(rtx_kernel.o)
    0x08006548   0x08006548   0x0000000c   Code   RO         1235    .text.svcRtxKernelGetTickCount  RTX_CM4F.lib(rtx_kernel.o)
    0x08006554   0x08006554   0x000000fc   Code   RO         1249    .text.svcRtxKernelInitialize  RTX_CM4F.lib(rtx_kernel.o)
    0x08006650   0x08006650   0x00000088   Code   RO         1251    .text.svcRtxKernelStart  RTX_CM4F.lib(rtx_kernel.o)
    0x080066d8   0x080066d8   0x000000d8   Code   RO         1563    .text.svcRtxMessageQueueGet  RTX_CM4F.lib(rtx_msgqueue.o)
    0x080067b0   0x080067b0   0x00000118   Code   RO         1521    .text.svcRtxMessageQueueNew  RTX_CM4F.lib(rtx_msgqueue.o)
    0x080068c8   0x080068c8   0x000000b0   Code   RO         1559    .text.svcRtxMessageQueuePut  RTX_CM4F.lib(rtx_msgqueue.o)
    0x08006978   0x08006978   0x00000090   Code   RO         1503    .text.svcRtxMutexAcquire  RTX_CM4F.lib(rtx_mutex.o)
    0x08006a08   0x08006a08   0x000000ac   Code   RO         1509    .text.svcRtxMutexDelete  RTX_CM4F.lib(rtx_mutex.o)
    0x08006ab4   0x08006ab4   0x00000068   Code   RO         1499    .text.svcRtxMutexNew  RTX_CM4F.lib(rtx_mutex.o)
    0x08006b1c   0x08006b1c   0x000000b4   Code   RO         1505    .text.svcRtxMutexRelease  RTX_CM4F.lib(rtx_mutex.o)
    0x08006bd0   0x08006bd0   0x0000004c   Code   RO         1387    .text.svcRtxThreadExit  RTX_CM4F.lib(rtx_thread.o)
    0x08006c1c   0x08006c1c   0x00000066   Code   RO         1399    .text.svcRtxThreadFlagsSet  RTX_CM4F.lib(rtx_thread.o)
    0x08006c82   0x08006c82   0x00000002   PAD
    0x08006c84   0x08006c84   0x0000004c   Code   RO         1405    .text.svcRtxThreadFlagsWait  RTX_CM4F.lib(rtx_thread.o)
    0x08006cd0   0x08006cd0   0x000001ec   Code   RO         1311    .text.svcRtxThreadNew  RTX_CM4F.lib(rtx_thread.o)
    0x08006ebc   0x08006ebc   0x00000038   Code   RO         1373    .text.svcRtxThreadYield  RTX_CM4F.lib(rtx_thread.o)
    0x08006ef4   0x08006ef4   0x000000c0   Code   RO           97    .text.symbolToLocalBuffer_L1  lcd.o
    0x08006fb4   0x08006fb4   0x000000c4   Code   RO           99    .text.symbolToLocalBuffer_L2  lcd.o
    0x08007078   0x08007078   0x0000003e   Code   RO         1867    CL$$btod_d2e        c_w.l(btod.o)
    0x080070b6   0x080070b6   0x00000046   Code   RO         1869    CL$$btod_d2e_denorm_low  c_w.l(btod.o)
    0x080070fc   0x080070fc   0x00000060   Code   RO         1868    CL$$btod_d2e_norm_op1  c_w.l(btod.o)
    0x0800715c   0x0800715c   0x00000338   Code   RO         1877    CL$$btod_div_common  c_w.l(btod.o)
    0x08007494   0x08007494   0x000000dc   Code   RO         1874    CL$$btod_e2e        c_w.l(btod.o)
    0x08007570   0x08007570   0x0000002a   Code   RO         1871    CL$$btod_ediv       c_w.l(btod.o)
    0x0800759a   0x0800759a   0x0000002a   Code   RO         1870    CL$$btod_emul       c_w.l(btod.o)
    0x080075c4   0x080075c4   0x00000244   Code   RO         1876    CL$$btod_mult_common  c_w.l(btod.o)
    0x08007808   0x08007808   0x00000030   Code   RO         1907    i.__ARM_fpclassify  m_wm.l(fpclassify.o)
    0x08007838   0x08007838   0x0000000e   Code   RO         1771    i._is_digit         c_w.l(__printf_wp.o)
    0x08007846   0x08007846   0x00000002   PAD
    0x08007848   0x08007848   0x0000002c   Code   RO         1892    locale$$code        c_w.l(lc_numeric_c.o)
    0x08007874   0x08007874   0x0000002c   Code   RO         1919    locale$$code        c_w.l(lc_ctype_c.o)
    0x080078a0   0x080078a0   0x0000001a   Code   RO         1991    x$fpl$fpinit        fz_wm.l(fpinit.o)
    0x080078ba   0x080078ba   0x00000004   Code   RO         1806    x$fpl$printf1       fz_wm.l(printf1.o)
    0x080078be   0x080078be   0x00000004   Code   RO         1808    x$fpl$printf2       fz_wm.l(printf2.o)
    0x080078c2   0x080078c2   0x00000000   Code   RO         1906    x$fpl$usenofp       fz_wm.l(usenofp.o)
    0x080078c2   0x080078c2   0x00000002   PAD
    0x080078c4   0x080078c4   0x00000008   Data   RO         1730    .constdata          c_w.l(_printf_wctomb.o)
    0x080078cc   0x080078cc   0x00000028   Data   RO         1759    .constdata          c_w.l(_printf_hex_int_ll_ptr.o)
    0x080078f4   0x080078f4   0x00000011   Data   RO         1779    .constdata          c_w.l(__printf_flags_ss_wp.o)
    0x08007905   0x08007905   0x00000026   Data   RO         1840    .constdata          c_w.l(_printf_fp_hex.o)
    0x0800792b   0x0800792b   0x00000001   PAD
    0x0800792c   0x0800792c   0x00000094   Data   RO         1865    .constdata          c_w.l(bigflt0.o)
    0x080079c0   0x080079c0   0x000000a8   Data   RO          152    .rodata             rtx_lib.o
    0x08007a68   0x08007a68   0x00000010   Data   RO         1198    .rodata.AHBPrescTable  system_stm32f4xx.o
    0x08007a78   0x08007a78   0x00000008   Data   RO         1199    .rodata.APBPrescTable  system_stm32f4xx.o
    0x08007a80   0x08007a80   0x00000960   Data   RO          105    .rodata.Arial12x12  lcd.o
    0x080083e0   0x080083e0   0x00000004   Data   RO          247    .rodata.DriverCapabilities  spi_stm32f4xx.o
    0x080083e4   0x080083e4   0x00000004   Data   RO          246    .rodata.DriverVersion  spi_stm32f4xx.o
    0x080083e8   0x080083e8   0x0000002c   Data   RO          241    .rodata.Driver_SPI1  spi_stm32f4xx.o
    0x08008414   0x08008414   0x0000002c   Data   RO          240    .rodata.SPI1_Resources  spi_stm32f4xx.o
    0x08008440   0x08008440   0x00000010   Data   RO          242    .rodata.SPI1_mosi   spi_stm32f4xx.o
    0x08008450   0x08008450   0x00000010   Data   RO          243    .rodata.SPI1_sck    spi_stm32f4xx.o
    0x08008460   0x08008460   0x00000004   Data   RO          154    .rodata.osRtxUserSVC  rtx_lib.o
    0x08008464   0x08008464   0x00000024   Data   RO          149    .rodata.os_idle_thread_attr  rtx_lib.o
    0x08008488   0x08008488   0x00000018   Data   RO          151    .rodata.os_timer_mq_attr  rtx_lib.o
    0x080084a0   0x080084a0   0x00000024   Data   RO          150    .rodata.os_timer_thread_attr  rtx_lib.o
    0x080084c4   0x080084c4   0x00000022   Data   RO           37    .rodata.str1.1      rtc.o
    0x080084e6   0x080084e6   0x00000002   PAD
    0x080084e8   0x080084e8   0x0000000b   Data   RO         1269    .rodata.str1.4      RTX_CM4F.lib(rtx_kernel.o)
    0x080084f3   0x080084f3   0x00000001   PAD
    0x080084f4   0x080084f4   0x00000020   Data   RO         2052    Region$$Table       anon$$obj.o
    0x08008514   0x08008514   0x0000001c   Data   RO         1891    locale$$data        c_w.l(lc_numeric_c.o)
    0x08008530   0x08008530   0x00000110   Data   RO         1918    locale$$data        c_w.l(lc_ctype_c.o)


    Execution Region RW_IRAM1 (Exec base: 0x20000000, Load base: 0x08008640, Size: 0x00009090, Max: 0x00030000, ABSOLUTE)

    Exec Addr    Load Addr    Size         Type   Attr      Idx    E Section Name        Object

    0x20000000   0x08008640   0x00000004   Data   RW          106    .data.SPIdrv        lcd.o
    0x20000004   0x08008644   0x00000004   Data   RW         1197    .data.SystemCoreClock  system_stm32f4xx.o
    0x20000008   0x08008648   0x000000a4   Data   RW         1270    .data.os            RTX_CM4F.lib(rtx_kernel.o)
    0x200000ac   0x080086ec   0x00000001   Data   RW          314    .data.uwTickFreq    stm32f4xx_hal.o
    0x200000ad   0x080086ed   0x00000003   PAD
    0x200000b0   0x080086f0   0x00000004   Data   RW          313    .data.uwTickPrio    stm32f4xx_hal.o
    0x200000b4   0x080086f4   0x00000004   PAD
    0x200000b8        -       0x00000060   Zero   RW         1910    .bss                c_w.l(libspace.o)
    0x20000118        -       0x00000014   Zero   RW           75    .bss.GPIO_InitStruct  thleds.o
    0x2000012c        -       0x00000004   Zero   RW           10    .bss.HAL_GetTick.ticks  main.o
    0x20000130        -       0x00000020   Zero   RW           35    .bss.RtcHandle      rtc.o
    0x20000150        -       0x00000010   Zero   RW          244    .bss.SPI1_Info      spi_stm32f4xx.o
    0x20000160        -       0x0000001c   Zero   RW          245    .bss.SPI1_TransferInfo  spi_stm32f4xx.o
    0x2000017c        -       0x00000032   Zero   RW           32    .bss.aShowDate      rtc.o
    0x200001ae        -       0x00000032   Zero   RW           31    .bss.aShowTime      rtc.o
    0x200001e0        -       0x00000200   Zero   RW          109    .bss.buffer         lcd.o
    0x200003e0        -       0x00000040   Zero   RW          110    .bss.htim7          lcd.o
    0x20000420        -       0x00000004   Zero   RW           34    .bss.mid_RTCQueue   rtc.o
    0x20000424        -       0x00000081   Zero   RW           36    .bss.msg_enviado    rtc.o
    0x200004a5        -       0x00000081   Zero   RW          125    .bss.msg_recibido   thlcd.o
    0x20000526   0x080086f4   0x00000002   PAD
    0x20000528        -       0x00008040   Zero   RW          148    .bss.os             rtx_lib.o
    0x20008568        -       0x00000001   Zero   RW         1684    .bss.os             RTX_CM4F.lib(os_systick.o)
    0x20008569   0x080086f4   0x00000003   PAD
    0x2000856c        -       0x00000034   Zero   RW          159    .bss.os.msgqueue.cb  rtx_lib.o
    0x200085a0        -       0x00000050   Zero   RW          160    .bss.os.msgqueue.mem  rtx_lib.o
    0x200085f0        -       0x00000088   Zero   RW          156    .bss.os.thread.cb   rtx_lib.o
    0x20008678        -       0x00000200   Zero   RW          157    .bss.os.thread.idle.stack  rtx_lib.o
    0x20008878        -       0x00000200   Zero   RW          158    .bss.os.thread.timer.stack  rtx_lib.o
    0x20008a78        -       0x00000001   Zero   RW          161    .bss.os_kernel_is_active.os_kernel_active  rtx_lib.o
    0x20008a79   0x080086f4   0x00000001   PAD
    0x20008a7a        -       0x00000002   Zero   RW          107    .bss.positionL1     lcd.o
    0x20008a7c        -       0x00000002   Zero   RW          108    .bss.positionL2     lcd.o
    0x20008a7e   0x080086f4   0x00000002   PAD
    0x20008a80        -       0x00000004   Zero   RW          126    .bss.status         thlcd.o
    0x20008a84        -       0x00000004   Zero   RW           33    .bss.tid_RTC        rtc.o
    0x20008a88        -       0x00000004   Zero   RW           74    .bss.tid_ThLED      thleds.o
    0x20008a8c        -       0x00000004   Zero   RW          124    .bss.tid_Thread2    thlcd.o
    0x20008a90        -       0x00000200   Zero   RW         1184    HEAP                startup_stm32f429xx.o
    0x20008c90        -       0x00000400   Zero   RW         1183    STACK               startup_stm32f429xx.o


==============================================================================

Image component sizes


      Code (inc. data)   RO Data    RW Data    ZI Data      Debug   Object Name

      1464          0       2400          4        580       8146   lcd.o
       352          0          0          0          4       3445   main.o
       612          0         34          0        269       6934   rtc.o
        54          6          0          0          0        710   rtx_config.o
       190          0        268          0      34125       7077   rtx_lib.o
      5960         20        128          0         44      18327   spi_stm32f4xx.o
        64         26        428          0       1536        880   startup_stm32f429xx.o
       174          0          0          5          0       7742   stm32f4xx_hal.o
       558          0          0          0          0       9821   stm32f4xx_hal_cortex.o
        68          0          0          0          0       8595   stm32f4xx_hal_dma.o
      1658          0          0          0          0       5331   stm32f4xx_hal_gpio.o
      2586          0          0          0          0       7772   stm32f4xx_hal_rcc.o
      1060          0          0          0          0       9589   stm32f4xx_hal_rtc.o
        76          0          0          0          0      11988   stm32f4xx_hal_rtc_ex.o
       750          0          0          0          0      31691   stm32f4xx_hal_tim.o
        66          0          0          0          0       2831   stm32f4xx_it.o
       334          0         24          4          0       2650   system_stm32f4xx.o
       434          0          0          0        137       1667   thlcd.o
       220          0          0          0         24       2642   thleds.o

    ----------------------------------------------------------------------
     16770         52       3316         16      36728     147838   Object Totals
         0          0         32          0          0          0   (incl. Generated)
        90          0          2          3          9          0   (incl. Padding)

    ----------------------------------------------------------------------

      Code (inc. data)   RO Data    RW Data    ZI Data      Debug   Library Member Name

       200         12          0          0          0        634   irq_armv7m.o
       114         20          0          0          1       3200   os_systick.o
        58          4          0          0          0       2791   rtx_delay.o
       596         48         11        164          0      16501   rtx_kernel.o
       228          0          0          0          0       2537   rtx_memory.o
       188          0          0          0          0      16008   rtx_mempool.o
      1346         28          0          0          0      18657   rtx_msgqueue.o
       882         28          0          0          0       9962   rtx_mutex.o
       368         18          0          0          0       5296   rtx_system.o
      2042         72          0          0          0      31847   rtx_thread.o
       244         12          0          0          0      10397   rtx_timer.o
         8          0          0          0          0         68   __main.o
       392          4         17          0          0         92   __printf_flags_ss_wp.o
        14          0          0          0          0         68   __printf_wp.o
         0          0          0          0          0          0   __rtentry.o
        20          0          0          0          0          0   __rtentry2.o
         6          0          0          0          0          0   __rtentry4.o
        52          8          0          0          0          0   __scatter.o
        26          0          0          0          0          0   __scatter_copy.o
        28          0          0          0          0          0   __scatter_zi.o
        72          0          0          0          0         96   _c16rtomb.o
         6          0          0          0          0          0   _printf_a.o
         6          0          0          0          0          0   _printf_c.o
        44          0          0          0          0        108   _printf_char.o
        48          6          0          0          0         96   _printf_char_common.o
        40          0          0          0          0         68   _printf_charcount.o
         6          0          0          0          0          0   _printf_d.o
       120         16          0          0          0         92   _printf_dec.o
         6          0          0          0          0          0   _printf_e.o
         6          0          0          0          0          0   _printf_f.o
      1052          0          0          0          0        148   _printf_fp_dec.o
       764          8         38          0          0        100   _printf_fp_hex.o
       128         16          0          0          0         84   _printf_fp_infnan.o
         6          0          0          0          0          0   _printf_g.o
       148          4         40          0          0        160   _printf_hex_int_ll_ptr.o
         6          0          0          0          0          0   _printf_i.o
       178          0          0          0          0         88   _printf_intcommon.o
        10          0          0          0          0          0   _printf_l.o
         6          0          0          0          0          0   _printf_lc.o
        10          0          0          0          0          0   _printf_ll.o
         6          0          0          0          0          0   _printf_lld.o
         6          0          0          0          0          0   _printf_lli.o
         6          0          0          0          0          0   _printf_llo.o
         6          0          0          0          0          0   _printf_llu.o
         6          0          0          0          0          0   _printf_llx.o
       124         16          0          0          0         92   _printf_longlong_dec.o
         6          0          0          0          0          0   _printf_ls.o
         6          0          0          0          0          0   _printf_n.o
         6          0          0          0          0          0   _printf_o.o
       112          8          0          0          0        124   _printf_oct_int_ll.o
         6          0          0          0          0          0   _printf_p.o
        78          0          0          0          0        108   _printf_pad.o
         0          0          0          0          0          0   _printf_percent.o
         4          0          0          0          0          0   _printf_percent_end.o
         6          0          0          0          0          0   _printf_s.o
        82          0          0          0          0         80   _printf_str.o
        36          0          0          0          0         84   _printf_truncate.o
         6          0          0          0          0          0   _printf_u.o
        44          0          0          0          0        108   _printf_wchar.o
       188          6          8          0          0         92   _printf_wctomb.o
         6          0          0          0          0          0   _printf_x.o
        10          0          0          0          0         68   _sputc.o
       228          4        148          0          0         96   bigflt0.o
      1936        128          0          0          0        668   btod.o
        18          0          0          0          0         80   exit.o
         6          0          0          0          0        152   heapauxi.o
         0          0          0          0          0          0   indicate_semi.o
        44         10        272          0          0         76   lc_ctype_c.o
        44         10         28          0          0         76   lc_numeric_c.o
         2          0          0          0          0          0   libinit.o
        34          0          0          0          0          0   libinit2.o
         2          0          0          0          0          0   libshutdown.o
         2          0          0          0          0          0   libshutdown2.o
         8          4          0          0         96         68   libspace.o
       138          0          0          0          0         80   lludiv10.o
       240          0          0          0          0        100   lludivv7m.o
        16          4          0          0          0         76   rt_ctype_table.o
        10          0          0          0          0         76   rt_locale_twolibspace.o
        68          0          0          0          0         68   rt_memclr.o
        78          0          0          0          0         80   rt_memclr_w.o
       138          0          0          0          0         68   rt_memcpy_v6.o
       100          0          0          0          0         80   rt_memcpy_w.o
         2          0          0          0          0          0   rtexit.o
        10          0          0          0          0          0   rtexit2.o
        44          6          0          0          0         84   sprintf.o
       124          0          0          0          0         88   strcmpv7em.o
        12          4          0          0          0         68   sys_exit.o
        74          0          0          0          0         80   sys_stackheap_outer.o
         2          0          0          0          0         68   use_no_semi.o
        26          0          0          0          0        116   fpinit.o
         4          0          0          0          0        116   printf1.o
         4          0          0          0          0        116   printf2.o
         0          0          0          0          0          0   usenofp.o
        48          0          0          0          0        124   fpclassify.o

    ----------------------------------------------------------------------
     13718        508        564        164        100     122558   Library Totals
        32          4          2          0          3          0   (incl. Padding)

    ----------------------------------------------------------------------

      Code (inc. data)   RO Data    RW Data    ZI Data      Debug   Library Name

      6266        242         11        164          1     117830   RTX_CM4F.lib
      7338        262        551          0         96       4256   c_w.l
        34          0          0          0          0        348   fz_wm.l
        48          0          0          0          0        124   m_wm.l

    ----------------------------------------------------------------------
     13718        508        564        164        100     122558   Library Totals

    ----------------------------------------------------------------------

==============================================================================


      Code (inc. data)   RO Data    RW Data    ZI Data      Debug   

     30488        560       3880        180      36828     267476   Grand Totals
     30488        560       3880        180      36828     267476   ELF Image Totals
     30488        560       3880        180          0          0   ROM Totals

==============================================================================

    Total RO  Size (Code + RO Data)                34368 (  33.56kB)
    Total RW  Size (RW Data + ZI Data)             37008 (  36.14kB)
    Total ROM Size (Code + RO Data + RW Data)      34548 (  33.74kB)

==============================================================================

