Component: ARM Compiler 5.06 update 7 (build 960) Tool: armlink [4d3601]

==============================================================================

Section Cross References

    main.o(.text) refers to rtx_kernel.o(.text) for osKernelGetState
    main.o(.text) refers to stm32f4xx_hal_rcc.o(.text) for HAL_RCC_OscConfig
    main.o(.text) refers to stm32f4xx_hal.o(.text) for HAL_GetREVID
    main.o(.text) refers to system_stm32f4xx.o(.text) for SystemCoreClockUpdate
    main.o(.text) refers to rtx_thread.o(.text) for osThreadNew
    main.o(.text) refers to system_stm32f4xx.o(.data) for SystemCoreClock
    main.o(.text) refers to main.o(.data) for ticks
    main.o(.text) refers to http_server.o(.constdata) for app_main_attr
    main.o(.text) refers to http_server.o(.text) for app_main
    http_server.o(.text) refers to adc.o(.text) for ADC_getVoltage
    http_server.o(.text) refers to fmul.o(.text) for __aeabi_fmul
    http_server.o(.text) refers to f2d.o(.text) for __aeabi_f2d
    http_server.o(.text) refers to ddiv.o(.text) for __aeabi_ddiv
    http_server.o(.text) refers to d2f.o(.text) for __aeabi_d2f
    http_server.o(.text) refers to ffixui.o(.text) for __aeabi_f2uiz
    http_server.o(.text) refers to rtx_thread.o(.text) for osThreadFlagsSet
    http_server.o(.text) refers to pruebalcd.o(.text) for LCD_reset
    http_server.o(.text) refers to rtx_msgqueue.o(.text) for osMessageQueueGet
    http_server.o(.text) refers to memcpya.o(.text) for __aeabi_memcpy
    http_server.o(.text) refers to stm32f4xx_hal_gpio.o(.text) for HAL_GPIO_WritePin
    http_server.o(.text) refers to rtx_delay.o(.text) for osDelay
    http_server.o(.text) refers to printfa.o(i.__0sprintf) for sprintf
    http_server.o(.text) refers to rtc_1.o(.text) for HAL_RTC_MspInit
    http_server.o(.text) refers to stm32f4xx_hal_rtc.o(.text) for HAL_RTC_Init
    http_server.o(.text) refers to stm32f4xx_hal_rtc_ex.o(.text) for HAL_RTCEx_BKUPRead
    http_server.o(.text) refers to stm32f4xx_hal_cortex.o(.text) for HAL_NVIC_EnableIRQ
    http_server.o(.text) refers to http_server.o(.data) for adc_value
    http_server.o(.text) refers to http_server.o(.bss) for adchandle
    http_server.o(.text) refers to http_server_cgi.o(.data) for mid_MsgQueue_LCD
    http_server.o(.text) refers to rtc_1.o(.bss) for RtcHandle
    http_server.o(.text) refers to net_sys.o(i.netInitialize) for netInitialize
    http_server.o(.text) refers to thsntp.o(.text) for Init_ThSNTP
    http_server.o(.text) refers to thcled.o(.text) for Init_ThCled
    http_server.o(.text) refers to thpower.o(.text) for Init_ThPower
    http_server.o(.constdata) refers to http_server.o(.bss) for app_main_stk
    http_server_cgi.o(.text) refers to net_http_server.o(i.netCGI_GetEnvVar) for netCGI_GetEnvVar
    http_server_cgi.o(.text) refers to net_addr.o(i.netIP_aton) for netIP_aton
    http_server_cgi.o(.text) refers to net_sys.o(i.netIF_SetOption) for netIF_SetOption
    http_server_cgi.o(.text) refers to http_server.o(.text) for LED_SetOut
    http_server_cgi.o(.text) refers to strcmp.o(.text) for strcmp
    http_server_cgi.o(.text) refers to rtx_thread.o(.text) for osThreadFlagsSet
    http_server_cgi.o(.text) refers to strncmp.o(.text) for strncmp
    http_server_cgi.o(.text) refers to net_http_server.o(i.netHTTPs_LoginActive) for netHTTPs_LoginActive
    http_server_cgi.o(.text) refers to strcpy.o(.text) for strcpy
    http_server_cgi.o(.text) refers to net_http_server.o(i.netHTTPs_SetPassword) for netHTTPs_SetPassword
    http_server_cgi.o(.text) refers to strncpy.o(.text) for strncpy
    http_server_cgi.o(.text) refers to net_sys.o(i.netIF_GetOption) for netIF_GetOption
    http_server_cgi.o(.text) refers to net_addr.o(i.netIP_ntoa) for netIP_ntoa
    http_server_cgi.o(.text) refers to printfa.o(i.__0sprintf) for __2sprintf
    http_server_cgi.o(.text) refers to net_tcp.o(i.netTCP_GetState) for netTCP_GetState
    http_server_cgi.o(.text) refers to net_tcp.o(i.netTCP_GetLocalPort) for netTCP_GetLocalPort
    http_server_cgi.o(.text) refers to net_tcp.o(i.netTCP_GetPeer) for netTCP_GetPeer
    http_server_cgi.o(.text) refers to net_tcp.o(i.netTCP_GetTimer) for netTCP_GetTimer
    http_server_cgi.o(.text) refers to http_server_cgi.o(.bss) for ip_addr
    http_server_cgi.o(.text) refers to http_server_cgi.o(.data) for P2
    http_server_cgi.o(.text) refers to http_server.o(.data) for LEDrun
    http_server_cgi.o(.text) refers to http_server_cgi.o(.conststring) for .conststring
    http_server_cgi.o(.text) refers to net_http_server.o(i.netHTTPs_GetPassword) for netHTTPs_GetPassword
    http_server_cgi.o(.text) refers to net_http_server.o(i.netHTTPs_GetLanguage) for netHTTPs_GetLanguage
    http_server_cgi.o(.text) refers to ffltui.o(.text) for __aeabi_ui2f
    http_server_cgi.o(.text) refers to fmul.o(.text) for __aeabi_fmul
    http_server_cgi.o(.text) refers to f2d.o(.text) for __aeabi_f2d
    http_server_cgi.o(.text) refers to ddiv.o(.text) for __aeabi_ddiv
[...]
    netCGI_Redirect                          0x08016bc5   Thumb Code     4  net_http_server.o(i.netCGI_Redirect)
    netCGX_ContentType                       0x08016bc9   Thumb Code     4  net_http_server.o(i.netCGX_ContentType)
    netCore_Thread                           0x08016bcd   Thumb Code    90  net_sys.o(i.netCore_Thread)
    netETH_Notify                            0x08016c31   Thumb Code     2  net_eth.o(i.netETH_Notify)
    netETH_ReceiveRaw                        0x08016c33   Thumb Code     2  net_eth.o(i.netETH_ReceiveRaw)
    netETH_Thread                            0x08016c35   Thumb Code   114  net_eth.o(i.netETH_Thread)
    netHTTPs_AcceptClient                    0x08016ca7   Thumb Code     4  net_http_server.o(i.netHTTPs_AcceptClient)
    netHTTPs_CheckAccount                    0x08016cab   Thumb Code     4  net_http_server_auth.o(i.netHTTPs_CheckAccount)
    netHTTPs_FileAccess                      0x08016caf   Thumb Code     4  net_http_server.o(i.netHTTPs_FileAccess)
    netHTTPs_GetLanguage                     0x08016cb5   Thumb Code    24  net_http_server.o(i.netHTTPs_GetLanguage)
    netHTTPs_GetPassword                     0x08016cd5   Thumb Code     6  net_http_server.o(i.netHTTPs_GetPassword)
    netHTTPs_LoginActive                     0x08016ce1   Thumb Code     6  net_http_server.o(i.netHTTPs_LoginActive)
    netHTTPs_SetPassword                     0x08016ced   Thumb Code    78  net_http_server.o(i.netHTTPs_SetPassword)
    netIF_GetOption                          0x08016d45   Thumb Code   128  net_sys.o(i.netIF_GetOption)
    netIF_SetOption                          0x08016dcd   Thumb Code   124  net_sys.o(i.netIF_SetOption)
    netIP_aton                               0x08016e51   Thumb Code    26  net_addr.o(i.netIP_aton)
    netIP_ntoa                               0x08016e6b   Thumb Code    50  net_addr.o(i.netIP_ntoa)
    netInitialize                            0x08016e9d   Thumb Code   156  net_sys.o(i.netInitialize)
    netMAC_aton                              0x08016f49   Thumb Code   140  net_addr.o(i.netMAC_aton)
    netSNTPc_GetTime                         0x08016fd5   Thumb Code    28  net_sntp_client_core.o(i.netSNTPc_GetTime)
    netTCP_GetLocalPort                      0x08016ff1   Thumb Code     4  net_tcp.o(i.netTCP_GetLocalPort)
    netTCP_GetPeer                           0x08016ff5   Thumb Code    32  net_tcp.o(i.netTCP_GetPeer)
    netTCP_GetState                          0x08017015   Thumb Code     4  net_tcp.o(i.netTCP_GetState)
    netTCP_GetTimer                          0x08017019   Thumb Code     4  net_tcp.o(i.netTCP_GetTimer)
    net_addr4_aton                           0x0801701d   Thumb Code   124  net_addr.o(i.net_addr4_aton)
    net_addr4_to_mac                         0x08017099   Thumb Code    30  net_addr.o(i.net_addr4_to_mac)
    net_addr6_aton                           0x080170b9   Thumb Code   230  net_addr.o(i.net_addr6_aton)
    net_addr6_comp                           0x0801719f   Thumb Code    40  net_addr.o(i.net_addr6_comp)
    net_addr6_copy                           0x080171c7   Thumb Code    18  net_addr.o(i.net_addr6_copy)
    net_addr6_create                         0x080171d9   Thumb Code    70  net_addr.o(i.net_addr6_create)
    net_addr6_get_solicited                  0x08017225   Thumb Code    34  net_addr.o(i.net_addr6_get_solicited)
    net_addr6_is_linklocal                   0x0801724d   Thumb Code    24  net_addr.o(i.net_addr6_is_linklocal)
    net_addr6_is_onlink                      0x08017265   Thumb Code   110  net_addr.o(i.net_addr6_is_onlink)
    net_addr6_is_solicited                   0x080172d3   Thumb Code    72  net_addr.o(i.net_addr6_is_solicited)
    net_addr6_is_unspec                      0x0801731b   Thumb Code    24  net_addr.o(i.net_addr6_is_unspec)
    net_addr6_to_mac                         0x08017333   Thumb Code    14  net_addr.o(i.net_addr6_to_mac)
    net_addr_comp                            0x08017341   Thumb Code    44  net_addr.o(i.net_addr_comp)
    net_addr_copy                            0x0801736d   Thumb Code    38  net_addr.o(i.net_addr_copy)
    net_addr_find_route                      0x08017393   Thumb Code    26  net_addr.o(i.net_addr_find_route)
    net_addr_get_local                       0x080173ad   Thumb Code    26  net_addr.o(i.net_addr_get_local)
    net_addr_is_unspec                       0x080173cd   Thumb Code    34  net_addr.o(i.net_addr_is_unspec)
    net_arp_cache_add                        0x080173f1   Thumb Code   276  net_arp.o(i.net_arp_cache_add)
    net_arp_cache_early                      0x0801750d   Thumb Code   180  net_arp.o(i.net_arp_cache_early)
    net_arp_cache_find                       0x080175c9   Thumb Code   224  net_arp.o(i.net_arp_cache_find)
    net_arp_cache_init                       0x080176b5   Thumb Code    64  net_arp.o(i.net_arp_cache_init)
    net_arp_cache_run                        0x080176fd   Thumb Code    22  net_arp.o(i.net_arp_cache_run)
    net_arp_cache_uninit                     0x08017719   Thumb Code    56  net_arp.o(i.net_arp_cache_uninit)
    net_arp_enqueue                          0x08017759   Thumb Code   114  net_arp.o(i.net_arp_enqueue)
    net_arp_notify                           0x080177d1   Thumb Code    32  net_arp.o(i.net_arp_notify)
    net_arp_process                          0x080177f1   Thumb Code   536  net_arp.o(i.net_arp_process)
    net_atoi                                 0x08017a15   Thumb Code    66  net_common.o(i.net_atoi)
    net_base64_decode                        0x08017a59   Thumb Code   114  net_base64.o(i.net_base64_decode)
    net_chksum_buf                           0x08017ad1   Thumb Code    48  net_common.o(i.net_chksum_buf)
    net_crc_buf                              0x08017b01   Thumb Code    30  net_common.o(i.net_crc_buf)
    net_eth_callback                         0x08017b1f   Thumb Code    14  net_eth.o(i.net_eth_callback)
    net_eth_config_mcast                     0x08017b2d   Thumb Code   104  net_eth.o(i.net_eth_config_mcast)
    net_eth_get_option                       0x08017b95   Thumb Code   234  net_eth.o(i.net_eth_get_option)
    net_eth_iface_init                       0x08017c81   Thumb Code    22  net_eth.o(i.net_eth_iface_init)
    net_eth_iface_run                        0x08017c9d   Thumb Code    22  net_eth.o(i.net_eth_iface_run)
    net_eth_iface_uninit                     0x08017cb9   Thumb Code    22  net_eth.o(i.net_eth_iface_uninit)
    net_eth_output                           0x08017cd5   Thumb Code   164  net_eth.o(i.net_eth_output)
    net_eth_send_frame                       0x08017d7d   Thumb Code   462  net_eth.o(i.net_eth_send_frame)
    net_eth_set_option                       0x08017f5d   Thumb Code   610  net_eth.o(i.net_eth_set_option)
    net_http_server_init                     0x080181cd   Thumb Code   212  net_http_server.o(i.net_http_server_init)
    net_http_server_run                      0x080182b5   Thumb Code    30  net_http_server.o(i.net_http_server_run)
    net_http_server_uninit                   0x080182dd   Thumb Code    98  net_http_server.o(i.net_http_server_uninit)
    net_icmp6_init                           0x0801834d   Thumb Code    20  net_icmp6.o(i.net_icmp6_init)
    net_icmp6_process                        0x08018365   Thumb Code   542  net_icmp6.o(i.net_icmp6_process)
    net_icmp6_send                           0x0801859d   Thumb Code   122  net_icmp6.o(i.net_icmp6_send)
    net_icmp6_send_echo                      0x08018621   Thumb Code    78  net_icmp6.o(i.net_icmp6_send_echo)
    net_icmp_init                            0x08018679   Thumb Code    20  net_icmp.o(i.net_icmp_init)
    net_icmp_process                         0x08018691   Thumb Code   430  net_icmp.o(i.net_icmp_process)
    net_icmp_send_echo                       0x08018859   Thumb Code   142  net_icmp.o(i.net_icmp_send_echo)
    net_if_map_all                           0x080188f9   Thumb Code     6  net_sys.o(i.net_if_map_all)
    net_igmp_collect_mcast                   0x08018905   Thumb Code   104  net_igmp.o(i.net_igmp_collect_mcast)
    net_igmp_host_init                       0x08018971   Thumb Code    68  net_igmp.o(i.net_igmp_host_init)
    net_igmp_host_run                        0x080189b9   Thumb Code    22  net_igmp.o(i.net_igmp_host_run)
    net_igmp_host_uninit                     0x080189d5   Thumb Code    48  net_igmp.o(i.net_igmp_host_uninit)
    net_igmp_is_member                       0x08018a0d   Thumb Code    28  net_igmp.o(i.net_igmp_is_member)
    net_igmp_process                         0x08018a2d   Thumb Code   414  net_igmp.o(i.net_igmp_process)
    net_ip4_chk_frame                        0x08018bd9   Thumb Code   372  net_ip4.o(i.net_ip4_chk_frame)
    net_ip4_chksum                           0x08018d65   Thumb Code    44  net_ip4.o(i.net_ip4_chksum)
    net_ip4_chksum_buf                       0x08018d91   Thumb Code     6  net_ip4.o(i.net_ip4_chksum_buf)
    net_ip4_find_route                       0x08018d99   Thumb Code   104  net_ip4.o(i.net_ip4_find_route)
    net_ip4_frag_add                         0x08018e19   Thumb Code   284  net_ip4_frag.o(i.net_ip4_frag_add)
    net_ip4_frag_get                         0x08018f3d   Thumb Code   168  net_ip4_frag.o(i.net_ip4_frag_get)
    net_ip4_frag_init                        0x08018fe9   Thumb Code    12  net_ip4_frag.o(i.net_ip4_frag_init)
    net_ip4_frag_run                         0x08018ff9   Thumb Code    50  net_ip4_frag.o(i.net_ip4_frag_run)
    net_ip4_frag_uninit                      0x08019035   Thumb Code    12  net_ip4_frag.o(i.net_ip4_frag_uninit)
    net_ip4_get_local                        0x08019045   Thumb Code    40  net_ip4.o(i.net_ip4_get_local)
    net_ip4_init                             0x08019071   Thumb Code    22  net_ip4.o(i.net_ip4_init)
    net_ip4_is_onlink                        0x08019095   Thumb Code    32  net_ip4.o(i.net_ip4_is_onlink)
    net_ip4_is_subcast                       0x080190b5   Thumb Code    38  net_ip4.o(i.net_ip4_is_subcast)
    net_ip4_reass_frame                      0x080190db   Thumb Code    14  net_ip4.o(i.net_ip4_reass_frame)
    net_ip4_send_frame                       0x080190e9   Thumb Code   340  net_ip4.o(i.net_ip4_send_frame)
    net_ip4_tx_offl_hl                       0x0801924d   Thumb Code    42  net_ip4.o(i.net_ip4_tx_offl_hl)
    net_ip4_uninit                           0x08019279   Thumb Code    22  net_ip4.o(i.net_ip4_uninit)
    net_ip6_chk_frame                        0x08019299   Thumb Code   236  net_ip6.o(i.net_ip6_chk_frame)
    net_ip6_chksum                           0x08019399   Thumb Code    50  net_ip6.o(i.net_ip6_chksum)
    net_ip6_collect_mcast                    0x080193cd   Thumb Code   118  net_ip6.o(i.net_ip6_collect_mcast)
    net_ip6_find_route                       0x08019449   Thumb Code    56  net_ip6.o(i.net_ip6_find_route)
    net_ip6_get_local                        0x08019491   Thumb Code    74  net_ip6.o(i.net_ip6_get_local)
    net_ip6_init                             0x080194e5   Thumb Code    20  net_ip6.o(i.net_ip6_init)
    net_ip6_send_frame                       0x08019501   Thumb Code   192  net_ip6.o(i.net_ip6_send_frame)
    net_ip6_tx_offl_hl                       0x080195cd   Thumb Code    30  net_ip6.o(i.net_ip6_tx_offl_hl)
    net_ip6_uninit                           0x080195ed   Thumb Code    20  net_ip6.o(i.net_ip6_uninit)
    net_itoa                                 0x08019609   Thumb Code     8  net_common.o(i.net_itoa)
    net_itoa_n0                              0x08019611   Thumb Code     6  net_common.o(i.net_itoa_n0)
    net_loop_iface_init                      0x08019619   Thumb Code    40  net_loopback.o(i.net_loop_iface_init)
    net_loop_iface_run                       0x08019649   Thumb Code   176  net_loopback.o(i.net_loop_iface_run)
    net_loop_iface_uninit                    0x08019705   Thumb Code    32  net_loopback.o(i.net_loop_iface_uninit)
    net_loop_send_frame                      0x0801972d   Thumb Code   104  net_loopback.o(i.net_loop_send_frame)
    net_mem_alloc                            0x0801979d   Thumb Code   178  net_mem.o(i.net_mem_alloc)
    net_mem_avail                            0x0801985d   Thumb Code    22  net_mem.o(i.net_mem_avail)
    net_mem_free                             0x08019879   Thumb Code   152  net_mem.o(i.net_mem_free)
    net_mem_init                             0x0801991d   Thumb Code    98  net_mem.o(i.net_mem_init)
    net_mem_shrink                           0x0801998d   Thumb Code    62  net_mem.o(i.net_mem_shrink)
    net_ndp_cache_find                       0x080199d5   Thumb Code   438  net_ndp.o(i.net_ndp_cache_find)
    net_ndp_cache_refresh                    0x08019b99   Thumb Code   112  net_ndp.o(i.net_ndp_cache_refresh)
    net_ndp_enqueue                          0x08019c11   Thumb Code   108  net_ndp.o(i.net_ndp_enqueue)
    net_ndp_process                          0x08019c81   Thumb Code   872  net_ndp.o(i.net_ndp_process)
    net_path                                 0x08019ff5   Thumb Code    52  net_sys.o(i.net_path)
    net_ping_client_init                     0x0801a02d   Thumb Code    22  net_ping_core.o(i.net_ping_client_init)
    net_ping_client_run                      0x0801a04d   Thumb Code   110  net_ping_core.o(i.net_ping_client_run)
    net_ping_client_uninit                   0x0801a0cd   Thumb Code    24  net_ping_core.o(i.net_ping_client_uninit)
    net_rand32                               0x0801a0ed   Thumb Code    18  net_sys.o(i.net_rand32)
    net_sntp_client_init                     0x0801a109   Thumb Code    80  net_sntp_client_core.o(i.net_sntp_client_init)
    net_sntp_client_run                      0x0801a165   Thumb Code    76  net_sntp_client_core.o(i.net_sntp_client_run)
    net_sntp_client_start                    0x0801a1bd   Thumb Code   312  net_sntp_client_core.o(i.net_sntp_client_start)
    net_sntp_client_uninit                   0x0801a305   Thumb Code    24  net_sntp_client_core.o(i.net_sntp_client_uninit)
    net_strcasecmp                           0x0801a325   Thumb Code    46  net_common.o(i.net_strcasecmp)
    net_strchr                               0x0801a353   Thumb Code    22  net_common.o(i.net_strchr)
    net_strcmp                               0x0801a369   Thumb Code    26  net_common.o(i.net_strcmp)
    net_strcpy                               0x0801a383   Thumb Code    18  net_common.o(i.net_strcpy)
    net_strnchr                              0x0801a395   Thumb Code    28  net_common.o(i.net_strnchr)
    net_strncpy                              0x0801a3b1   Thumb Code    26  net_common.o(i.net_strncpy)
    net_sys_lock                             0x0801a3cd   Thumb Code     8  net_sys.o(i.net_sys_lock)
    net_sys_resume                           0x0801a3d9   Thumb Code    22  net_sys.o(i.net_sys_resume)
    net_sys_tick                             0x0801a3f1   Thumb Code    16  net_sys.o(i.net_sys_tick)
    net_sys_unlock                           0x0801a405   Thumb Code     8  net_sys.o(i.net_sys_unlock)
    net_sys_wakeup                           0x0801a411   Thumb Code    26  net_sys.o(i.net_sys_wakeup)
    net_tcp_abort                            0x0801a431   Thumb Code   122  net_tcp.o(i.net_tcp_abort)
    net_tcp_close                            0x0801a4b5   Thumb Code   218  net_tcp.o(i.net_tcp_close)
    net_tcp_get_buf                          0x0801a599   Thumb Code    46  net_tcp.o(i.net_tcp_get_buf)
    net_tcp_get_local_port                   0x0801a5c9   Thumb Code    48  net_tcp.o(i.net_tcp_get_local_port)
    net_tcp_get_mss                          0x0801a5fd   Thumb Code    34  net_tcp.o(i.net_tcp_get_mss)
    net_tcp_get_peer                         0x0801a625   Thumb Code    80  net_tcp.o(i.net_tcp_get_peer)
    net_tcp_get_socket                       0x0801a679   Thumb Code   104  net_tcp.o(i.net_tcp_get_socket)
    net_tcp_get_state                        0x0801a6e9   Thumb Code    40  net_tcp.o(i.net_tcp_get_state)
    net_tcp_get_timer                        0x0801a715   Thumb Code    48  net_tcp.o(i.net_tcp_get_timer)
    net_tcp_listen                           0x0801a749   Thumb Code   168  net_tcp.o(i.net_tcp_listen)
    net_tcp_process                          0x0801a7f9   Thumb Code  1956  net_tcp.o(i.net_tcp_process)
    net_tcp_send                             0x0801afa1   Thumb Code   336  net_tcp.o(i.net_tcp_send)
    net_tcp_set_option                       0x0801b0fd   Thumb Code   288  net_tcp.o(i.net_tcp_set_option)
    net_tcp_socket_init                      0x0801b229   Thumb Code    30  net_tcp.o(i.net_tcp_socket_init)
    net_tcp_socket_run                       0x0801b251   Thumb Code   938  net_tcp.o(i.net_tcp_socket_run)
    net_tcp_socket_uninit                    0x0801b611   Thumb Code    30  net_tcp.o(i.net_tcp_socket_uninit)
    net_udp_close                            0x0801b639   Thumb Code    62  net_udp.o(i.net_udp_close)
    net_udp_get_buf                          0x0801b681   Thumb Code    46  net_udp.o(i.net_udp_get_buf)
    net_udp_get_socket                       0x0801b6b1   Thumb Code   102  net_udp.o(i.net_udp_get_socket)
    net_udp_open                             0x0801b721   Thumb Code   160  net_udp.o(i.net_udp_open)
    net_udp_process                          0x0801b7cd   Thumb Code   322  net_udp.o(i.net_udp_process)
    net_udp_send                             0x0801b925   Thumb Code    18  net_udp.o(i.net_udp_send)
    net_udp_send_if                          0x0801b939   Thumb Code   540  net_udp.o(i.net_udp_send_if)
    net_udp_socket_init                      0x0801bb65   Thumb Code    30  net_udp.o(i.net_udp_socket_init)
    net_udp_socket_uninit                    0x0801bb89   Thumb Code    28  net_udp.o(i.net_udp_socket_uninit)
    net_ultoa                                0x0801bbad   Thumb Code     8  net_common.o(i.net_ultoa)
    net_ultox                                0x0801bbb5   Thumb Code    44  net_common.o(i.net_ultox)
    net_xtoul                                0x0801bbe5   Thumb Code    76  net_common.o(i.net_xtoul)
    app_main_attr                            0x0801c88c   Data          36  http_server.o(.constdata)
    imageLastModified                        0x0801c8b0   Data           4  web.o(.constdata)
    Arial12x12                               0x08022b84   Data        2400  pruebalcd.o(.constdata)
    ntp_server                               0x080234e4   Data          20  thsntp.o(.constdata)
    irqRtxLib                                0x080234f8   Data           1  irq_armv7m.o(.constdata)
    irqRtxLibRef                             0x0802355c   Data           4  rtx_lib.o(.constdata)
    osRtxUserSVC                             0x08023560   Data           4  rtx_lib.o(.constdata)
    Driver_ETH_PHY0                          0x08023568   Data          32  phy_lan8742a.o(.constdata)
    Driver_ETH_MAC0                          0x080235d8   Data          68  emac_stm32f4xx.o(.constdata)
    Driver_SPI1                              0x08023670   Data          44  spi_stm32f4xx.o(.constdata)
    EventRecorderInfo                        0x0802369c   Data          24  eventrecorder.o(.constdata)
    AHBPrescTable                            0x080236bc   Data          16  system_stm32f4xx.o(.constdata)
    APBPrescTable                            0x080236cc   Data           8  system_stm32f4xx.o(.constdata)
    net_sys_config                           0x0802375c   Data          28  net_config.o(.constdata)
    net_eth0_if_config                       0x080237d0   Data          44  net_config.o(.constdata)
    net_eth_list                             0x0802381c   Data           8  net_config.o(.constdata)
    net_if_list_lan                          0x08023824   Data           8  net_config.o(.constdata)
    net_if_list_all                          0x0802382c   Data           8  net_config.o(.constdata)
    net_if_inet_def                          0x08023834   Data           8  net_config.o(.constdata)
    net_if_link_def                          0x0802383c   Data           8  net_config.o(.constdata)
    net_arp_list                             0x08023844   Data           8  net_config.o(.constdata)
    net_icmp_list                            0x0802384c   Data           8  net_config.o(.constdata)
    net_igmp_list                            0x08023854   Data           8  net_config.o(.constdata)
    net_ndp_list                             0x0802385c   Data           4  net_config.o(.constdata)
    net_icmp6_list                           0x08023860   Data           4  net_config.o(.constdata)
    net_ip4_frag_config                      0x08023864   Data           8  net_config.o(.constdata)
    net_udp_config                           0x0802386c   Data          12  net_config.o(.constdata)
    net_tcp_config                           0x08023878   Data          24  net_config.o(.constdata)
    net_http_config                          0x08023890   Data          52  net_config.o(.constdata)
    net_sntp_config                          0x080238c4   Data           8  net_config.o(.constdata)
    net_sys_fn_uninit                        0x08023920   Data          44  net_config.o(.constdata)
    netif_getopt_func                        0x0802394c   Data          16  net_config.o(.constdata)
    netif_setopt_func                        0x0802395c   Data          16  net_config.o(.constdata)
    net_loop_if_config                       0x08023974   Data          44  net_loopback.o(.constdata)
    net_http_auth_basic_func                 0x08023aa8   Data          24  net_http_server_auth.o(.constdata)
    net_ping_payload                         0x08023ac0   Data          18  net_ping_core.o(.constdata)
    net_addr_unspec                          0x08023ad2   Data          16  net_addr.o(.constdata)
    net_addr_bcast                           0x08023ae2   Data           6  net_addr.o(.constdata)
    net_addr4_loopback                       0x08023ae8   Data           4  net_ip4.o(.constdata)
    net_addr6_all_nodes                      0x08023aec   Data          16  net_ip6.o(.constdata)
    net_addr6_loopback                       0x08023afc   Data          16  net_ip6.o(.constdata)
    net_http_error                           0x08023b0c   Data          24  net_http_server_err.o(.constdata)
    net_lib_version                          0x08023bc4   Data           4  net_version.o(.constdata)
    network_ip4ip6_debug_v7.15.0             0x08023bc4   Data           4  net_version.o(.constdata)
    osRtxConfig                              0x08023fb4   Data         112  rtx_lib.o(.rodata)
    os_cb_sections                           0x08024024   Data          56  rtx_lib.o(.rodata)
    Region$$Table$$Base                      0x0802405c   Number         0  anon$$obj.o(Region$$Table)
    Region$$Table$$Limit                     0x0802408c   Number         0  anon$$obj.o(Region$$Table)
    .bss.os.msgqueue.cb$$Base                0x20008044   Number         0  rtx_lib.o(.bss.os.msgqueue.cb)
    .bss.os.msgqueue.cb$$Limit               0x20008078   Number         0  rtx_lib.o(.bss.os.msgqueue.cb)
    .bss.os.mutex.cb$$Base                   0x200080c8   Number         0  net_config.o(.bss.os.mutex.cb)
    .bss.os.mutex.cb$$Limit                  0x20008100   Number         0  net_config.o(.bss.os.mutex.cb)
    .bss.os.semaphore.cb$$Base               0x20008100   Number         0  net_config.o(.bss.os.semaphore.cb)
    .bss.os.semaphore.cb$$Limit              0x20008110   Number         0  net_config.o(.bss.os.semaphore.cb)
    .bss.os.thread.cb$$Base                  0x20008110   Number         0  rtx_lib.o(.bss.os.thread.cb)
    .bss.os.thread.cb$$Limit                 0x20008220   Number         0  net_config.o(.bss.os.thread.cb)
    .bss.os.timer.cb$$Base                   0x20008620   Number         0  net_config.o(.bss.os.timer.cb)
    .bss.os.timer.cb$$Limit                  0x20008640   Number         0  net_config.o(.bss.os.timer.cb)
    lcd_text                                 0x20008644   Data          42  http_server.o(.data)
    LEDrun                                   0x2000866e   Data           1  http_server.o(.data)
    adc_value                                0x20008670   Data           4  http_server.o(.data)
    TID_Display                              0x20008674   Data           4  http_server.o(.data)
    TID_Led                                  0x20008678   Data           4  http_server.o(.data)
    status                                   0x2000867c   Data           4  http_server.o(.data)
    tid_Thread                               0x20008680   Data           4  http_server.o(.data)
    mid_MsgQueue                             0x20008684   Data           4  http_server.o(.data)
    volts                                    0x2000868c   Data           4  http_server_cgi.o(.data)
    mv_total                                 0x20008690   Data           4  http_server_cgi.o(.data)
    mvolts                                   0x20008694   Data           4  http_server_cgi.o(.data)
    mid_MsgQueue_LCD                         0x20008698   Data           4  http_server_cgi.o(.data)
    SPIdrv                                   0x200086a0   Data           4  pruebalcd.o(.data)
    positionL1                               0x200086a4   Data           2  pruebalcd.o(.data)
    positionL2                               0x200086a6   Data           2  pruebalcd.o(.data)
    tid_ThSNTP                               0x200086a8   Data           4  thsntp.o(.data)
    tid_ThCled                               0x200086ac   Data           4  thcled.o(.data)
    g_woke_by_button                         0x200086b0   Data           1  thpower.o(.data)
    tid_ThPower                              0x200086b4   Data           4  thpower.o(.data)
    uwTick                                   0x200086bc   Data           4  stm32f4xx_hal.o(.data)
    uwTickPrio                               0x200086c0   Data           4  stm32f4xx_hal.o(.data)
    uwTickFreq                               0x200086c4   Data           1  stm32f4xx_hal.o(.data)
    SystemCoreClock                          0x200086c8   Data           4  system_stm32f4xx.o(.data)
    net_eth0_igmp_control                    0x200086da   Data           4  net_igmp.o(.data)
    net_eth0_icmp_control                    0x200086e8   Data           1  net_icmp.o(.data)
    osRtxInfo                                0x20008708   Data         164  rtx_kernel.o(.data.os)
    app_main_stk                             0x200087b0   Data        1024  http_server.o(.bss)
    adchandle                                0x20008bb0   Data          72  http_server.o(.bss)
    GPIO_InitStruct                          0x20008bf8   Data          20  http_server.o(.bss)
    msg_enviado                              0x20008c0c   Data         129  http_server.o(.bss)
    msg_recibido                             0x20008c8d   Data         129  http_server.o(.bss)
    buffer                                   0x20008d48   Data         512  pruebalcd.o(.bss)
    htim7                                    0x20008f48   Data          64  pruebalcd.o(.bss)
    RtcHandle                                0x20008f88   Data          32  rtc_1.o(.bss)
    aShowTime                                0x20008fa8   Data          50  rtc_1.o(.bss)
    aShowDate                                0x20008fda   Data          50  rtc_1.o(.bss)
    net_eth0_if_control                      0x2000f0e8   Data         160  net_eth.o(.bss)
    net_eth0_arp_control                     0x2000f188   Data          24  net_arp.o(.bss)
    net_http_control                         0x2000f240   Data          20  net_http_server.o(.bss)
    net_sntp_control                         0x2000f254   Data          44  net_sntp_client_core.o(.bss)
    net_ping_control                         0x2000f280   Data          44  net_ping_core.o(.bss)
    net_sys_control                          0x2000f2bc   Data          28  net_sys.o(.bss)
    net_dbg_buf                              0x2000f2e4   Data          36  net_sys.o(.bss)
    __initial_sp                             0x2000f7a8   Data           0  startup_stm32f429xx.o(STACK)



==============================================================================

Memory Map of the image

  Image Entry point : 0x080001ad

  Load Region LR_IROM1 (Base: 0x08000000, Size: 0x0002c838, Max: 0x00200000, ABSOLUTE, COMPRESSED[0x000241c8])

    Execution Region ER_IROM1 (Exec base: 0x08000000, Load base: 0x08000000, Size: 0x0002408c, Max: 0x00200000, ABSOLUTE)

    Exec Addr    Load Addr    Size         Type   Attr      Idx    E Section Name        Object

    0x08000000   0x08000000   0x000001ac   Data   RO         1589    RESET               startup_stm32f429xx.o
    0x080001ac   0x080001ac   0x00000000   Code   RO         2703  * .ARM.Collect$$$$00000000  mc_w.l(entry.o)
    0x080001ac   0x080001ac   0x00000004   Code   RO         3012    .ARM.Collect$$$$00000001  mc_w.l(entry2.o)
    0x080001b0   0x080001b0   0x00000004   Code   RO         3015    .ARM.Collect$$$$00000004  mc_w.l(entry5.o)
    0x080001b4   0x080001b4   0x00000000   Code   RO         3017    .ARM.Collect$$$$00000008  mc_w.l(entry7b.o)
    0x080001b4   0x080001b4   0x00000000   Code   RO         3019    .ARM.Collect$$$$0000000A  mc_w.l(entry8b.o)
    0x080001b4   0x080001b4   0x00000008   Code   RO         3020    .ARM.Collect$$$$0000000B  mc_w.l(entry9a.o)
    0x080001bc   0x080001bc   0x00000004   Code   RO         3027    .ARM.Collect$$$$0000000E  mc_w.l(entry12b.o)
    0x080001c0   0x080001c0   0x00000000   Code   RO         3022    .ARM.Collect$$$$0000000F  mc_w.l(entry10a.o)
    0x080001c0   0x080001c0   0x00000000   Code   RO         3024    .ARM.Collect$$$$00000011  mc_w.l(entry11a.o)
    0x080001c0   0x080001c0   0x00000004   Code   RO         3013    .ARM.Collect$$$$00002712  mc_w.l(entry2.o)
    0x080001c4   0x080001c4   0x00000148   Code   RO          707    .emb_text           rtx_mempool.o
    0x0800030c   0x0800030c   0x00000148   Code   RO          738    .emb_text           rtx_msgqueue.o
    0x08000454   0x08000454   0x00000148   Code   RO          803    .emb_text           rtx_semaphore.o
    0x0800059c   0x0800059c   0x00000148   Code   RO          834    .emb_text           rtx_system.o
    0x080006e4   0x080006e4   0x00000148   Code   RO          868    .emb_text           rtx_thread.o
    0x0800082c   0x0800082c   0x00000074   Code   RO         1083    .emb_text           eventrecorder.o
    0x080008a0   0x080008a0   0x00000138   Code   RO            4    .text               main.o
    0x080009d8   0x080009d8   0x0000049c   Code   RO          150    .text               http_server.o
    0x08000e74   0x08000e74   0x0000073c   Code   RO          219    .text               http_server_cgi.o
    0x080015b0   0x080015b0   0x00000088   Code   RO          256    .text               web.o
    0x08001638   0x08001638   0x00000488   Code   RO          274    .text               pruebalcd.o
    0x08001ac0   0x08001ac0   0x0000017c   Code   RO          314    .text               adc.o
    0x08001c3c   0x08001c3c   0x000001a0   Code   RO          338    .text               rtc_1.o
    0x08001ddc   0x08001ddc   0x00000158   Code   RO          369    .text               thsntp.o
    0x08001f34   0x08001f34   0x0000003c   Code   RO          401    .text               thcled.o
    0x08001f70   0x08001f70   0x0000009c   Code   RO          429    .text               thpower.o
    0x0800200c   0x0800200c   0x00000094   Code   RO          455    .text               irq_armv7m.o
    0x080020a0   0x080020a0   0x0000011c   Code   RO          463    .text               rtx_delay.o
    0x080021bc   0x080021bc   0x00000dd8   Code   RO          561    .text               rtx_evr.o
    0x08002f94   0x08002f94   0x000008b0   Code   RO          586    .text               rtx_kernel.o
    0x08003844   0x08003844   0x00000018   Code   RO          634    .text               rtx_lib.o
    0x0800385c   0x0800385c   0x000001de   Code   RO          677    .text               rtx_memory.o
    0x08003a3a   0x08003a3a   0x00000002   PAD
    0x08003a3c   0x08003a3c   0x000007a4   Code   RO          708    .text               rtx_mempool.o
    0x080041e0   0x080041e0   0x00000b88   Code   RO          739    .text               rtx_msgqueue.o
    0x08004d68   0x08004d68   0x00000644   Code   RO          773    .text               rtx_mutex.o
    0x080053ac   0x080053ac   0x00000532   Code   RO          804    .text               rtx_semaphore.o
    0x080058de   0x080058de   0x00000002   PAD
    0x080058e0   0x080058e0   0x000001bc   Code   RO          835    .text               rtx_system.o
    0x08005a9c   0x08005a9c   0x0000156c   Code   RO          869    .text               rtx_thread.o
    0x08007008   0x08007008   0x00000538   Code   RO          903    .text               rtx_timer.o
    0x08007540   0x08007540   0x000000dc   Code   RO          933    .text               os_systick.o
    0x0800761c   0x0800761c   0x00000024   Code   RO          959    .text               rtx_config.o
    0x08007640   0x08007640   0x00000224   Code   RO          980    .text               phy_lan8742a.o
    0x08007864   0x08007864   0x00000d0c   Code   RO         1007    .text               emac_stm32f4xx.o
    0x08008570   0x08008570   0x00001014   Code   RO         1048    .text               spi_stm32f4xx.o
    0x08009584   0x08009584   0x000005f8   Code   RO         1084    .text               eventrecorder.o
    0x08009b7c   0x08009b7c   0x00000210   Code   RO         1147    .text               stm32f4xx_hal.o
    0x08009d8c   0x08009d8c   0x00000ca8   Code   RO         1177    .text               stm32f4xx_hal_adc.o
    0x0800aa34   0x0800aa34   0x00000894   Code   RO         1201    .text               stm32f4xx_hal_adc_ex.o
    0x0800b2c8   0x0800b2c8   0x00000384   Code   RO         1225    .text               stm32f4xx_hal_cortex.o
    0x0800b64c   0x0800b64c   0x000008b0   Code   RO         1253    .text               stm32f4xx_hal_dma.o
    0x0800befc   0x0800befc   0x000003e4   Code   RO         1302    .text               stm32f4xx_hal_gpio.o
    0x0800c2e0   0x0800c2e0   0x000001dc   Code   RO         1326    .text               stm32f4xx_hal_pwr.o
    0x0800c4bc   0x0800c4bc   0x00000934   Code   RO         1374    .text               stm32f4xx_hal_rcc.o
    0x0800cdf0   0x0800cdf0   0x00000734   Code   RO         1398    .text               stm32f4xx_hal_rcc_ex.o
    0x0800d524   0x0800d524   0x00000b78   Code   RO         1422    .text               stm32f4xx_hal_rtc.o
    0x0800e09c   0x0800e09c   0x00000de6   Code   RO         1446    .text               stm32f4xx_hal_rtc_ex.o
    0x0800ee82   0x0800ee82   0x00000002   PAD
    0x0800ee84   0x0800ee84   0x00002b72   Code   RO         1518    .text               stm32f4xx_hal_tim.o
    0x080119f6   0x080119f6   0x00000002   PAD
    0x080119f8   0x080119f8   0x00000e84   Code   RO         1542    .text               stm32f4xx_hal_tim_ex.o
    0x0801287c   0x0801287c   0x00000024   Code   RO         1590    .text               startup_stm32f429xx.o
    0x080128a0   0x080128a0   0x000000cc   Code   RO         1597    .text               system_stm32f4xx.o
    0x0801296c   0x0801296c   0x00000164   Code   RO         1625    .text               net_config.o
    0x08012ad0   0x08012ad0   0x00000150   Code   RO         1677    .text               net_debug.o
    0x08012c20   0x08012c20   0x00000062   Code   RO         2713    .text               mc_w.l(uldiv.o)
    0x08012c82   0x08012c82   0x00000002   PAD
    0x08012c84   0x08012c84   0x00000094   Code   RO         2715    .text               mc_w.l(localtime.o)
    0x08012d18   0x08012d18   0x00000024   Code   RO         2719    .text               mc_w.l(memcpya.o)
    0x08012d3c   0x08012d3c   0x00000024   Code   RO         2721    .text               mc_w.l(memseta.o)
    0x08012d60   0x08012d60   0x00000018   Code   RO         2723    .text               mc_w.l(strncpy.o)
    0x08012d78   0x08012d78   0x0000000e   Code   RO         2725    .text               mc_w.l(strlen.o)
    0x08012d86   0x08012d86   0x0000001c   Code   RO         2727    .text               mc_w.l(strcmp.o)
    0x08012da2   0x08012da2   0x0000001a   Code   RO         2729    .text               mc_w.l(memcmp.o)
    0x08012dbc   0x08012dbc   0x00000012   Code   RO         2731    .text               mc_w.l(strcpy.o)
    0x08012dce   0x08012dce   0x0000001e   Code   RO         2733    .text               mc_w.l(strncmp.o)
    0x08012dec   0x08012dec   0x00000064   Code   RO         2998    .text               mf_w.l(fmul.o)
    0x08012e50   0x08012e50   0x0000007c   Code   RO         3000    .text               mf_w.l(fdiv.o)
    0x08012ecc   0x08012ecc   0x000000de   Code   RO         3002    .text               mf_w.l(ddiv.o)
    0x08012faa   0x08012faa   0x0000000a   Code   RO         3004    .text               mf_w.l(ffltui.o)
    0x08012fb4   0x08012fb4   0x00000028   Code   RO         3006    .text               mf_w.l(ffixui.o)
    0x08012fdc   0x08012fdc   0x00000026   Code   RO         3008    .text               mf_w.l(f2d.o)
    0x08013002   0x08013002   0x00000038   Code   RO         3010    .text               mf_w.l(d2f.o)
    0x0801303a   0x0801303a   0x0000002c   Code   RO         3028    .text               mc_w.l(uidiv.o)
    0x08013066   0x08013066   0x0000001e   Code   RO         3030    .text               mc_w.l(llshl.o)
    0x08013084   0x08013084   0x00000020   Code   RO         3032    .text               mc_w.l(llushr.o)
    0x080130a4   0x080130a4   0x00000000   Code   RO         3034    .text               mc_w.l(iusefp.o)
    0x080130a4   0x080130a4   0x0000006e   Code   RO         3035    .text               mf_w.l(fepilogue.o)
    0x08013112   0x08013112   0x000000ba   Code   RO         3037    .text               mf_w.l(depilogue.o)
    0x080131cc   0x080131cc   0x0000014e   Code   RO         3039    .text               mf_w.l(dadd.o)
    0x0801331a   0x0801331a   0x000000e4   Code   RO         3041    .text               mf_w.l(dmul.o)
    0x080133fe   0x080133fe   0x00000030   Code   RO         3043    .text               mf_w.l(dfixul.o)
    0x0801342e   0x0801342e   0x00000002   PAD
    0x08013430   0x08013430   0x00000030   Code   RO         3045    .text               mf_w.l(cdrcmple.o)
    0x08013460   0x08013460   0x00000024   Code   RO         3047    .text               mc_w.l(init.o)
    0x08013484   0x08013484   0x00000024   Code   RO         3049    .text               mc_w.l(llsshr.o)
    0x080134a8   0x080134a8   0x00000056   Code   RO         3058    .text               mc_w.l(__dczerorl2.o)
    0x080134fe   0x080134fe   0x00000002   PAD
    0x08013500   0x08013500   0x00000028   Code   RO         2972    i.__0sprintf        mc_w.l(printfa.o)
    0x08013528   0x08013528   0x0000000e   Code   RO         3052    i.__scatterload_copy  mc_w.l(handlers.o)
    0x08013536   0x08013536   0x00000002   Code   RO         3053    i.__scatterload_null  mc_w.l(handlers.o)
    0x08013538   0x08013538   0x0000000e   Code   RO         3054    i.__scatterload_zeroinit  mc_w.l(handlers.o)
    0x08013546   0x08013546   0x00000002   PAD
    0x08013548   0x08013548   0x00000184   Code   RO         2977    i._fp_digits        mc_w.l(printfa.o)
    0x080136cc   0x080136cc   0x000006b4   Code   RO         2978    i._printf_core      mc_w.l(printfa.o)
    0x08013d80   0x08013d80   0x00000024   Code   RO         2979    i._printf_post_padding  mc_w.l(printfa.o)
    0x08013da4   0x08013da4   0x0000002e   Code   RO         2980    i._printf_pre_padding  mc_w.l(printfa.o)
    0x08013dd2   0x08013dd2   0x0000000a   Code   RO         2982    i._sputc            mc_w.l(printfa.o)
    0x08013ddc   0x08013ddc   0x00000054   Code   RO         2102    i.add_server_id     Net_Dbg_CM3_L.lib(net_http_server.o)
    0x08013e30   0x08013e30   0x0000005c   Code   RO         1763    i.arp_cache_alloc   Net_Dbg_CM3_L.lib(net_arp.o)
    0x08013e8c   0x08013e8c   0x00000170   Code   RO         1764    i.arp_cache_run     Net_Dbg_CM3_L.lib(net_arp.o)
    0x08013ffc   0x08013ffc   0x00000038   Code   RO         1765    i.arp_is_cacheable  Net_Dbg_CM3_L.lib(net_arp.o)
    0x08014034   0x08014034   0x00000088   Code   RO         1766    i.arp_probe_run     Net_Dbg_CM3_L.lib(net_arp.o)
    0x080140bc   0x080140bc   0x000000d8   Code   RO         1768    i.arp_proc_response  Net_Dbg_CM3_L.lib(net_arp.o)
    0x08014194   0x08014194   0x0000001a   Code   RO         1769    i.arp_que_free      Net_Dbg_CM3_L.lib(net_arp.o)
    0x080141ae   0x080141ae   0x00000002   PAD
    0x080141b0   0x080141b0   0x000000a0   Code   RO         1770    i.arp_send_reply    Net_Dbg_CM3_L.lib(net_arp.o)
    0x08014250   0x08014250   0x000000d0   Code   RO         1771    i.arp_send_request  Net_Dbg_CM3_L.lib(net_arp.o)
    0x08014320   0x08014320   0x00000068   Code   RO         1772    i.arp_sender_valid  Net_Dbg_CM3_L.lib(net_arp.o)
    0x08014388   0x08014388   0x0000018c   Code   RO         2103    i.chk_post_req      Net_Dbg_CM3_L.lib(net_http_server.o)
    0x08014514   0x08014514   0x00000028   Code   RO         2617    i.crc32_8bit        Net_Dbg_CM3_L.lib(net_common.o)
    0x0801453c   0x0801453c   0x0000009a   Code   RO         1707    i.eth_check_link    Net_Dbg_CM3_L.lib(net_eth.o)
    0x080145d6   0x080145d6   0x00000002   PAD
    0x080145d8   0x080145d8   0x00000020   Code   RO         1708    i.eth_if_map        Net_Dbg_CM3_L.lib(net_eth.o)
    0x080145f8   0x080145f8   0x00000304   Code   RO         1709    i.eth_iface_init    Net_Dbg_CM3_L.lib(net_eth.o)
    0x080148fc   0x080148fc   0x00000290   Code   RO         1710    i.eth_iface_run     Net_Dbg_CM3_L.lib(net_eth.o)
    0x08014b8c   0x08014b8c   0x0000007c   Code   RO         1711    i.eth_iface_uninit  Net_Dbg_CM3_L.lib(net_eth.o)
    0x08014c08   0x08014c08   0x00000008   Code   RO         1712    i.eth_lock          Net_Dbg_CM3_L.lib(net_eth.o)
    0x08014c10   0x08014c10   0x0000001c   Code   RO         1713    i.eth_mtu_limit     Net_Dbg_CM3_L.lib(net_eth.o)
    0x08014c2c   0x08014c2c   0x00000048   Code   RO         1714    i.eth_opt_len       Net_Dbg_CM3_L.lib(net_eth.o)
    0x08014c74   0x08014c74   0x00000088   Code   RO         1715    i.eth_receive       Net_Dbg_CM3_L.lib(net_eth.o)
    0x08014cfc   0x08014cfc   0x00000008   Code   RO         1716    i.eth_unlock        Net_Dbg_CM3_L.lib(net_eth.o)
    0x08014d04   0x08014d04   0x0000007c   Code   RO         1880    i.frag_map_session  Net_Dbg_CM3_L.lib(net_ip4_frag.o)
    0x08014d80   0x08014d80   0x00000028   Code   RO         2104    i.get_next_field    Net_Dbg_CM3_L.lib(net_http_server.o)
    0x08014da8   0x08014da8   0x00000032   Code   RO         2105    i.get_next_par      Net_Dbg_CM3_L.lib(net_http_server.o)
    0x08014dda   0x08014dda   0x00000022   Code   RO         2106    i.hex2byte          Net_Dbg_CM3_L.lib(net_http_server.o)
    0x08014dfc   0x08014dfc   0x0000036c   Code   RO         2107    i.http_add_header   Net_Dbg_CM3_L.lib(net_http_server.o)
    0x08015168   0x08015168   0x00000050   Code   RO         2227    i.http_auth_basic_add  Net_Dbg_CM3_L.lib(net_http_server_auth.o)
    0x080151b8   0x080151b8   0x00000090   Code   RO         2228    i.http_auth_basic_parse  Net_Dbg_CM3_L.lib(net_http_server_auth.o)
    0x08015248   0x08015248   0x00000002   Code   RO         2234    i.http_auth_dummy   Net_Dbg_CM3_L.lib(net_http_server_auth.o)
    0x0801524a   0x0801524a   0x00000002   PAD
    0x0801524c   0x0801524c   0x00000024   Code   RO         2235    i.http_auth_init    Net_Dbg_CM3_L.lib(net_http_server_auth.o)
    0x08015270   0x08015270   0x000001cc   Code   RO         2108    i.http_error_msg    Net_Dbg_CM3_L.lib(net_http_server.o)
    0x0801543c   0x0801543c   0x00000078   Code   RO         2109    i.http_get_ftype    Net_Dbg_CM3_L.lib(net_http_server.o)
    0x080154b4   0x080154b4   0x0000005e   Code   RO         2110    i.http_kill_session  Net_Dbg_CM3_L.lib(net_http_server.o)
    0x08015512   0x08015512   0x00000002   PAD
    0x08015514   0x08015514   0x000002a8   Code   RO         2111    i.http_listener     Net_Dbg_CM3_L.lib(net_http_server.o)
    0x080157bc   0x080157bc   0x00000184   Code   RO         2112    i.http_open_file    Net_Dbg_CM3_L.lib(net_http_server.o)
    0x08015940   0x08015940   0x0000011c   Code   RO         2113    i.http_parse_header  Net_Dbg_CM3_L.lib(net_http_server.o)
    0x08015a5c   0x08015a5c   0x000001a8   Code   RO         2114    i.http_proc_multipart  Net_Dbg_CM3_L.lib(net_http_server.o)
    0x08015c04   0x08015c04   0x00000138   Code   RO         2115    i.http_proc_post    Net_Dbg_CM3_L.lib(net_http_server.o)
    0x08015d3c   0x08015d3c   0x00000468   Code   RO         2116    i.http_server_run   Net_Dbg_CM3_L.lib(net_http_server.o)
    0x080161a4   0x080161a4   0x00000060   Code   RO         2117    i.http_server_start  Net_Dbg_CM3_L.lib(net_http_server.o)
    0x08016204   0x08016204   0x00000020   Code   RO         2119    i.http_strcpy       Net_Dbg_CM3_L.lib(net_http_server.o)
    0x08016224   0x08016224   0x000000ac   Code   RO         2120    i.http_to_utc       Net_Dbg_CM3_L.lib(net_http_server.o)
    0x080162d0   0x080162d0   0x0000001a   Code   RO         2618    i.i2str             Net_Dbg_CM3_L.lib(net_common.o)
    0x080162ea   0x080162ea   0x00000002   PAD
    0x080162ec   0x080162ec   0x0000009c   Code   RO         1830    i.igmp_host_run     Net_Dbg_CM3_L.lib(net_igmp.o)
    0x08016388   0x08016388   0x00000024   Code   RO         1831    i.igmp_map_group    Net_Dbg_CM3_L.lib(net_igmp.o)
    0x080163ac   0x080163ac   0x00000070   Code   RO         1832    i.igmp_send_report  Net_Dbg_CM3_L.lib(net_igmp.o)
    0x0801641c   0x0801641c   0x0000000c   Code   RO         2495    i.ip4_get_chksum    Net_Dbg_CM3_L.lib(net_ip4.o)
    0x08016428   0x08016428   0x00000028   Code   RO         2496    i.ip4_get_mtu       Net_Dbg_CM3_L.lib(net_ip4.o)
    0x08016450   0x08016450   0x00000040   Code   RO         2358    i.ip4_ntoa          Net_Dbg_CM3_L.lib(net_addr.o)
    0x08016490   0x08016490   0x000000ca   Code   RO         2359    i.ip6_ntoa          Net_Dbg_CM3_L.lib(net_addr.o)
    0x0801655a   0x0801655a   0x00000002   PAD
    0x0801655c   0x0801655c   0x0000000c   Code   RO         2594    i.mem_lock          Net_Dbg_CM3_L.lib(net_mem.o)
    0x08016568   0x08016568   0x0000000c   Code   RO         2595    i.mem_unlock        Net_Dbg_CM3_L.lib(net_mem.o)
    0x08016574   0x08016574   0x00000120   Code   RO         2425    i.ndp_cache_add     Net_Dbg_CM3_L.lib(net_ndp.o)
    0x08016694   0x08016694   0x00000072   Code   RO         2426    i.ndp_cache_alloc   Net_Dbg_CM3_L.lib(net_ndp.o)
    0x08016706   0x08016706   0x00000002   PAD
    0x08016708   0x08016708   0x00000078   Code   RO         2427    i.ndp_cache_delete  Net_Dbg_CM3_L.lib(net_ndp.o)
    0x08016780   0x08016780   0x0000002c   Code   RO         2429    i.ndp_check_frame   Net_Dbg_CM3_L.lib(net_ndp.o)
    0x080167ac   0x080167ac   0x00000012   Code   RO         2430    i.ndp_next_opt      Net_Dbg_CM3_L.lib(net_ndp.o)
    0x080167be   0x080167be   0x00000002   PAD
    0x080167c0   0x080167c0   0x000000e4   Code   RO         2431    i.ndp_prefix_add    Net_Dbg_CM3_L.lib(net_ndp.o)
    0x080168a4   0x080168a4   0x000000fc   Code   RO         2434    i.ndp_proc_response  Net_Dbg_CM3_L.lib(net_ndp.o)
    0x080169a0   0x080169a0   0x0000001a   Code   RO         2435    i.ndp_que_free      Net_Dbg_CM3_L.lib(net_ndp.o)
    0x080169ba   0x080169ba   0x00000002   PAD
    0x080169bc   0x080169bc   0x00000038   Code   RO         2436    i.ndp_router_remove  Net_Dbg_CM3_L.lib(net_ndp.o)
    0x080169f4   0x080169f4   0x0000009c   Code   RO         2437    i.ndp_send_reply    Net_Dbg_CM3_L.lib(net_ndp.o)
    0x08016a90   0x08016a90   0x000000bc   Code   RO         2438    i.ndp_send_request  Net_Dbg_CM3_L.lib(net_ndp.o)
    0x08016b4c   0x08016b4c   0x00000004   Code   RO         2121    i.netCGI_Charset    Net_Dbg_CM3_L.lib(net_http_server.o)
    0x08016b50   0x08016b50   0x00000004   Code   RO         2122    i.netCGI_ContentType  Net_Dbg_CM3_L.lib(net_http_server.o)
    0x08016b54   0x08016b54   0x00000004   Code   RO         2123    i.netCGI_CustomHeader  Net_Dbg_CM3_L.lib(net_http_server.o)
    0x08016b58   0x08016b58   0x0000006c   Code   RO         2124    i.netCGI_GetEnvVar  Net_Dbg_CM3_L.lib(net_http_server.o)
    0x08016bc4   0x08016bc4   0x00000004   Code   RO         2127    i.netCGI_Redirect   Net_Dbg_CM3_L.lib(net_http_server.o)
    0x08016bc8   0x08016bc8   0x00000004   Code   RO         2129    i.netCGX_ContentType  Net_Dbg_CM3_L.lib(net_http_server.o)
    0x08016bcc   0x08016bcc   0x00000064   Code   RO         2308    i.netCore_Thread    Net_Dbg_CM3_L.lib(net_sys.o)
    0x08016c30   0x08016c30   0x00000002   Code   RO         1717    i.netETH_Notify     Net_Dbg_CM3_L.lib(net_eth.o)
    0x08016c32   0x08016c32   0x00000002   Code   RO         1718    i.netETH_ReceiveRaw  Net_Dbg_CM3_L.lib(net_eth.o)
    0x08016c34   0x08016c34   0x00000072   Code   RO         1720    i.netETH_Thread     Net_Dbg_CM3_L.lib(net_eth.o)
    0x08016ca6   0x08016ca6   0x00000004   Code   RO         2130    i.netHTTPs_AcceptClient  Net_Dbg_CM3_L.lib(net_http_server.o)
    0x08016caa   0x08016caa   0x00000004   Code   RO         2236    i.netHTTPs_CheckAccount  Net_Dbg_CM3_L.lib(net_http_server_auth.o)
    0x08016cae   0x08016cae   0x00000004   Code   RO         2132    i.netHTTPs_FileAccess  Net_Dbg_CM3_L.lib(net_http_server.o)
    0x08016cb2   0x08016cb2   0x00000002   PAD
    0x08016cb4   0x08016cb4   0x00000020   Code   RO         2135    i.netHTTPs_GetLanguage  Net_Dbg_CM3_L.lib(net_http_server.o)
    0x08016cd4   0x08016cd4   0x0000000c   Code   RO         2136    i.netHTTPs_GetPassword  Net_Dbg_CM3_L.lib(net_http_server.o)
    0x08016ce0   0x08016ce0   0x0000000c   Code   RO         2142    i.netHTTPs_LoginActive  Net_Dbg_CM3_L.lib(net_http_server.o)
    0x08016cec   0x08016cec   0x00000058   Code   RO         2145    i.netHTTPs_SetPassword  Net_Dbg_CM3_L.lib(net_http_server.o)
    0x08016d44   0x08016d44   0x00000088   Code   RO         2309    i.netIF_GetOption   Net_Dbg_CM3_L.lib(net_sys.o)
    0x08016dcc   0x08016dcc   0x00000084   Code   RO         2311    i.netIF_SetOption   Net_Dbg_CM3_L.lib(net_sys.o)
    0x08016e50   0x08016e50   0x0000001a   Code   RO         2361    i.netIP_aton        Net_Dbg_CM3_L.lib(net_addr.o)
    0x08016e6a   0x08016e6a   0x00000032   Code   RO         2362    i.netIP_ntoa        Net_Dbg_CM3_L.lib(net_addr.o)
    0x08016e9c   0x08016e9c   0x000000ac   Code   RO         2312    i.netInitialize     Net_Dbg_CM3_L.lib(net_sys.o)
    0x08016f48   0x08016f48   0x0000008c   Code   RO         2363    i.netMAC_aton       Net_Dbg_CM3_L.lib(net_addr.o)
    0x08016fd4   0x08016fd4   0x0000001c   Code   RO         2261    i.netSNTPc_GetTime  Net_Dbg_CM3_L.lib(net_sntp_client_core.o)
    0x08016ff0   0x08016ff0   0x00000004   Code   RO         1983    i.netTCP_GetLocalPort  Net_Dbg_CM3_L.lib(net_tcp.o)
    0x08016ff4   0x08016ff4   0x00000020   Code   RO         1985    i.netTCP_GetPeer    Net_Dbg_CM3_L.lib(net_tcp.o)
    0x08017014   0x08017014   0x00000004   Code   RO         1987    i.netTCP_GetState   Net_Dbg_CM3_L.lib(net_tcp.o)
    0x08017018   0x08017018   0x00000004   Code   RO         1988    i.netTCP_GetTimer   Net_Dbg_CM3_L.lib(net_tcp.o)
    0x0801701c   0x0801701c   0x0000007c   Code   RO         2365    i.net_addr4_aton    Net_Dbg_CM3_L.lib(net_addr.o)
    0x08017098   0x08017098   0x0000001e   Code   RO         2367    i.net_addr4_to_mac  Net_Dbg_CM3_L.lib(net_addr.o)
    0x080170b6   0x080170b6   0x00000002   PAD
    0x080170b8   0x080170b8   0x000000e6   Code   RO         2368    i.net_addr6_aton    Net_Dbg_CM3_L.lib(net_addr.o)
    0x0801719e   0x0801719e   0x00000028   Code   RO         2369    i.net_addr6_comp    Net_Dbg_CM3_L.lib(net_addr.o)
    0x080171c6   0x080171c6   0x00000012   Code   RO         2370    i.net_addr6_copy    Net_Dbg_CM3_L.lib(net_addr.o)
    0x080171d8   0x080171d8   0x0000004c   Code   RO         2371    i.net_addr6_create  Net_Dbg_CM3_L.lib(net_addr.o)
    0x08017224   0x08017224   0x00000028   Code   RO         2372    i.net_addr6_get_solicited  Net_Dbg_CM3_L.lib(net_addr.o)
    0x0801724c   0x0801724c   0x00000018   Code   RO         2373    i.net_addr6_is_linklocal  Net_Dbg_CM3_L.lib(net_addr.o)
    0x08017264   0x08017264   0x0000006e   Code   RO         2374    i.net_addr6_is_onlink  Net_Dbg_CM3_L.lib(net_addr.o)
    0x080172d2   0x080172d2   0x00000048   Code   RO         2375    i.net_addr6_is_solicited  Net_Dbg_CM3_L.lib(net_addr.o)
    0x0801731a   0x0801731a   0x00000018   Code   RO         2376    i.net_addr6_is_unspec  Net_Dbg_CM3_L.lib(net_addr.o)
    0x08017332   0x08017332   0x0000000e   Code   RO         2378    i.net_addr6_to_mac  Net_Dbg_CM3_L.lib(net_addr.o)
    0x08017340   0x08017340   0x0000002c   Code   RO         2379    i.net_addr_comp     Net_Dbg_CM3_L.lib(net_addr.o)
    0x0801736c   0x0801736c   0x00000026   Code   RO         2380    i.net_addr_copy     Net_Dbg_CM3_L.lib(net_addr.o)
    0x08017392   0x08017392   0x0000001a   Code   RO         2381    i.net_addr_find_route  Net_Dbg_CM3_L.lib(net_addr.o)
    0x080173ac   0x080173ac   0x00000020   Code   RO         2383    i.net_addr_get_local  Net_Dbg_CM3_L.lib(net_addr.o)
    0x080173cc   0x080173cc   0x00000022   Code   RO         2384    i.net_addr_is_unspec  Net_Dbg_CM3_L.lib(net_addr.o)
    0x080173ee   0x080173ee   0x00000002   PAD
    0x080173f0   0x080173f0   0x0000011c   Code   RO         1780    i.net_arp_cache_add  Net_Dbg_CM3_L.lib(net_arp.o)
    0x0801750c   0x0801750c   0x000000bc   Code   RO         1781    i.net_arp_cache_early  Net_Dbg_CM3_L.lib(net_arp.o)
    0x080175c8   0x080175c8   0x000000ec   Code   RO         1782    i.net_arp_cache_find  Net_Dbg_CM3_L.lib(net_arp.o)
    0x080176b4   0x080176b4   0x00000048   Code   RO         1783    i.net_arp_cache_init  Net_Dbg_CM3_L.lib(net_arp.o)
    0x080176fc   0x080176fc   0x0000001c   Code   RO         1784    i.net_arp_cache_run  Net_Dbg_CM3_L.lib(net_arp.o)
    0x08017718   0x08017718   0x00000040   Code   RO         1785    i.net_arp_cache_uninit  Net_Dbg_CM3_L.lib(net_arp.o)
    0x08017758   0x08017758   0x00000078   Code   RO         1786    i.net_arp_enqueue   Net_Dbg_CM3_L.lib(net_arp.o)
    0x080177d0   0x080177d0   0x00000020   Code   RO         1788    i.net_arp_notify    Net_Dbg_CM3_L.lib(net_arp.o)
    0x080177f0   0x080177f0   0x00000224   Code   RO         1790    i.net_arp_process   Net_Dbg_CM3_L.lib(net_arp.o)
    0x08017a14   0x08017a14   0x00000042   Code   RO         2619    i.net_atoi          Net_Dbg_CM3_L.lib(net_common.o)
    0x08017a56   0x08017a56   0x00000002   PAD
    0x08017a58   0x08017a58   0x00000078   Code   RO         2685    i.net_base64_decode  Net_Dbg_CM3_L.lib(net_base64.o)
    0x08017ad0   0x08017ad0   0x00000030   Code   RO         2621    i.net_chksum_buf    Net_Dbg_CM3_L.lib(net_common.o)
    0x08017b00   0x08017b00   0x0000001e   Code   RO         2622    i.net_crc_buf       Net_Dbg_CM3_L.lib(net_common.o)
    0x08017b1e   0x08017b1e   0x0000000e   Code   RO         1721    i.net_eth_callback  Net_Dbg_CM3_L.lib(net_eth.o)
    0x08017b2c   0x08017b2c   0x00000068   Code   RO         1722    i.net_eth_config_mcast  Net_Dbg_CM3_L.lib(net_eth.o)
    0x08017b94   0x08017b94   0x000000ea   Code   RO         1724    i.net_eth_get_option  Net_Dbg_CM3_L.lib(net_eth.o)
    0x08017c7e   0x08017c7e   0x00000002   PAD
    0x08017c80   0x08017c80   0x0000001c   Code   RO         1725    i.net_eth_iface_init  Net_Dbg_CM3_L.lib(net_eth.o)
    0x08017c9c   0x08017c9c   0x0000001c   Code   RO         1726    i.net_eth_iface_run  Net_Dbg_CM3_L.lib(net_eth.o)
    0x08017cb8   0x08017cb8   0x0000001c   Code   RO         1727    i.net_eth_iface_uninit  Net_Dbg_CM3_L.lib(net_eth.o)
    0x08017cd4   0x08017cd4   0x000000a8   Code   RO         1728    i.net_eth_output    Net_Dbg_CM3_L.lib(net_eth.o)
    0x08017d7c   0x08017d7c   0x000001e0   Code   RO         1729    i.net_eth_send_frame  Net_Dbg_CM3_L.lib(net_eth.o)
    0x08017f5c   0x08017f5c   0x00000270   Code   RO         1730    i.net_eth_set_option  Net_Dbg_CM3_L.lib(net_eth.o)
    0x080181cc   0x080181cc   0x000000e8   Code   RO         2151    i.net_http_server_init  Net_Dbg_CM3_L.lib(net_http_server.o)
    0x080182b4   0x080182b4   0x00000028   Code   RO         2152    i.net_http_server_run  Net_Dbg_CM3_L.lib(net_http_server.o)
    0x080182dc   0x080182dc   0x00000070   Code   RO         2153    i.net_http_server_uninit  Net_Dbg_CM3_L.lib(net_http_server.o)
    0x0801834c   0x0801834c   0x00000018   Code   RO         2567    i.net_icmp6_init    Net_Dbg_CM3_L.lib(net_icmp6.o)
    0x08018364   0x08018364   0x00000238   Code   RO         2568    i.net_icmp6_process  Net_Dbg_CM3_L.lib(net_icmp6.o)
    0x0801859c   0x0801859c   0x00000084   Code   RO         2569    i.net_icmp6_send    Net_Dbg_CM3_L.lib(net_icmp6.o)
    0x08018620   0x08018620   0x00000058   Code   RO         2570    i.net_icmp6_send_echo  Net_Dbg_CM3_L.lib(net_icmp6.o)
    0x08018678   0x08018678   0x00000018   Code   RO         1902    i.net_icmp_init     Net_Dbg_CM3_L.lib(net_icmp.o)
    0x08018690   0x08018690   0x000001c8   Code   RO         1903    i.net_icmp_process  Net_Dbg_CM3_L.lib(net_icmp.o)
    0x08018858   0x08018858   0x000000a0   Code   RO         1904    i.net_icmp_send_echo  Net_Dbg_CM3_L.lib(net_icmp.o)
    0x080188f8   0x080188f8   0x0000000c   Code   RO         2316    i.net_if_map_all    Net_Dbg_CM3_L.lib(net_sys.o)
    0x08018904   0x08018904   0x0000006c   Code   RO         1835    i.net_igmp_collect_mcast  Net_Dbg_CM3_L.lib(net_igmp.o)
    0x08018970   0x08018970   0x00000048   Code   RO         1836    i.net_igmp_host_init  Net_Dbg_CM3_L.lib(net_igmp.o)
    0x080189b8   0x080189b8   0x0000001c   Code   RO         1837    i.net_igmp_host_run  Net_Dbg_CM3_L.lib(net_igmp.o)
    0x080189d4   0x080189d4   0x00000038   Code   RO         1838    i.net_igmp_host_uninit  Net_Dbg_CM3_L.lib(net_igmp.o)
    0x08018a0c   0x08018a0c   0x00000020   Code   RO         1839    i.net_igmp_is_member  Net_Dbg_CM3_L.lib(net_igmp.o)
    0x08018a2c   0x08018a2c   0x000001ac   Code   RO         1840    i.net_igmp_process  Net_Dbg_CM3_L.lib(net_igmp.o)
    0x08018bd8   0x08018bd8   0x0000018c   Code   RO         2497    i.net_ip4_chk_frame  Net_Dbg_CM3_L.lib(net_ip4.o)
    0x08018d64   0x08018d64   0x0000002c   Code   RO         2498    i.net_ip4_chksum    Net_Dbg_CM3_L.lib(net_ip4.o)
    0x08018d90   0x08018d90   0x00000006   Code   RO         2499    i.net_ip4_chksum_buf  Net_Dbg_CM3_L.lib(net_ip4.o)
    0x08018d96   0x08018d96   0x00000002   PAD
    0x08018d98   0x08018d98   0x00000080   Code   RO         2501    i.net_ip4_find_route  Net_Dbg_CM3_L.lib(net_ip4.o)
    0x08018e18   0x08018e18   0x00000124   Code   RO         1881    i.net_ip4_frag_add  Net_Dbg_CM3_L.lib(net_ip4_frag.o)
    0x08018f3c   0x08018f3c   0x000000ac   Code   RO         1882    i.net_ip4_frag_get  Net_Dbg_CM3_L.lib(net_ip4_frag.o)
    0x08018fe8   0x08018fe8   0x00000010   Code   RO         1883    i.net_ip4_frag_init  Net_Dbg_CM3_L.lib(net_ip4_frag.o)
    0x08018ff8   0x08018ff8   0x0000003c   Code   RO         1884    i.net_ip4_frag_run  Net_Dbg_CM3_L.lib(net_ip4_frag.o)
    0x08019034   0x08019034   0x00000010   Code   RO         1885    i.net_ip4_frag_uninit  Net_Dbg_CM3_L.lib(net_ip4_frag.o)
    0x08019044   0x08019044   0x0000002c   Code   RO         2502    i.net_ip4_get_local  Net_Dbg_CM3_L.lib(net_ip4.o)
    0x08019070   0x08019070   0x00000024   Code   RO         2503    i.net_ip4_init      Net_Dbg_CM3_L.lib(net_ip4.o)
    0x08019094   0x08019094   0x00000020   Code   RO         2504    i.net_ip4_is_onlink  Net_Dbg_CM3_L.lib(net_ip4.o)
    0x080190b4   0x080190b4   0x00000026   Code   RO         2505    i.net_ip4_is_subcast  Net_Dbg_CM3_L.lib(net_ip4.o)
    0x080190da   0x080190da   0x0000000e   Code   RO         2506    i.net_ip4_reass_frame  Net_Dbg_CM3_L.lib(net_ip4.o)
    0x080190e8   0x080190e8   0x00000164   Code   RO         2507    i.net_ip4_send_frame  Net_Dbg_CM3_L.lib(net_ip4.o)
    0x0801924c   0x0801924c   0x0000002a   Code   RO         2509    i.net_ip4_tx_offl_hl  Net_Dbg_CM3_L.lib(net_ip4.o)
    0x08019276   0x08019276   0x00000002   PAD
    0x08019278   0x08019278   0x00000020   Code   RO         2510    i.net_ip4_uninit    Net_Dbg_CM3_L.lib(net_ip4.o)
    0x08019298   0x08019298   0x00000100   Code   RO         2535    i.net_ip6_chk_frame  Net_Dbg_CM3_L.lib(net_ip6.o)
    0x08019398   0x08019398   0x00000032   Code   RO         2536    i.net_ip6_chksum    Net_Dbg_CM3_L.lib(net_ip6.o)
    0x080193ca   0x080193ca   0x00000002   PAD
    0x080193cc   0x080193cc   0x0000007c   Code   RO         2537    i.net_ip6_collect_mcast  Net_Dbg_CM3_L.lib(net_ip6.o)
    0x08019448   0x08019448   0x00000048   Code   RO         2539    i.net_ip6_find_route  Net_Dbg_CM3_L.lib(net_ip6.o)
    0x08019490   0x08019490   0x00000054   Code   RO         2540    i.net_ip6_get_local  Net_Dbg_CM3_L.lib(net_ip6.o)
    0x080194e4   0x080194e4   0x0000001c   Code   RO         2541    i.net_ip6_init      Net_Dbg_CM3_L.lib(net_ip6.o)
    0x08019500   0x08019500   0x000000cc   Code   RO         2542    i.net_ip6_send_frame  Net_Dbg_CM3_L.lib(net_ip6.o)
    0x080195cc   0x080195cc   0x0000001e   Code   RO         2544    i.net_ip6_tx_offl_hl  Net_Dbg_CM3_L.lib(net_ip6.o)
    0x080195ea   0x080195ea   0x00000002   PAD
    0x080195ec   0x080195ec   0x0000001c   Code   RO         2545    i.net_ip6_uninit    Net_Dbg_CM3_L.lib(net_ip6.o)
    0x08019608   0x08019608   0x00000008   Code   RO         2623    i.net_itoa          Net_Dbg_CM3_L.lib(net_common.o)
    0x08019610   0x08019610   0x00000006   Code   RO         2625    i.net_itoa_n0       Net_Dbg_CM3_L.lib(net_common.o)
    0x08019616   0x08019616   0x00000002   PAD
    0x08019618   0x08019618   0x00000030   Code   RO         1863    i.net_loop_iface_init  Net_Dbg_CM3_L.lib(net_loopback.o)
    0x08019648   0x08019648   0x000000bc   Code   RO         1864    i.net_loop_iface_run  Net_Dbg_CM3_L.lib(net_loopback.o)
    0x08019704   0x08019704   0x00000028   Code   RO         1865    i.net_loop_iface_uninit  Net_Dbg_CM3_L.lib(net_loopback.o)
    0x0801972c   0x0801972c   0x00000070   Code   RO         1866    i.net_loop_send_frame  Net_Dbg_CM3_L.lib(net_loopback.o)
    0x0801979c   0x0801979c   0x000000c0   Code   RO         2596    i.net_mem_alloc     Net_Dbg_CM3_L.lib(net_mem.o)
    0x0801985c   0x0801985c   0x0000001c   Code   RO         2597    i.net_mem_avail     Net_Dbg_CM3_L.lib(net_mem.o)
    0x08019878   0x08019878   0x000000a4   Code   RO         2598    i.net_mem_free      Net_Dbg_CM3_L.lib(net_mem.o)
    0x0801991c   0x0801991c   0x00000070   Code   RO         2599    i.net_mem_init      Net_Dbg_CM3_L.lib(net_mem.o)
    0x0801998c   0x0801998c   0x00000048   Code   RO         2600    i.net_mem_shrink    Net_Dbg_CM3_L.lib(net_mem.o)
    0x080199d4   0x080199d4   0x000001c4   Code   RO         2446    i.net_ndp_cache_find  Net_Dbg_CM3_L.lib(net_ndp.o)
    0x08019b98   0x08019b98   0x00000078   Code   RO         2449    i.net_ndp_cache_refresh  Net_Dbg_CM3_L.lib(net_ndp.o)
    0x08019c10   0x08019c10   0x00000070   Code   RO         2452    i.net_ndp_enqueue   Net_Dbg_CM3_L.lib(net_ndp.o)
    0x08019c80   0x08019c80   0x00000374   Code   RO         2454    i.net_ndp_process   Net_Dbg_CM3_L.lib(net_ndp.o)
    0x08019ff4   0x08019ff4   0x00000038   Code   RO         2318    i.net_path          Net_Dbg_CM3_L.lib(net_sys.o)
    0x0801a02c   0x0801a02c   0x00000020   Code   RO         2289    i.net_ping_client_init  Net_Dbg_CM3_L.lib(net_ping_core.o)
    0x0801a04c   0x0801a04c   0x00000080   Code   RO         2290    i.net_ping_client_run  Net_Dbg_CM3_L.lib(net_ping_core.o)
    0x0801a0cc   0x0801a0cc   0x00000020   Code   RO         2292    i.net_ping_client_uninit  Net_Dbg_CM3_L.lib(net_ping_core.o)
    0x0801a0ec   0x0801a0ec   0x0000001c   Code   RO         2319    i.net_rand32        Net_Dbg_CM3_L.lib(net_sys.o)
    0x0801a108   0x0801a108   0x0000005c   Code   RO         2263    i.net_sntp_client_init  Net_Dbg_CM3_L.lib(net_sntp_client_core.o)
    0x0801a164   0x0801a164   0x00000058   Code   RO         2264    i.net_sntp_client_run  Net_Dbg_CM3_L.lib(net_sntp_client_core.o)
    0x0801a1bc   0x0801a1bc   0x00000148   Code   RO         2265    i.net_sntp_client_start  Net_Dbg_CM3_L.lib(net_sntp_client_core.o)
    0x0801a304   0x0801a304   0x00000020   Code   RO         2266    i.net_sntp_client_uninit  Net_Dbg_CM3_L.lib(net_sntp_client_core.o)
    0x0801a324   0x0801a324   0x0000002e   Code   RO         2626    i.net_strcasecmp    Net_Dbg_CM3_L.lib(net_common.o)
    0x0801a352   0x0801a352   0x00000016   Code   RO         2627    i.net_strchr        Net_Dbg_CM3_L.lib(net_common.o)
    0x0801a368   0x0801a368   0x0000001a   Code   RO         2628    i.net_strcmp        Net_Dbg_CM3_L.lib(net_common.o)
    0x0801a382   0x0801a382   0x00000012   Code   RO         2629    i.net_strcpy        Net_Dbg_CM3_L.lib(net_common.o)
    0x0801a394   0x0801a394   0x0000001c   Code   RO         2631    i.net_strnchr       Net_Dbg_CM3_L.lib(net_common.o)
    0x0801a3b0   0x0801a3b0   0x0000001a   Code   RO         2632    i.net_strncpy       Net_Dbg_CM3_L.lib(net_common.o)
    0x0801a3ca   0x0801a3ca   0x00000002   PAD
    0x0801a3cc   0x0801a3cc   0x0000000c   Code   RO         2320    i.net_sys_lock      Net_Dbg_CM3_L.lib(net_sys.o)
    0x0801a3d8   0x0801a3d8   0x00000016   Code   RO         2321    i.net_sys_resume    Net_Dbg_CM3_L.lib(net_sys.o)
    0x0801a3ee   0x0801a3ee   0x00000002   PAD
    0x0801a3f0   0x0801a3f0   0x00000014   Code   RO         2323    i.net_sys_tick      Net_Dbg_CM3_L.lib(net_sys.o)
    0x0801a404   0x0801a404   0x0000000c   Code   RO         2324    i.net_sys_unlock    Net_Dbg_CM3_L.lib(net_sys.o)
    0x0801a410   0x0801a410   0x00000020   Code   RO         2326    i.net_sys_wakeup    Net_Dbg_CM3_L.lib(net_sys.o)
    0x0801a430   0x0801a430   0x00000084   Code   RO         1995    i.net_tcp_abort     Net_Dbg_CM3_L.lib(net_tcp.o)
    0x0801a4b4   0x0801a4b4   0x000000e4   Code   RO         1998    i.net_tcp_close     Net_Dbg_CM3_L.lib(net_tcp.o)
    0x0801a598   0x0801a598   0x0000002e   Code   RO         2001    i.net_tcp_get_buf   Net_Dbg_CM3_L.lib(net_tcp.o)
    0x0801a5c6   0x0801a5c6   0x00000002   PAD
    0x0801a5c8   0x0801a5c8   0x00000034   Code   RO         2003    i.net_tcp_get_local_port  Net_Dbg_CM3_L.lib(net_tcp.o)
    0x0801a5fc   0x0801a5fc   0x00000028   Code   RO         2004    i.net_tcp_get_mss   Net_Dbg_CM3_L.lib(net_tcp.o)
    0x0801a624   0x0801a624   0x00000054   Code   RO         2006    i.net_tcp_get_peer  Net_Dbg_CM3_L.lib(net_tcp.o)
    0x0801a678   0x0801a678   0x00000070   Code   RO         2008    i.net_tcp_get_socket  Net_Dbg_CM3_L.lib(net_tcp.o)
    0x0801a6e8   0x0801a6e8   0x0000002c   Code   RO         2009    i.net_tcp_get_state  Net_Dbg_CM3_L.lib(net_tcp.o)
    0x0801a714   0x0801a714   0x00000034   Code   RO         2010    i.net_tcp_get_timer  Net_Dbg_CM3_L.lib(net_tcp.o)
    0x0801a748   0x0801a748   0x000000b0   Code   RO         2011    i.net_tcp_listen    Net_Dbg_CM3_L.lib(net_tcp.o)
    0x0801a7f8   0x0801a7f8   0x000007a8   Code   RO         2013    i.net_tcp_process   Net_Dbg_CM3_L.lib(net_tcp.o)
    0x0801afa0   0x0801afa0   0x0000015c   Code   RO         2017    i.net_tcp_send      Net_Dbg_CM3_L.lib(net_tcp.o)
    0x0801b0fc   0x0801b0fc   0x0000012c   Code   RO         2019    i.net_tcp_set_option  Net_Dbg_CM3_L.lib(net_tcp.o)
    0x0801b228   0x0801b228   0x00000028   Code   RO         2020    i.net_tcp_socket_init  Net_Dbg_CM3_L.lib(net_tcp.o)
    0x0801b250   0x0801b250   0x000003c0   Code   RO         2021    i.net_tcp_socket_run  Net_Dbg_CM3_L.lib(net_tcp.o)
    0x0801b610   0x0801b610   0x00000028   Code   RO         2022    i.net_tcp_socket_uninit  Net_Dbg_CM3_L.lib(net_tcp.o)
    0x0801b638   0x0801b638   0x00000048   Code   RO         1929    i.net_udp_close     Net_Dbg_CM3_L.lib(net_udp.o)
    0x0801b680   0x0801b680   0x0000002e   Code   RO         1932    i.net_udp_get_buf   Net_Dbg_CM3_L.lib(net_udp.o)
    0x0801b6ae   0x0801b6ae   0x00000002   PAD
    0x0801b6b0   0x0801b6b0   0x00000070   Code   RO         1935    i.net_udp_get_socket  Net_Dbg_CM3_L.lib(net_udp.o)
    0x0801b720   0x0801b720   0x000000ac   Code   RO         1937    i.net_udp_open      Net_Dbg_CM3_L.lib(net_udp.o)
    0x0801b7cc   0x0801b7cc   0x00000158   Code   RO         1938    i.net_udp_process   Net_Dbg_CM3_L.lib(net_udp.o)
    0x0801b924   0x0801b924   0x00000012   Code   RO         1940    i.net_udp_send      Net_Dbg_CM3_L.lib(net_udp.o)
    0x0801b936   0x0801b936   0x00000002   PAD
    0x0801b938   0x0801b938   0x0000022c   Code   RO         1941    i.net_udp_send_if   Net_Dbg_CM3_L.lib(net_udp.o)
    0x0801bb64   0x0801bb64   0x00000024   Code   RO         1943    i.net_udp_socket_init  Net_Dbg_CM3_L.lib(net_udp.o)
    0x0801bb88   0x0801bb88   0x00000024   Code   RO         1944    i.net_udp_socket_uninit  Net_Dbg_CM3_L.lib(net_udp.o)
    0x0801bbac   0x0801bbac   0x00000008   Code   RO         2634    i.net_ultoa         Net_Dbg_CM3_L.lib(net_common.o)
    0x0801bbb4   0x0801bbb4   0x00000030   Code   RO         2637    i.net_ultox         Net_Dbg_CM3_L.lib(net_common.o)
    0x0801bbe4   0x0801bbe4   0x0000004c   Code   RO         2638    i.net_xtoul         Net_Dbg_CM3_L.lib(net_common.o)
    0x0801bc30   0x0801bc30   0x0000001c   Code   RO         2293    i.ping_send_req     Net_Dbg_CM3_L.lib(net_ping_core.o)
    0x0801bc4c   0x0801bc4c   0x00000058   Code   RO         2155    i.proc_req_line     Net_Dbg_CM3_L.lib(net_http_server.o)
    0x0801bca4   0x0801bca4   0x0000001a   Code   RO         1886    i.que_free_list     Net_Dbg_CM3_L.lib(net_ip4_frag.o)
    0x0801bcbe   0x0801bcbe   0x000000a0   Code   RO         2156    i.read_script_line  Net_Dbg_CM3_L.lib(net_http_server.o)
    0x0801bd5e   0x0801bd5e   0x00000048   Code   RO         2157    i.search_delim      Net_Dbg_CM3_L.lib(net_http_server.o)
    0x0801bda6   0x0801bda6   0x00000002   PAD
    0x0801bda8   0x0801bda8   0x000000fc   Code   RO         2267    i.sntp_listener     Net_Dbg_CM3_L.lib(net_sntp_client_core.o)
    0x0801bea4   0x0801bea4   0x0000003c   Code   RO         2268    i.sntp_send_message  Net_Dbg_CM3_L.lib(net_sntp_client_core.o)
    0x0801bee0   0x0801bee0   0x00000018   Code   RO         2270    i.sntp_stop         Net_Dbg_CM3_L.lib(net_sntp_client_core.o)
    0x0801bef8   0x0801bef8   0x00000018   Code   RO         2327    i.sys_map_if        Net_Dbg_CM3_L.lib(net_sys.o)
    0x0801bf10   0x0801bf10   0x0000004c   Code   RO         2328    i.sys_proc_tick     Net_Dbg_CM3_L.lib(net_sys.o)
    0x0801bf5c   0x0801bf5c   0x00000110   Code   RO         2023    i.tcp_map_socket    Net_Dbg_CM3_L.lib(net_tcp.o)
    0x0801c06c   0x0801c06c   0x00000084   Code   RO         2024    i.tcp_parse_opt     Net_Dbg_CM3_L.lib(net_tcp.o)
    0x0801c0f0   0x0801c0f0   0x0000011c   Code   RO         2025    i.tcp_proc_acknr    Net_Dbg_CM3_L.lib(net_tcp.o)
    0x0801c20c   0x0801c20c   0x000000ac   Code   RO         2026    i.tcp_proc_dupack   Net_Dbg_CM3_L.lib(net_tcp.o)
    0x0801c2b8   0x0801c2b8   0x0000001a   Code   RO         2027    i.tcp_que_free      Net_Dbg_CM3_L.lib(net_tcp.o)
    0x0801c2d2   0x0801c2d2   0x0000001a   Code   RO         2028    i.tcp_que_init      Net_Dbg_CM3_L.lib(net_tcp.o)
    0x0801c2ec   0x0801c2ec   0x000000ac   Code   RO         2029    i.tcp_que_resend    Net_Dbg_CM3_L.lib(net_tcp.o)
    0x0801c398   0x0801c398   0x00000090   Code   RO         2030    i.tcp_send_ctrl     Net_Dbg_CM3_L.lib(net_tcp.o)
    0x0801c428   0x0801c428   0x0000007c   Code   RO         2031    i.tcp_send_data     Net_Dbg_CM3_L.lib(net_tcp.o)
    0x0801c4a4   0x0801c4a4   0x00000090   Code   RO         2032    i.tcp_send_reset    Net_Dbg_CM3_L.lib(net_tcp.o)
    0x0801c534   0x0801c534   0x00000044   Code   RO         2033    i.tcp_set_cwnd      Net_Dbg_CM3_L.lib(net_tcp.o)
    0x0801c578   0x0801c578   0x00000074   Code   RO         2034    i.tcp_transit       Net_Dbg_CM3_L.lib(net_tcp.o)
    0x0801c5ec   0x0801c5ec   0x0000010c   Code   RO         2035    i.tcp_write         Net_Dbg_CM3_L.lib(net_tcp.o)
    0x0801c6f8   0x0801c6f8   0x0000002c   Code   RO         1945    i.udp_port_in_use   Net_Dbg_CM3_L.lib(net_udp.o)
    0x0801c724   0x0801c724   0x00000044   Code   RO         2639    i.ul2str            Net_Dbg_CM3_L.lib(net_common.o)
    0x0801c768   0x0801c768   0x00000124   Code   RO         2158    i.utc_to_http       Net_Dbg_CM3_L.lib(net_http_server.o)
    0x0801c88c   0x0801c88c   0x00000024   Data   RO          152    .constdata          http_server.o
    0x0801c8b0   0x0801c8b0   0x000062d4   Data   RO          257    .constdata          web.o
    0x08022b84   0x08022b84   0x00000960   Data   RO          276    .constdata          pruebalcd.o
    0x080234e4   0x080234e4   0x00000014   Data   RO          370    .constdata          thsntp.o
    0x080234f8   0x080234f8   0x00000001   Data   RO          454    .constdata          irq_armv7m.o
    0x080234f9   0x080234f9   0x00000003   PAD
    0x080234fc   0x080234fc   0x00000068   Data   RO          641    .constdata          rtx_lib.o
    0x08023564   0x08023564   0x00000024   Data   RO          982    .constdata          phy_lan8742a.o
    0x08023588   0x08023588   0x00000094   Data   RO         1009    .constdata          emac_stm32f4xx.o
    0x0802361c   0x0802361c   0x00000080   Data   RO         1050    .constdata          spi_stm32f4xx.o
    0x0802369c   0x0802369c   0x00000018   Data   RO         1086    .constdata          eventrecorder.o
    0x080236b4   0x080236b4   0x00000008   Data   RO         1254    .constdata          stm32f4xx_hal_dma.o
    0x080236bc   0x080236bc   0x00000018   Data   RO         1598    .constdata          system_stm32f4xx.o
    0x080236d4   0x080236d4   0x00000298   Data   RO         1631    .constdata          net_config.o
    0x0802396c   0x0802396c   0x00000008   Data   RO         1841    .constdata          Net_Dbg_CM3_L.lib(net_igmp.o)
    0x08023974   0x08023974   0x0000002c   Data   RO         1867    .constdata          Net_Dbg_CM3_L.lib(net_loopback.o)
    0x080239a0   0x080239a0   0x0000000c   Data   RO         1868    .constdata          Net_Dbg_CM3_L.lib(net_loopback.o)
    0x080239ac   0x080239ac   0x000000fa   Data   RO         2160    .constdata          Net_Dbg_CM3_L.lib(net_http_server.o)
    0x08023aa6   0x08023aa6   0x00000002   PAD
    0x08023aa8   0x08023aa8   0x00000018   Data   RO         2239    .constdata          Net_Dbg_CM3_L.lib(net_http_server_auth.o)
    0x08023ac0   0x08023ac0   0x00000012   Data   RO         2295    .constdata          Net_Dbg_CM3_L.lib(net_ping_core.o)
    0x08023ad2   0x08023ad2   0x00000010   Data   RO         2388    .constdata          Net_Dbg_CM3_L.lib(net_addr.o)
    0x08023ae2   0x08023ae2   0x00000006   Data   RO         2389    .constdata          Net_Dbg_CM3_L.lib(net_addr.o)
    0x08023ae8   0x08023ae8   0x00000004   Data   RO         2511    .constdata          Net_Dbg_CM3_L.lib(net_ip4.o)
    0x08023aec   0x08023aec   0x00000020   Data   RO         2546    .constdata          Net_Dbg_CM3_L.lib(net_ip6.o)
    0x08023b0c   0x08023b0c   0x00000018   Data   RO         2586    .constdata          Net_Dbg_CM3_L.lib(net_http_server_err.o)
    0x08023b24   0x08023b24   0x00000010   Data   RO         2640    .constdata          Net_Dbg_CM3_L.lib(net_common.o)
    0x08023b34   0x08023b34   0x00000090   Data   RO         2687    .constdata          Net_Dbg_CM3_L.lib(net_base64.o)
    0x08023bc4   0x08023bc4   0x00000004   Data   RO         2696    .constdata          Net_Dbg_CM3_L.lib(net_version.o)
    0x08023bc8   0x08023bc8   0x0000000c   Data   RO         2717    .constdata          mc_w.l(localtime.o)
    0x08023bd4   0x08023bd4   0x000000da   Data   RO          221    .conststring        http_server_cgi.o
    0x08023cae   0x08023cae   0x00000002   PAD
    0x08023cb0   0x08023cb0   0x000000f1   Data   RO         1632    .conststring        net_config.o
    0x08023da1   0x08023da1   0x00000003   PAD
    0x08023da4   0x08023da4   0x00000203   Data   RO         2587    .conststring        Net_Dbg_CM3_L.lib(net_http_server_err.o)
    0x08023fa7   0x08023fa7   0x00000001   PAD
    0x08023fa8   0x08023fa8   0x0000000b   Data   RO          587    .conststrlit        rtx_kernel.o
    0x08023fb3   0x08023fb3   0x00000001   PAD
    0x08023fb4   0x08023fb4   0x000000a8   Data   RO          642    .rodata             rtx_lib.o
    0x0802405c   0x0802405c   0x00000030   Data   RO         3051    Region$$Table       anon$$obj.o


    Execution Region RW_IRAM2 (Exec base: 0x10000000, Load base: 0x080241c8, Size: 0x000004a4, Max: 0x00010000, ABSOLUTE)

    Exec Addr    Load Addr    Size         Type   Attr      Idx    E Section Name        Object

    0x10000000        -       0x000004a4   Zero   RW         1085    .bss.noinit         eventrecorder.o


    Execution Region RW_IRAM1 (Exec base: 0x20000000, Load base: 0x0802408c, Size: 0x0000f7a8, Max: 0x00030000, ABSOLUTE, COMPRESSED[0x0000013c])

    Exec Addr    Load Addr    Size         Type   Attr      Idx    E Section Name        Object

    0x20000000   COMPRESSED   0x00008040   Data   RW          635    .bss.os             rtx_lib.o
    0x20008040   COMPRESSED   0x00000001   Data   RW          934    .bss.os             os_systick.o
    0x20008041   COMPRESSED   0x00000003   PAD
    0x20008044   COMPRESSED   0x00000034   Data   RW          636    .bss.os.msgqueue.cb  rtx_lib.o
    0x20008078   COMPRESSED   0x00000050   Data   RW          637    .bss.os.msgqueue.mem  rtx_lib.o
    0x200080c8   COMPRESSED   0x00000038   Data   RW         1627    .bss.os.mutex.cb    net_config.o
    0x20008100   COMPRESSED   0x00000010   Data   RW         1628    .bss.os.semaphore.cb  net_config.o
    0x20008110   COMPRESSED   0x00000088   Data   RW          638    .bss.os.thread.cb   rtx_lib.o
    0x20008198   COMPRESSED   0x00000088   Data   RW         1629    .bss.os.thread.cb   net_config.o
    0x20008220   COMPRESSED   0x00000200   Data   RW          639    .bss.os.thread.idle.stack  rtx_lib.o
    0x20008420   COMPRESSED   0x00000200   Data   RW          640    .bss.os.thread.timer.stack  rtx_lib.o
    0x20008620   COMPRESSED   0x00000020   Data   RW         1630    .bss.os.timer.cb    net_config.o
    0x20008640   COMPRESSED   0x00000004   Data   RW            5    .data               main.o
    0x20008644   COMPRESSED   0x00000044   Data   RW          153    .data               http_server.o
    0x20008688   COMPRESSED   0x00000018   Data   RW          222    .data               http_server_cgi.o
    0x200086a0   COMPRESSED   0x00000008   Data   RW          277    .data               pruebalcd.o
    0x200086a8   COMPRESSED   0x00000004   Data   RW          371    .data               thsntp.o
    0x200086ac   COMPRESSED   0x00000004   Data   RW          402    .data               thcled.o
    0x200086b0   COMPRESSED   0x00000009   Data   RW          430    .data               thpower.o
    0x200086b9   COMPRESSED   0x00000003   PAD
    0x200086bc   COMPRESSED   0x00000009   Data   RW         1148    .data               stm32f4xx_hal.o
    0x200086c5   COMPRESSED   0x00000003   PAD
    0x200086c8   COMPRESSED   0x00000004   Data   RW         1599    .data               system_stm32f4xx.o
    0x200086cc   COMPRESSED   0x0000000e   Data   RW         1633    .data               net_config.o
    0x200086da   COMPRESSED   0x00000004   Data   RW         1842    .data               Net_Dbg_CM3_L.lib(net_igmp.o)
    0x200086de   COMPRESSED   0x00000002   PAD
    0x200086e0   COMPRESSED   0x00000004   Data   RW         1869    .data               Net_Dbg_CM3_L.lib(net_loopback.o)
    0x200086e4   COMPRESSED   0x00000004   Data   RW         1887    .data               Net_Dbg_CM3_L.lib(net_ip4_frag.o)
    0x200086e8   COMPRESSED   0x00000001   Data   RW         1905    .data               Net_Dbg_CM3_L.lib(net_icmp.o)
    0x200086e9   COMPRESSED   0x00000001   PAD
    0x200086ea   COMPRESSED   0x00000002   Data   RW         1947    .data               Net_Dbg_CM3_L.lib(net_udp.o)
    0x200086ec   COMPRESSED   0x00000004   Data   RW         2038    .data               Net_Dbg_CM3_L.lib(net_tcp.o)
    0x200086f0   COMPRESSED   0x0000000c   Data   RW         2161    .data               Net_Dbg_CM3_L.lib(net_http_server.o)
    0x200086fc   COMPRESSED   0x00000008   Data   RW         2512    .data               Net_Dbg_CM3_L.lib(net_ip4.o)
    0x20008704   COMPRESSED   0x00000004   Data   RW         2548    .data               Net_Dbg_CM3_L.lib(net_ip6.o)
    0x20008708   COMPRESSED   0x000000a4   Data   RW          588    .data.os            rtx_kernel.o
    0x200087ac   COMPRESSED   0x00000004   PAD
    0x200087b0        -       0x0000055e   Zero   RW          151    .bss                http_server.o
    0x20008d0e        -       0x00000038   Zero   RW          220    .bss                http_server_cgi.o
    0x20008d46   COMPRESSED   0x00000002   PAD
    0x20008d48        -       0x00000240   Zero   RW          275    .bss                pruebalcd.o
    0x20008f88        -       0x00000084   Zero   RW          339    .bss                rtc_1.o
    0x2000900c        -       0x0000000c   Zero   RW          981    .bss                phy_lan8742a.o
    0x20009018        -       0x000024cc   Zero   RW         1008    .bss                emac_stm32f4xx.o
    0x2000b4e4        -       0x0000002c   Zero   RW         1049    .bss                spi_stm32f4xx.o
    0x2000b510        -       0x00003bd8   Zero   RW         1626    .bss                net_config.o
    0x2000f0e8        -       0x000000a0   Zero   RW         1731    .bss                Net_Dbg_CM3_L.lib(net_eth.o)
    0x2000f188        -       0x00000018   Zero   RW         1791    .bss                Net_Dbg_CM3_L.lib(net_arp.o)
    0x2000f1a0        -       0x0000001c   Zero   RW         1946    .bss                Net_Dbg_CM3_L.lib(net_udp.o)
    0x2000f1bc        -       0x00000098   Zero   RW         2159    .bss                Net_Dbg_CM3_L.lib(net_http_server.o)
    0x2000f254        -       0x0000002c   Zero   RW         2271    .bss                Net_Dbg_CM3_L.lib(net_sntp_client_core.o)
    0x2000f280        -       0x0000002c   Zero   RW         2294    .bss                Net_Dbg_CM3_L.lib(net_ping_core.o)
    0x2000f2ac        -       0x00000038   Zero   RW         2329    .bss                Net_Dbg_CM3_L.lib(net_sys.o)
    0x2000f2e4        -       0x00000024   Zero   RW         2330    .bss                Net_Dbg_CM3_L.lib(net_sys.o)
    0x2000f308        -       0x0000005c   Zero   RW         2387    .bss                Net_Dbg_CM3_L.lib(net_addr.o)
    0x2000f364        -       0x00000014   Zero   RW         2602    .bss                Net_Dbg_CM3_L.lib(net_mem.o)
    0x2000f378        -       0x0000002c   Zero   RW         2716    .bss                mc_w.l(localtime.o)
    0x2000f3a4   COMPRESSED   0x00000004   PAD
    0x2000f3a8        -       0x00000400   Zero   RW         1587    STACK               startup_stm32f429xx.o


==============================================================================

Image component sizes


      Code (inc. data)   RO Data    RW Data    ZI Data      Debug   Object Name

       380         22          0          0          0       2196   adc.o
      3340        204        148          0       9420      47094   emac_stm32f4xx.o
      1644         42         24          0       1188      16880   eventrecorder.o
      1180        100         36         68       1374      18172   http_server.o
      1852        262        218         24         56       7595   http_server_cgi.o
       148          8          1          0          0        644   irq_armv7m.o
       312         28          0          4          0     798711   main.o
       356         26        905        254      15320      32029   net_config.o
       336          0          0          0          0        838   net_debug.o
       220         14          0          1          0       1948   os_systick.o
       548          8         36          0         12       6826   phy_lan8742a.o
      1160         58       2400          8        576       4369   pruebalcd.o
       416         40          0          0        132       2414   rtc_1.o
        36          6          0          0          0        675   rtx_config.o
       284         12          0          0          0      17890   rtx_delay.o
      3544        106          0          0          0      52793   rtx_evr.o
      2224        100         11        164          0      27456   rtx_kernel.o
        24          0        272      34124          0       9867   rtx_lib.o
       478          0          0          0          0       3003   rtx_memory.o
      2284         46          0          0          0      15192   rtx_mempool.o
      3280         60          0          0          0      23552   rtx_msgqueue.o
      1604         30          0          0          0       9902   rtx_mutex.o
      1658         34          0          0          0      12012   rtx_semaphore.o
       772         20          0          0          0       8349   rtx_system.o
      5812        150          0          0          0      32085   rtx_thread.o
      1336         36          0          0          0      10161   rtx_timer.o
      4116        112        128          0         44      43779   spi_stm32f4xx.o
        36          8        428          0       1024        840   startup_stm32f429xx.o
       528         46          0          9          0      11407   stm32f4xx_hal.o
      3240        100          0          0          0       8647   stm32f4xx_hal_adc.o
      2196         52          0          0          0       6554   stm32f4xx_hal_adc_ex.o
       900         20          0          0          0      36086   stm32f4xx_hal_cortex.o
      2224         28          8          0          0       7125   stm32f4xx_hal_dma.o
       996         52          0          0          0       3691   stm32f4xx_hal_gpio.o
       476         22          0          0          0       3579   stm32f4xx_hal_pwr.o
      2356         70          0          0          0       5427   stm32f4xx_hal_rcc.o
      1844         66          0          0          0       4113   stm32f4xx_hal_rcc_ex.o
      2936         26          0          0          0       8257   stm32f4xx_hal_rtc.o
      3558         22          0          0          0      12961   stm32f4xx_hal_rtc_ex.o
     11122        182          0          0          0      34980   stm32f4xx_hal_tim.o
      3716         68          0          0          0      13272   stm32f4xx_hal_tim_ex.o
       204         24         24          4          0       1705   system_stm32f4xx.o
        60          8          0          4          0        874   thcled.o
       156         22          0          9          0       1500   thpower.o
       344         26         20          4          0       2748   thsntp.o
       136          8      25300          0          0       1696   web.o

    ----------------------------------------------------------------------
     76380       2374      30016      34686      29152    1371894   Object Totals
         0          0         48          0          0          0   (incl. Generated)
         8          0          9          9          6          0   (incl. Padding)

    ----------------------------------------------------------------------

      Code (inc. data)   RO Data    RW Data    ZI Data      Debug   Library Member Name

      1458         18         22          0         92       1624   net_addr.o
      2938        152          0          0         24       1628   net_arp.o
       120          6        144          0          0         84   net_base64.o
       590         10         16          0          0       1264   net_common.o
      3816        150          0          0        160       1756   net_eth.o
      6946       1282        250         12        152       2940   net_http_server.o
       266         66         24          0          0        368   net_http_server_auth.o
         0          0        539          0          0          0   net_http_server_err.o
       640         48          0          1          0        236   net_icmp.o
       812         60          0          0          0        332   net_icmp6.o
      1028         54          8          4          0        760   net_igmp.o
      1220         92          4          8          0       1032   net_ip4.o
       706         34          0          4          0        544   net_ip4_frag.o
       876         80         32          4          0        720   net_ip6.o
       388         36         56          4          0        336   net_loopback.o
       592         64          0          0         20        564   net_mem.o
      3058        106          0          0          0       1404   net_ndp.o
       220         40         18          0         44        300   net_ping_core.o
       904         78          0          0         44        664   net_sntp_client_core.o
       834         84          0          0         92       1012   net_sys.o
      6606        292          0          4          0       2808   net_tcp.o
      1436         88          0          2         28        852   net_udp.o
         0          0          4          0          0          0   net_version.o
        86          0          0          0          0          0   __dczerorl2.o
         0          0          0          0          0          0   entry.o
         0          0          0          0          0          0   entry10a.o
         0          0          0          0          0          0   entry11a.o
         4          0          0          0          0          0   entry12b.o
         8          4          0          0          0          0   entry2.o
         4          0          0          0          0          0   entry5.o
         0          0          0          0          0          0   entry7b.o
         0          0          0          0          0          0   entry8b.o
         8          4          0          0          0          0   entry9a.o
        30          0          0          0          0          0   handlers.o
        36          8          0          0          0         68   init.o
         0          0          0          0          0          0   iusefp.o
        30          0          0          0          0         68   llshl.o
        36          0          0          0          0         68   llsshr.o
        32          0          0          0          0         68   llushr.o
       148         10         12          0         44         76   localtime.o
        26          0          0          0          0         80   memcmp.o
        36          0          0          0          0         68   memcpya.o
        36          0          0          0          0        108   memseta.o
      2236         86          0          0          0        532   printfa.o
        28          0          0          0          0         76   strcmp.o
        18          0          0          0          0         68   strcpy.o
        14          0          0          0          0         68   strlen.o
        30          0          0          0          0         80   strncmp.o
        24          0          0          0          0         76   strncpy.o
        44          0          0          0          0         80   uidiv.o
        98          0          0          0          0         92   uldiv.o
        48          0          0          0          0         68   cdrcmple.o
        56          0          0          0          0         88   d2f.o
       334          0          0          0          0        148   dadd.o
       222          0          0          0          0        100   ddiv.o
       186          0          0          0          0        176   depilogue.o
        48          0          0          0          0         68   dfixul.o
       228          0          0          0          0         96   dmul.o
        38          0          0          0          0         68   f2d.o
       124          0          0          0          0         88   fdiv.o
       110          0          0          0          0        168   fepilogue.o
        40          0          0          0          0         68   ffixui.o
        10          0          0          0          0         68   ffltui.o
       100          0          0          0          0         76   fmul.o

    ----------------------------------------------------------------------
     40068       2952       1132         46        704      24184   Library Totals
        58          0          3          3          4          0   (incl. Padding)

    ----------------------------------------------------------------------

      Code (inc. data)   RO Data    RW Data    ZI Data      Debug   Library Name

     35454       2840       1117         43        656      21228   Net_Dbg_CM3_L.lib
      3012        112         12          0         44       1676   mc_w.l
      1544          0          0          0          0       1280   mf_w.l

    ----------------------------------------------------------------------
     40068       2952       1132         46        704      24184   Library Totals

    ----------------------------------------------------------------------

==============================================================================


      Code (inc. data)   RO Data    RW Data    ZI Data      Debug   

    116448       5326      31148      34732      29856    1377122   Grand Totals
    116448       5326      31148        316      29856    1377122   ELF Image Totals (compressed)
    116448       5326      31148        316          0          0   ROM Totals

==============================================================================

    Total RO  Size (Code + RO Data)               147596 ( 144.14kB)
    Total RW  Size (RW Data + ZI Data)             64588 (  63.07kB)
    Total ROM Size (Code + RO Data + RW Data)     147912 ( 144.45kB)

==============================================================================

